MPLINK 4.22, Linker
Linker Map File - Created Wed Dec 17 23:31:55 2008

                                 Section Info
                  Section       Type    Address   Location Size(Bytes)
                ---------  ---------  ---------  ---------  ---------
               _entry_scn       code   0x000000    program   0x000006
           .code___init.o       code   0x000006    program   0x000002
              high_vector       code   0x000008    program   0x000006
                   .cinit    romdata   0x00000e    program   0x00000e
             .code_user.o       code   0x00001c    program   0x00072e
       .code_i2c_eeprom.o       code   0x00074a    program   0x000430
       .code_usbctrltrf.o       code   0x000b7a    program   0x0003a6
             .code_usb9.o       code   0x000f20    program   0x000306
              .code_hid.o       code   0x001226    program   0x000222
           .code_usbdrv.o       code   0x001448    program   0x0001aa
        .romdata_usbdsc.o    romdata   0x0015f2    program   0x0000bc
               _cinit_scn       code   0x0016ae    program   0x00009e
         .code_i2c_gets.o       code   0x00174c    program   0x000066
             .code_main.o       code   0x0017b2    program   0x000060
         .code_pw1setdc.o       code   0x001812    program   0x00005e
         .code_i2c_writ.o       code   0x001870    program   0x00003c
           .code_t0open.o       code   0x0018ac    program   0x000038
           .code_t2open.o       code   0x0018e4    program   0x000036
         .code_i2c_open.o       code   0x00191a    program   0x000036
          .code_pw1open.o       code   0x001950    program   0x000030
             _startup_scn       code   0x001980    program   0x00001c
         .code_i2c_idle.o       code   0x00199c    program   0x00000e
                    .code       code   0x0019aa    program   0x00000e
         .code_i2c_read.o       code   0x0019b8    program   0x00000a
      .romdata_i2c_open.o    romdata   0x0019c2    program   0x000000
      .romdata_i2c_idle.o    romdata   0x0019c2    program   0x000000
       .romdata_pw1open.o    romdata   0x0019c2    program   0x000000
    .romdata_i2c_eeprom.o    romdata   0x0019c2    program   0x000000
          .romdata_user.o    romdata   0x0019c2    program   0x000000
          .idata_user.o_i    romdata   0x0019c2    program   0x000002
           .romdata_hid.o    romdata   0x0019c2    program   0x000000
        .romdata_t0open.o    romdata   0x0019c2    program   0x000000
    .romdata_usbctrltrf.o    romdata   0x0019c2    program   0x000000
        .romdata___init.o    romdata   0x0019c2    program   0x000000
         .romdata_c018i.o    romdata   0x0019c2    program   0x000000
      .romdata_i2c_writ.o    romdata   0x0019c2    program   0x000000
       .romdata_usbmmap.o    romdata   0x0019c2    program   0x000000
      .romdata_pw1setdc.o    romdata   0x0019c2    program   0x000000
        .romdata_usbdrv.o    romdata   0x0019c2    program   0x000000
      .romdata_i2c_gets.o    romdata   0x0019c2    program   0x000000
          .romdata_usb9.o    romdata   0x0019c2    program   0x000000
          .romdata_main.o    romdata   0x0019c2    program   0x000000
      .romdata_i2c_read.o    romdata   0x0019c2    program   0x000000
        .romdata_t2open.o    romdata   0x0019c2    program   0x000000
      .idata_pw1setdc.o_i    romdata   0x0019c4    program   0x000000
         .idata_c018i.o_i    romdata   0x0019c4    program   0x000000
        .idata_t0open.o_i    romdata   0x0019c4    program   0x000000
      .idata_i2c_gets.o_i    romdata   0x0019c4    program   0x000000
      .idata_i2c_read.o_i    romdata   0x0019c4    program   0x000000
      .idata_i2c_writ.o_i    romdata   0x0019c4    program   0x000000
        .idata_t2open.o_i    romdata   0x0019c4    program   0x000000
       .idata_pw1open.o_i    romdata   0x0019c4    program   0x000000
        .idata___init.o_i    romdata   0x0019c4    program   0x000000
       .idata_usbmmap.o_i    romdata   0x0019c4    program   0x000000
          .code_usbmmap.o       code   0x0019c4    program   0x000000
        .idata_usbdrv.o_i    romdata   0x0019c4    program   0x000000
          .idata_usb9.o_i    romdata   0x0019c4    program   0x000000
        .idata_usbdsc.o_i    romdata   0x0019c4    program   0x000000
           .code_usbdsc.o       code   0x0019c4    program   0x000000
    .idata_usbctrltrf.o_i    romdata   0x0019c4    program   0x000000
          .idata_main.o_i    romdata   0x0019c4    program   0x000000
           .idata_hid.o_i    romdata   0x0019c4    program   0x000000
    .idata_i2c_eeprom.o_i    romdata   0x0019c4    program   0x000000
            .code_c018i.o       code   0x0019c4    program   0x000000
      .idata_i2c_idle.o_i    romdata   0x0019c4    program   0x000000
      .idata_i2c_open.o_i    romdata   0x0019c4    program   0x000000
    .config_300000_main.o    romdata   0x300000    program   0x000001
    .config_300001_main.o    romdata   0x300001    program   0x000001
    .config_300002_main.o    romdata   0x300002    program   0x000001
    .config_300003_main.o    romdata   0x300003    program   0x000001
    .config_300005_main.o    romdata   0x300005    program   0x000001
    .config_300006_main.o    romdata   0x300006    program   0x000001
    .config_300008_main.o    romdata   0x300008    program   0x000001
    .config_300009_main.o    romdata   0x300009    program   0x000001
    .config_30000a_main.o    romdata   0x30000a    program   0x000001
    .config_30000b_main.o    romdata   0x30000b    program   0x000001
    .config_30000c_main.o    romdata   0x30000c    program   0x000001
    .config_30000d_main.o    romdata   0x30000d    program   0x000001
                 .tmpdata      udata   0x000000       data   0x000004
                MATH_DATA      udata   0x000004       data   0x000002
              USB_Buffers      udata   0x000060       data   0x000080
           .udata_c018i.o      udata   0x0000e0       data   0x00000a
      .udata_usbctrltrf.o      udata   0x0000ea       data   0x000009
         .udata_usbmmap.o      udata   0x0000f3       data   0x000004
          .udata_usbdrv.o      udata   0x0000f7       data   0x000003
             .udata_hid.o      udata   0x0000fa       data   0x000003
            .udata_user.o      udata   0x0000fd       data   0x000002
        .udata_i2c_open.o      udata   0x0000ff       data   0x000000
        .idata_i2c_open.o      idata   0x0000ff       data   0x000000
         .udata_pw1open.o      udata   0x0000ff       data   0x000000
         .idata_pw1open.o      idata   0x0000ff       data   0x000000
          .udata_t0open.o      udata   0x0000ff       data   0x000000
          .idata_t0open.o      idata   0x0000ff       data   0x000000
          .udata_t2open.o      udata   0x0000ff       data   0x000000
          .idata_t2open.o      idata   0x0000ff       data   0x000000
        .udata_pw1setdc.o      udata   0x0000ff       data   0x000000
        .idata_pw1setdc.o      idata   0x0000ff       data   0x000000
        .udata_i2c_writ.o      udata   0x0000ff       data   0x000000
        .idata_i2c_writ.o      idata   0x0000ff       data   0x000000
          .udata___init.o      udata   0x0000ff       data   0x000000
          .idata___init.o      idata   0x0000ff       data   0x000000
        .udata_i2c_gets.o      udata   0x0000ff       data   0x000000
        .idata_i2c_gets.o      idata   0x0000ff       data   0x000000
        .udata_i2c_read.o      udata   0x0000ff       data   0x000000
        .idata_i2c_read.o      idata   0x0000ff       data   0x000000
           .idata_c018i.o      idata   0x0000ff       data   0x000000
            .udata_main.o      udata   0x0000ff       data   0x000000
            .idata_main.o      idata   0x0000ff       data   0x000000
         .idata_usbmmap.o      idata   0x0000ff       data   0x000000
          .idata_usbdrv.o      idata   0x0000ff       data   0x000000
            .udata_usb9.o      udata   0x0000ff       data   0x000000
            .idata_usb9.o      idata   0x0000ff       data   0x000000
          .udata_usbdsc.o      udata   0x0000ff       data   0x000000
          .idata_usbdsc.o      idata   0x0000ff       data   0x000000
      .idata_usbctrltrf.o      idata   0x0000ff       data   0x000000
             .idata_hid.o      idata   0x0000ff       data   0x000000
      .udata_i2c_eeprom.o      udata   0x0000ff       data   0x000000
      .idata_i2c_eeprom.o      idata   0x0000ff       data   0x000000
        .udata_i2c_idle.o      udata   0x0000ff       data   0x000000
        .idata_i2c_idle.o      idata   0x0000ff       data   0x000000
            .idata_user.o      idata   0x000100       data   0x000002
                   .stack      udata   0x000300       data   0x000100
                  usbram4      udata   0x000400       data   0x0000a0
            SFR_UNBANKED0      udata   0x000f66       data   0x00009a



                              Program Memory Usage 
                               Start         End      
                           ---------   ---------      
                            0x000000    0x0019c3      
                            0x300000    0x300003      
                            0x300005    0x300006      
                            0x300008    0x30000d      
            6608 out of 33048 program addresses used, program memory utilization is 19%



                              Symbols - Sorted by Name
                     Name    Address   Location    Storage File                     
                ---------  ---------  ---------  --------- ---------                
           BlinkUSBStatus   0x000190    program     extern D:\svnroot\trunk\altimeter\firmware\AltimeterHID\user\user.c
          ClassReqHandler   0x0016ac    program     extern D:\svnroot\trunk\altimeter\firmware\AltimeterHID\autofiles\usbdsc.c
               ClearArray   0x0015c8    program     extern D:\svnroot\trunk\altimeter\firmware\AltimeterHID\system\usb\usbdrv\usbdrv.c
            ControlBuzzer   0x00026c    program     extern D:\svnroot\trunk\altimeter\firmware\AltimeterHID\user\user.c
           EEByteWriteBig   0x000a66    program     extern D:\svnroot\trunk\altimeter\firmware\AltimeterHID\user\i2c_eeprom.c
           EEPageWriteBig   0x00087a    program     extern D:\svnroot\trunk\altimeter\firmware\AltimeterHID\user\i2c_eeprom.c
          EERandomReadBig   0x00074a    program     extern D:\svnroot\trunk\altimeter\firmware\AltimeterHID\user\i2c_eeprom.c
      EESequentialReadBig   0x000952    program     extern D:\svnroot\trunk\altimeter\firmware\AltimeterHID\user\i2c_eeprom.c
      HIDGetReportHandler   0x001326    program     extern D:\svnroot\trunk\altimeter\firmware\AltimeterHID\system\usb\class\hid\hid.c
                HIDInitEP   0x00132a    program     extern D:\svnroot\trunk\altimeter\firmware\AltimeterHID\system\usb\class\hid\hid.c
              HIDRxReport   0x0013c8    program     extern D:\svnroot\trunk\altimeter\firmware\AltimeterHID\system\usb\class\hid\hid.c
      HIDSetReportHandler   0x001328    program     extern D:\svnroot\trunk\altimeter\firmware\AltimeterHID\system\usb\class\hid\hid.c
              HIDTxReport   0x001354    program     extern D:\svnroot\trunk\altimeter\firmware\AltimeterHID\system\usb\class\hid\hid.c
                  IdleI2C   0x00199c    program     extern C:\MCC18\src\pmc_common\i2c\i2c_idle.c
         InitializeSystem   0x0017e4    program     static D:\svnroot\trunk\altimeter\firmware\AltimeterHID\main.c
          Int_EE_ReadByte   0x00072c    program     extern D:\svnroot\trunk\altimeter\firmware\AltimeterHID\user\user.c
         Int_EE_WriteByte   0x0006fc    program     extern D:\svnroot\trunk\altimeter\firmware\AltimeterHID\user\user.c
                  OpenI2C   0x00191a    program     extern C:\MCC18\src\pmc_common\i2c\i2c_open.c
                 OpenPWM1   0x001950    program     extern C:\MCC18\src\pmc_common\PWM\pw1open.c
         OpenPWM1ConfigIO   0x00197c    program     extern C:\MCC18\src\pmc_common\PWM\pw1open.c
               OpenTimer0   0x0018ac    program     extern C:\MCC18\src\pmc_common\Timers\t0open.c
               OpenTimer2   0x0018e4    program     extern C:\MCC18\src\pmc_common\Timers\t2open.c
                ProcessIO   0x000072    program     extern D:\svnroot\trunk\altimeter\firmware\AltimeterHID\user\user.c
                   ReadEE   0x0004ce    program     extern D:\svnroot\trunk\altimeter\firmware\AltimeterHID\user\user.c
                  ReadI2C   0x0019b8    program     extern C:\MCC18\src\pmc_common\i2c\i2c_read.c
       ReadInternalEEPROM   0x0002c2    program     extern D:\svnroot\trunk\altimeter\firmware\AltimeterHID\user\user.c
         SendFWVersionUSB   0x0004c0    program     extern D:\svnroot\trunk\altimeter\firmware\AltimeterHID\user\user.c
                SetDCPWM1   0x001812    program     extern C:\MCC18\src\pmc_common\PWM\pw1setdc.c
         Switch1IsPressed   0x000220    program     extern D:\svnroot\trunk\altimeter\firmware\AltimeterHID\user\user.c
         Switch2IsPressed   0x000246    program     extern D:\svnroot\trunk\altimeter\firmware\AltimeterHID\user\user.c
        USBCheckBusStatus   0x001448    program     extern D:\svnroot\trunk\altimeter\firmware\AltimeterHID\system\usb\usbdrv\usbdrv.c
       USBCheckHIDRequest   0x001226    program     extern D:\svnroot\trunk\altimeter\firmware\AltimeterHID\system\usb\class\hid\hid.c
       USBCheckStdRequest   0x000f20    program     extern D:\svnroot\trunk\altimeter\firmware\AltimeterHID\system\usb\usb9\usb9.c
         USBCtrlEPService   0x000b7a    program     extern D:\svnroot\trunk\altimeter\firmware\AltimeterHID\system\usb\usbctrltrf\usbctrltrf.c
 USBCtrlEPServiceComplete   0x000df2    program     extern D:\svnroot\trunk\altimeter\firmware\AltimeterHID\system\usb\usbctrltrf\usbctrltrf.c
      USBCtrlTrfInHandler   0x000c40    program     extern D:\svnroot\trunk\altimeter\firmware\AltimeterHID\system\usb\usbctrltrf\usbctrltrf.c
     USBCtrlTrfOutHandler   0x000c20    program     extern D:\svnroot\trunk\altimeter\firmware\AltimeterHID\system\usb\usbctrltrf\usbctrltrf.c
      USBCtrlTrfRxService   0x000d78    program     extern D:\svnroot\trunk\altimeter\firmware\AltimeterHID\system\usb\usbctrltrf\usbctrltrf.c
   USBCtrlTrfSetupHandler   0x000bac    program     extern D:\svnroot\trunk\altimeter\firmware\AltimeterHID\system\usb\usbctrltrf\usbctrltrf.c
      USBCtrlTrfTxService   0x000c8a    program     extern D:\svnroot\trunk\altimeter\firmware\AltimeterHID\system\usb\usbctrltrf\usbctrltrf.c
         USBDriverService   0x001482    program     extern D:\svnroot\trunk\altimeter\firmware\AltimeterHID\system\usb\usbdrv\usbdrv.c
          USBErrorHandler   0x00157c    program     extern D:\svnroot\trunk\altimeter\firmware\AltimeterHID\system\usb\usbdrv\usbdrv.c
         USBHIDTxBlocking   0x0002a2    program     extern D:\svnroot\trunk\altimeter\firmware\AltimeterHID\user\user.c
         USBModuleDisable   0x001474    program     extern D:\svnroot\trunk\altimeter\firmware\AltimeterHID\system\usb\usbdrv\usbdrv.c
          USBModuleEnable   0x001466    program     extern D:\svnroot\trunk\altimeter\firmware\AltimeterHID\system\usb\usbdrv\usbdrv.c
USBPrepareForNextSetupTrf   0x000e7e    program     extern D:\svnroot\trunk\altimeter\firmware\AltimeterHID\system\usb\usbctrltrf\usbctrltrf.c
  USBProtocolResetHandler   0x001580    program     extern D:\svnroot\trunk\altimeter\firmware\AltimeterHID\system\usb\usbdrv\usbdrv.c
          USBRemoteWakeup   0x001534    program     extern D:\svnroot\trunk\altimeter\firmware\AltimeterHID\system\usb\usbdrv\usbdrv.c
            USBSoftDetach   0x00147e    program     extern D:\svnroot\trunk\altimeter\firmware\AltimeterHID\system\usb\usbdrv\usbdrv.c
          USBStallHandler   0x00155c    program     extern D:\svnroot\trunk\altimeter\firmware\AltimeterHID\system\usb\usbdrv\usbdrv.c
  USBStdFeatureReqHandler   0x001182    program     extern D:\svnroot\trunk\altimeter\firmware\AltimeterHID\system\usb\usb9\usb9.c
      USBStdGetDscHandler   0x000fe2    program     extern D:\svnroot\trunk\altimeter\firmware\AltimeterHID\system\usb\usb9\usb9.c
   USBStdGetStatusHandler   0x0010ea    program     extern D:\svnroot\trunk\altimeter\firmware\AltimeterHID\system\usb\usb9\usb9.c
      USBStdSetCfgHandler   0x00109a    program     extern D:\svnroot\trunk\altimeter\firmware\AltimeterHID\system\usb\usb9\usb9.c
               USBSuspend   0x001516    program     extern D:\svnroot\trunk\altimeter\firmware\AltimeterHID\system\usb\usbdrv\usbdrv.c
                 USBTasks   0x00180a    program     extern D:\svnroot\trunk\altimeter\firmware\AltimeterHID\main.c
       USBWakeFromSuspend   0x001526    program     extern D:\svnroot\trunk\altimeter\firmware\AltimeterHID\system\usb\usbdrv\usbdrv.c
               USB_CD_Ptr   0x0016a2    program     extern D:\svnroot\trunk\altimeter\firmware\AltimeterHID\autofiles\usbdsc.c
               USB_SD_Ptr   0x0016a6    program     extern D:\svnroot\trunk\altimeter\firmware\AltimeterHID\autofiles\usbdsc.c
          USB_SOF_Handler   0x001558    program     extern D:\svnroot\trunk\altimeter\firmware\AltimeterHID\system\usb\usbdrv\usbdrv.c
                 UserInit   0x00001c    program     extern D:\svnroot\trunk\altimeter\firmware\AltimeterHID\user\user.c
                  WriteEE   0x0005e6    program     extern D:\svnroot\trunk\altimeter\firmware\AltimeterHID\user\user.c
                 WriteI2C   0x001870    program     extern C:\MCC18\src\pmc_common\i2c\i2c_writ.c
      WriteInternalEEPROM   0x0003be    program     extern D:\svnroot\trunk\altimeter\firmware\AltimeterHID\user\user.c
     ___case_118_lbl00009   0x000100    program     static                          
     ___case_170_lbl00011   0x00010c    program     static                          
     ___case_171_lbl00012   0x000116    program     static                          
     ___case_172_lbl00013   0x000122    program     static                          
     ___case_173_lbl00010   0x000106    program     static                          
     ___case_174_lbl00014   0x000128    program     static                          
     ___case_175_lbl00015   0x00013a    program     static                          
     ___case_176_lbl00016   0x00014c    program     static                          
     ___case_177_lbl00017   0x00015e    program     static                          
      ___case_90_lbl00008   0x0000fc    program     static                          
      ___default_lbl00018   0x000170    program     static                          
           ___do_lbl00005   0x000176    program     static                          
           ___do_lbl00006   0x00017c    program     static                          
           ___do_lbl00019   0x0000bc    program     static                          
           ___if_lbl00003   0x000096    program     static                          
           ___if_lbl00004   0x0000b6    program     static                          
           ___if_lbl00020   0x00017c    program     static                          
           ___if_lbl00034   0x001524    program     static                          
       ___return_lbl00000   0x00000c    program     static                          
       ___return_lbl00000   0x000004    program     static                          
       ___return_lbl00001   0x00017c    program     static                          
       ___return_lbl00001   0x00199a    program     static                          
       ___return_lbl00002   0x00174a    program     static                          
       ___return_lbl00033   0x001524    program     static                          
       ___return_lbl00049   0x0015c6    program     static                          
       ___return_lbl00052   0x0015ea    program     static                          
   ___switchexit_lbl00007   0x000176    program     static                          
        ___while_lbl00050   0x00159e    program     static                          
        ___while_lbl00051   0x0015b2    program     static                          
        ___while_lbl00053   0x0015dc    program     static                          
        ___while_lbl00054   0x0015ea    program     static                          
               __config_0   0x300000    program     static D:\svnroot\trunk\altimeter\firmware\AltimeterHID\main.c
               __config_1   0x300001    program     static D:\svnroot\trunk\altimeter\firmware\AltimeterHID\main.c
              __config_10   0x30000c    program     static D:\svnroot\trunk\altimeter\firmware\AltimeterHID\main.c
              __config_11   0x30000d    program     static D:\svnroot\trunk\altimeter\firmware\AltimeterHID\main.c
               __config_2   0x300002    program     static D:\svnroot\trunk\altimeter\firmware\AltimeterHID\main.c
               __config_3   0x300003    program     static D:\svnroot\trunk\altimeter\firmware\AltimeterHID\main.c
               __config_4   0x300005    program     static D:\svnroot\trunk\altimeter\firmware\AltimeterHID\main.c
               __config_5   0x300006    program     static D:\svnroot\trunk\altimeter\firmware\AltimeterHID\main.c
               __config_6   0x300008    program     static D:\svnroot\trunk\altimeter\firmware\AltimeterHID\main.c
               __config_7   0x300009    program     static D:\svnroot\trunk\altimeter\firmware\AltimeterHID\main.c
               __config_8   0x30000a    program     static D:\svnroot\trunk\altimeter\firmware\AltimeterHID\main.c
               __config_9   0x30000b    program     static D:\svnroot\trunk\altimeter\firmware\AltimeterHID\main.c
                   __init   0x000006    program     extern C:\MCC18\src\traditional\stdclib\__init.c
               __tmplbl_0   0x000094    program     static                          
               __tmplbl_1   0x00008e    program     static                          
            __zero_memory   0x0019aa    program     extern C:\MCC18\src\traditional\proc\p18f2550.asm
                _do_cinit   0x0016ae    program     extern C:\MCC18\src\traditional\startup\c018i.c
                   _entry   0x000000    program     extern C:\MCC18\src\traditional\startup\c018i.c
                 _startup   0x001980    program     extern C:\MCC18\src\traditional\startup\c018i.c
                    cfg01   0x001604    program     extern D:\svnroot\trunk\altimeter\firmware\AltimeterHID\autofiles\usbdsc.c
               clear_loop   0x0019b0    program     static C:\MCC18\src\traditional\proc\p18f2550.asm
                copy_loop   0x001720    program     static                          
            copy_one_byte   0x001726    program     static                          
               device_dsc   0x0015f2    program     extern D:\svnroot\trunk\altimeter\firmware\AltimeterHID\autofiles\usbdsc.c
                     done   0x00174a    program     static                          
             done_copying   0x001734    program     static                          
                  getsI2C   0x00174c    program     extern C:\MCC18\src\pmc_common\i2c\i2c_gets.c
                hid_rpt01   0x001685    program     extern D:\svnroot\trunk\altimeter\firmware\AltimeterHID\autofiles\usbdsc.c
           high_interrupt   0x000008    program     extern D:\svnroot\trunk\altimeter\firmware\AltimeterHID\main.c
                     loop   0x001990    program     static                          
                     main   0x0017ce    program     extern D:\svnroot\trunk\altimeter\firmware\AltimeterHID\main.c
            putsI2C_count   0x000b0c    program     extern D:\svnroot\trunk\altimeter\firmware\AltimeterHID\user\i2c_eeprom.c
                    sd000   0x00162d    program     extern D:\svnroot\trunk\altimeter\firmware\AltimeterHID\autofiles\usbdsc.c
                    sd001   0x001631    program     extern D:\svnroot\trunk\altimeter\firmware\AltimeterHID\autofiles\usbdsc.c
                    sd002   0x00165d    program     extern D:\svnroot\trunk\altimeter\firmware\AltimeterHID\autofiles\usbdsc.c
                     test   0x0016c8    program     static                          
                timer_isr   0x0017b2    program     extern D:\svnroot\trunk\altimeter\firmware\AltimeterHID\main.c
                   ADCON0   0x000fc2       data     extern C:\MCC18\src\traditional\proc\p18f2550.asm
               ADCON0bits   0x000fc2       data     extern C:\MCC18\src\traditional\proc\p18f2550.asm
                   ADCON1   0x000fc1       data     extern C:\MCC18\src\traditional\proc\p18f2550.asm
               ADCON1bits   0x000fc1       data     extern C:\MCC18\src\traditional\proc\p18f2550.asm
                   ADCON2   0x000fc0       data     extern C:\MCC18\src\traditional\proc\p18f2550.asm
               ADCON2bits   0x000fc0       data     extern C:\MCC18\src\traditional\proc\p18f2550.asm
                    ADRES   0x000fc3       data     extern C:\MCC18\src\traditional\proc\p18f2550.asm
                   ADRESH   0x000fc4       data     extern C:\MCC18\src\traditional\proc\p18f2550.asm
                   ADRESL   0x000fc3       data     extern C:\MCC18\src\traditional\proc\p18f2550.asm
                  BAUDCON   0x000fb8       data     extern C:\MCC18\src\traditional\proc\p18f2550.asm
              BAUDCONbits   0x000fb8       data     extern C:\MCC18\src\traditional\proc\p18f2550.asm
                      BSR   0x000fe0       data     extern C:\MCC18\src\traditional\proc\p18f2550.asm
                   CCP1AS   0x000fb6       data     extern C:\MCC18\src\traditional\proc\p18f2550.asm
               CCP1ASbits   0x000fb6       data     extern C:\MCC18\src\traditional\proc\p18f2550.asm
                  CCP1CON   0x000fbd       data     extern C:\MCC18\src\traditional\proc\p18f2550.asm
              CCP1CONbits   0x000fbd       data     extern C:\MCC18\src\traditional\proc\p18f2550.asm
                  CCP1DEL   0x000fb7       data     extern C:\MCC18\src\traditional\proc\p18f2550.asm
              CCP1DELbits   0x000fb7       data     extern C:\MCC18\src\traditional\proc\p18f2550.asm
                  CCP2CON   0x000fba       data     extern C:\MCC18\src\traditional\proc\p18f2550.asm
              CCP2CONbits   0x000fba       data     extern C:\MCC18\src\traditional\proc\p18f2550.asm
                    CCPR1   0x000fbe       data     extern C:\MCC18\src\traditional\proc\p18f2550.asm
                   CCPR1H   0x000fbf       data     extern C:\MCC18\src\traditional\proc\p18f2550.asm
                   CCPR1L   0x000fbe       data     extern C:\MCC18\src\traditional\proc\p18f2550.asm
                    CCPR2   0x000fbb       data     extern C:\MCC18\src\traditional\proc\p18f2550.asm
                   CCPR2H   0x000fbc       data     extern C:\MCC18\src\traditional\proc\p18f2550.asm
                   CCPR2L   0x000fbb       data     extern C:\MCC18\src\traditional\proc\p18f2550.asm
                    CMCON   0x000fb4       data     extern C:\MCC18\src\traditional\proc\p18f2550.asm
                CMCONbits   0x000fb4       data     extern C:\MCC18\src\traditional\proc\p18f2550.asm
                   CVRCON   0x000fb5       data     extern C:\MCC18\src\traditional\proc\p18f2550.asm
               CVRCONbits   0x000fb5       data     extern C:\MCC18\src\traditional\proc\p18f2550.asm
              CtrlTrfData   0x000418       data     extern D:\svnroot\trunk\altimeter\firmware\AltimeterHID\system\usb\usbmmap.c
                     DDRA   0x000f92       data     extern C:\MCC18\src\traditional\proc\p18f2550.asm
                 DDRAbits   0x000f92       data     extern C:\MCC18\src\traditional\proc\p18f2550.asm
                     DDRB   0x000f93       data     extern C:\MCC18\src\traditional\proc\p18f2550.asm
                 DDRBbits   0x000f93       data     extern C:\MCC18\src\traditional\proc\p18f2550.asm
                     DDRC   0x000f94       data     extern C:\MCC18\src\traditional\proc\p18f2550.asm
                 DDRCbits   0x000f94       data     extern C:\MCC18\src\traditional\proc\p18f2550.asm
                  ECCP1AS   0x000fb6       data     extern C:\MCC18\src\traditional\proc\p18f2550.asm
              ECCP1ASbits   0x000fb6       data     extern C:\MCC18\src\traditional\proc\p18f2550.asm
                 ECCP1DEL   0x000fb7       data     extern C:\MCC18\src\traditional\proc\p18f2550.asm
             ECCP1DELbits   0x000fb7       data     extern C:\MCC18\src\traditional\proc\p18f2550.asm
                    EEADR   0x000fa9       data     extern C:\MCC18\src\traditional\proc\p18f2550.asm
                   EECON1   0x000fa6       data     extern C:\MCC18\src\traditional\proc\p18f2550.asm
               EECON1bits   0x000fa6       data     extern C:\MCC18\src\traditional\proc\p18f2550.asm
                   EECON2   0x000fa7       data     extern C:\MCC18\src\traditional\proc\p18f2550.asm
                   EEDATA   0x000fa8       data     extern C:\MCC18\src\traditional\proc\p18f2550.asm
                     FSR0   0x000fe9       data     extern C:\MCC18\src\traditional\proc\p18f2550.asm
                    FSR0H   0x000fea       data     extern C:\MCC18\src\traditional\proc\p18f2550.asm
                    FSR0L   0x000fe9       data     extern C:\MCC18\src\traditional\proc\p18f2550.asm
                     FSR1   0x000fe1       data     extern C:\MCC18\src\traditional\proc\p18f2550.asm
                    FSR1H   0x000fe2       data     extern C:\MCC18\src\traditional\proc\p18f2550.asm
                    FSR1L   0x000fe1       data     extern C:\MCC18\src\traditional\proc\p18f2550.asm
                     FSR2   0x000fd9       data     extern C:\MCC18\src\traditional\proc\p18f2550.asm
                    FSR2H   0x000fda       data     extern C:\MCC18\src\traditional\proc\p18f2550.asm
                    FSR2L   0x000fd9       data     extern C:\MCC18\src\traditional\proc\p18f2550.asm
                  HLVDCON   0x000fd2       data     extern C:\MCC18\src\traditional\proc\p18f2550.asm
              HLVDCONbits   0x000fd2       data     extern C:\MCC18\src\traditional\proc\p18f2550.asm
                    INDF0   0x000fef       data     extern C:\MCC18\src\traditional\proc\p18f2550.asm
                    INDF1   0x000fe7       data     extern C:\MCC18\src\traditional\proc\p18f2550.asm
                    INDF2   0x000fdf       data     extern C:\MCC18\src\traditional\proc\p18f2550.asm
                   INTCON   0x000ff2       data     extern C:\MCC18\src\traditional\proc\p18f2550.asm
                  INTCON2   0x000ff1       data     extern C:\MCC18\src\traditional\proc\p18f2550.asm
              INTCON2bits   0x000ff1       data     extern C:\MCC18\src\traditional\proc\p18f2550.asm
                  INTCON3   0x000ff0       data     extern C:\MCC18\src\traditional\proc\p18f2550.asm
              INTCON3bits   0x000ff0       data     extern C:\MCC18\src\traditional\proc\p18f2550.asm
               INTCONbits   0x000ff2       data     extern C:\MCC18\src\traditional\proc\p18f2550.asm
                     IPR1   0x000f9f       data     extern C:\MCC18\src\traditional\proc\p18f2550.asm
                 IPR1bits   0x000f9f       data     extern C:\MCC18\src\traditional\proc\p18f2550.asm
                     IPR2   0x000fa2       data     extern C:\MCC18\src\traditional\proc\p18f2550.asm
                 IPR2bits   0x000fa2       data     extern C:\MCC18\src\traditional\proc\p18f2550.asm
                     LATA   0x000f89       data     extern C:\MCC18\src\traditional\proc\p18f2550.asm
                 LATAbits   0x000f89       data     extern C:\MCC18\src\traditional\proc\p18f2550.asm
                     LATB   0x000f8a       data     extern C:\MCC18\src\traditional\proc\p18f2550.asm
                 LATBbits   0x000f8a       data     extern C:\MCC18\src\traditional\proc\p18f2550.asm
                     LATC   0x000f8b       data     extern C:\MCC18\src\traditional\proc\p18f2550.asm
                 LATCbits   0x000f8b       data     extern C:\MCC18\src\traditional\proc\p18f2550.asm
                   LVDCON   0x000fd2       data     extern C:\MCC18\src\traditional\proc\p18f2550.asm
               LVDCONbits   0x000fd2       data     extern C:\MCC18\src\traditional\proc\p18f2550.asm
                   OSCCON   0x000fd3       data     extern C:\MCC18\src\traditional\proc\p18f2550.asm
               OSCCONbits   0x000fd3       data     extern C:\MCC18\src\traditional\proc\p18f2550.asm
                  OSCTUNE   0x000f9b       data     extern C:\MCC18\src\traditional\proc\p18f2550.asm
              OSCTUNEbits   0x000f9b       data     extern C:\MCC18\src\traditional\proc\p18f2550.asm
                       PC   0x000ff9       data     extern C:\MCC18\src\traditional\proc\p18f2550.asm
                      PCL   0x000ff9       data     extern C:\MCC18\src\traditional\proc\p18f2550.asm
                   PCLATH   0x000ffa       data     extern C:\MCC18\src\traditional\proc\p18f2550.asm
                   PCLATU   0x000ffb       data     extern C:\MCC18\src\traditional\proc\p18f2550.asm
                     PIE1   0x000f9d       data     extern C:\MCC18\src\traditional\proc\p18f2550.asm
                 PIE1bits   0x000f9d       data     extern C:\MCC18\src\traditional\proc\p18f2550.asm
                     PIE2   0x000fa0       data     extern C:\MCC18\src\traditional\proc\p18f2550.asm
                 PIE2bits   0x000fa0       data     extern C:\MCC18\src\traditional\proc\p18f2550.asm
                     PIR1   0x000f9e       data     extern C:\MCC18\src\traditional\proc\p18f2550.asm
                 PIR1bits   0x000f9e       data     extern C:\MCC18\src\traditional\proc\p18f2550.asm
                     PIR2   0x000fa1       data     extern C:\MCC18\src\traditional\proc\p18f2550.asm
                 PIR2bits   0x000fa1       data     extern C:\MCC18\src\traditional\proc\p18f2550.asm
                   PLUSW0   0x000feb       data     extern C:\MCC18\src\traditional\proc\p18f2550.asm
                   PLUSW1   0x000fe3       data     extern C:\MCC18\src\traditional\proc\p18f2550.asm
                   PLUSW2   0x000fdb       data     extern C:\MCC18\src\traditional\proc\p18f2550.asm
                    PORTA   0x000f80       data     extern C:\MCC18\src\traditional\proc\p18f2550.asm
                PORTAbits   0x000f80       data     extern C:\MCC18\src\traditional\proc\p18f2550.asm
                    PORTB   0x000f81       data     extern C:\MCC18\src\traditional\proc\p18f2550.asm
                PORTBbits   0x000f81       data     extern C:\MCC18\src\traditional\proc\p18f2550.asm
                    PORTC   0x000f82       data     extern C:\MCC18\src\traditional\proc\p18f2550.asm
                PORTCbits   0x000f82       data     extern C:\MCC18\src\traditional\proc\p18f2550.asm
                    PORTE   0x000f84       data     extern C:\MCC18\src\traditional\proc\p18f2550.asm
                PORTEbits   0x000f84       data     extern C:\MCC18\src\traditional\proc\p18f2550.asm
                 POSTDEC0   0x000fed       data     extern C:\MCC18\src\traditional\proc\p18f2550.asm
                 POSTDEC1   0x000fe5       data     extern C:\MCC18\src\traditional\proc\p18f2550.asm
                 POSTDEC2   0x000fdd       data     extern C:\MCC18\src\traditional\proc\p18f2550.asm
                 POSTINC0   0x000fee       data     extern C:\MCC18\src\traditional\proc\p18f2550.asm
                 POSTINC1   0x000fe6       data     extern C:\MCC18\src\traditional\proc\p18f2550.asm
                 POSTINC2   0x000fde       data     extern C:\MCC18\src\traditional\proc\p18f2550.asm
                      PR2   0x000fcb       data     extern C:\MCC18\src\traditional\proc\p18f2550.asm
                  PREINC0   0x000fec       data     extern C:\MCC18\src\traditional\proc\p18f2550.asm
                  PREINC1   0x000fe4       data     extern C:\MCC18\src\traditional\proc\p18f2550.asm
                  PREINC2   0x000fdc       data     extern C:\MCC18\src\traditional\proc\p18f2550.asm
                     PROD   0x000ff3       data     extern C:\MCC18\src\traditional\proc\p18f2550.asm
                    PRODH   0x000ff4       data     extern C:\MCC18\src\traditional\proc\p18f2550.asm
                    PRODL   0x000ff3       data     extern C:\MCC18\src\traditional\proc\p18f2550.asm
                     RCON   0x000fd0       data     extern C:\MCC18\src\traditional\proc\p18f2550.asm
                 RCONbits   0x000fd0       data     extern C:\MCC18\src\traditional\proc\p18f2550.asm
                    RCREG   0x000fae       data     extern C:\MCC18\src\traditional\proc\p18f2550.asm
                    RCSTA   0x000fab       data     extern C:\MCC18\src\traditional\proc\p18f2550.asm
                RCSTAbits   0x000fab       data     extern C:\MCC18\src\traditional\proc\p18f2550.asm
                     SIGN   0x000004       data     extern C:\MCC18\src\traditional\math\cmath18.asm
                    SPBRG   0x000faf       data     extern C:\MCC18\src\traditional\proc\p18f2550.asm
                   SPBRGH   0x000fb0       data     extern C:\MCC18\src\traditional\proc\p18f2550.asm
                   SSPADD   0x000fc8       data     extern C:\MCC18\src\traditional\proc\p18f2550.asm
                   SSPBUF   0x000fc9       data     extern C:\MCC18\src\traditional\proc\p18f2550.asm
                  SSPCON1   0x000fc6       data     extern C:\MCC18\src\traditional\proc\p18f2550.asm
              SSPCON1bits   0x000fc6       data     extern C:\MCC18\src\traditional\proc\p18f2550.asm
                  SSPCON2   0x000fc5       data     extern C:\MCC18\src\traditional\proc\p18f2550.asm
              SSPCON2bits   0x000fc5       data     extern C:\MCC18\src\traditional\proc\p18f2550.asm
                  SSPSTAT   0x000fc7       data     extern C:\MCC18\src\traditional\proc\p18f2550.asm
              SSPSTATbits   0x000fc7       data     extern C:\MCC18\src\traditional\proc\p18f2550.asm
                   STATUS   0x000fd8       data     extern C:\MCC18\src\traditional\proc\p18f2550.asm
               STATUSbits   0x000fd8       data     extern C:\MCC18\src\traditional\proc\p18f2550.asm
                   STKPTR   0x000ffc       data     extern C:\MCC18\src\traditional\proc\p18f2550.asm
               STKPTRbits   0x000ffc       data     extern C:\MCC18\src\traditional\proc\p18f2550.asm
                 SetupPkt   0x000410       data     extern D:\svnroot\trunk\altimeter\firmware\AltimeterHID\system\usb\usbmmap.c
                    T0CON   0x000fd5       data     extern C:\MCC18\src\traditional\proc\p18f2550.asm
                T0CONbits   0x000fd5       data     extern C:\MCC18\src\traditional\proc\p18f2550.asm
                    T1CON   0x000fcd       data     extern C:\MCC18\src\traditional\proc\p18f2550.asm
                T1CONbits   0x000fcd       data     extern C:\MCC18\src\traditional\proc\p18f2550.asm
                    T2CON   0x000fca       data     extern C:\MCC18\src\traditional\proc\p18f2550.asm
                T2CONbits   0x000fca       data     extern C:\MCC18\src\traditional\proc\p18f2550.asm
                    T3CON   0x000fb1       data     extern C:\MCC18\src\traditional\proc\p18f2550.asm
                T3CONbits   0x000fb1       data     extern C:\MCC18\src\traditional\proc\p18f2550.asm
                   TABLAT   0x000ff5       data     extern C:\MCC18\src\traditional\proc\p18f2550.asm
                   TBLPTR   0x000ff6       data     extern C:\MCC18\src\traditional\proc\p18f2550.asm
                  TBLPTRH   0x000ff7       data     extern C:\MCC18\src\traditional\proc\p18f2550.asm
                  TBLPTRL   0x000ff6       data     extern C:\MCC18\src\traditional\proc\p18f2550.asm
                  TBLPTRU   0x000ff8       data     extern C:\MCC18\src\traditional\proc\p18f2550.asm
                    TMR0H   0x000fd7       data     extern C:\MCC18\src\traditional\proc\p18f2550.asm
                    TMR0L   0x000fd6       data     extern C:\MCC18\src\traditional\proc\p18f2550.asm
                    TMR1H   0x000fcf       data     extern C:\MCC18\src\traditional\proc\p18f2550.asm
                    TMR1L   0x000fce       data     extern C:\MCC18\src\traditional\proc\p18f2550.asm
                     TMR2   0x000fcc       data     extern C:\MCC18\src\traditional\proc\p18f2550.asm
                    TMR3H   0x000fb3       data     extern C:\MCC18\src\traditional\proc\p18f2550.asm
                    TMR3L   0x000fb2       data     extern C:\MCC18\src\traditional\proc\p18f2550.asm
                      TOS   0x000ffd       data     extern C:\MCC18\src\traditional\proc\p18f2550.asm
                     TOSH   0x000ffe       data     extern C:\MCC18\src\traditional\proc\p18f2550.asm
                     TOSL   0x000ffd       data     extern C:\MCC18\src\traditional\proc\p18f2550.asm
                     TOSU   0x000fff       data     extern C:\MCC18\src\traditional\proc\p18f2550.asm
                    TRISA   0x000f92       data     extern C:\MCC18\src\traditional\proc\p18f2550.asm
                TRISAbits   0x000f92       data     extern C:\MCC18\src\traditional\proc\p18f2550.asm
                    TRISB   0x000f93       data     extern C:\MCC18\src\traditional\proc\p18f2550.asm
                TRISBbits   0x000f93       data     extern C:\MCC18\src\traditional\proc\p18f2550.asm
                    TRISC   0x000f94       data     extern C:\MCC18\src\traditional\proc\p18f2550.asm
                TRISCbits   0x000f94       data     extern C:\MCC18\src\traditional\proc\p18f2550.asm
                    TXREG   0x000fad       data     extern C:\MCC18\src\traditional\proc\p18f2550.asm
                    TXSTA   0x000fac       data     extern C:\MCC18\src\traditional\proc\p18f2550.asm
                TXSTAbits   0x000fac       data     extern C:\MCC18\src\traditional\proc\p18f2550.asm
                    UADDR   0x000f6e       data     extern C:\MCC18\src\traditional\proc\p18f2550.asm
                UADDRbits   0x000f6e       data     extern C:\MCC18\src\traditional\proc\p18f2550.asm
                     UCFG   0x000f6f       data     extern C:\MCC18\src\traditional\proc\p18f2550.asm
                 UCFGbits   0x000f6f       data     extern C:\MCC18\src\traditional\proc\p18f2550.asm
                     UCON   0x000f6d       data     extern C:\MCC18\src\traditional\proc\p18f2550.asm
                 UCONbits   0x000f6d       data     extern C:\MCC18\src\traditional\proc\p18f2550.asm
                     UEIE   0x000f6b       data     extern C:\MCC18\src\traditional\proc\p18f2550.asm
                 UEIEbits   0x000f6b       data     extern C:\MCC18\src\traditional\proc\p18f2550.asm
                     UEIR   0x000f6a       data     extern C:\MCC18\src\traditional\proc\p18f2550.asm
                 UEIRbits   0x000f6a       data     extern C:\MCC18\src\traditional\proc\p18f2550.asm
                     UEP0   0x000f70       data     extern C:\MCC18\src\traditional\proc\p18f2550.asm
                 UEP0bits   0x000f70       data     extern C:\MCC18\src\traditional\proc\p18f2550.asm
                     UEP1   0x000f71       data     extern C:\MCC18\src\traditional\proc\p18f2550.asm
                    UEP10   0x000f7a       data     extern C:\MCC18\src\traditional\proc\p18f2550.asm
                UEP10bits   0x000f7a       data     extern C:\MCC18\src\traditional\proc\p18f2550.asm
                    UEP11   0x000f7b       data     extern C:\MCC18\src\traditional\proc\p18f2550.asm
                UEP11bits   0x000f7b       data     extern C:\MCC18\src\traditional\proc\p18f2550.asm
                    UEP12   0x000f7c       data     extern C:\MCC18\src\traditional\proc\p18f2550.asm
                UEP12bits   0x000f7c       data     extern C:\MCC18\src\traditional\proc\p18f2550.asm
                    UEP13   0x000f7d       data     extern C:\MCC18\src\traditional\proc\p18f2550.asm
                UEP13bits   0x000f7d       data     extern C:\MCC18\src\traditional\proc\p18f2550.asm
                    UEP14   0x000f7e       data     extern C:\MCC18\src\traditional\proc\p18f2550.asm
                UEP14bits   0x000f7e       data     extern C:\MCC18\src\traditional\proc\p18f2550.asm
                    UEP15   0x000f7f       data     extern C:\MCC18\src\traditional\proc\p18f2550.asm
                UEP15bits   0x000f7f       data     extern C:\MCC18\src\traditional\proc\p18f2550.asm
                 UEP1bits   0x000f71       data     extern C:\MCC18\src\traditional\proc\p18f2550.asm
                     UEP2   0x000f72       data     extern C:\MCC18\src\traditional\proc\p18f2550.asm
                 UEP2bits   0x000f72       data     extern C:\MCC18\src\traditional\proc\p18f2550.asm
                     UEP3   0x000f73       data     extern C:\MCC18\src\traditional\proc\p18f2550.asm
                 UEP3bits   0x000f73       data     extern C:\MCC18\src\traditional\proc\p18f2550.asm
                     UEP4   0x000f74       data     extern C:\MCC18\src\traditional\proc\p18f2550.asm
                 UEP4bits   0x000f74       data     extern C:\MCC18\src\traditional\proc\p18f2550.asm
                     UEP5   0x000f75       data     extern C:\MCC18\src\traditional\proc\p18f2550.asm
                 UEP5bits   0x000f75       data     extern C:\MCC18\src\traditional\proc\p18f2550.asm
                     UEP6   0x000f76       data     extern C:\MCC18\src\traditional\proc\p18f2550.asm
                 UEP6bits   0x000f76       data     extern C:\MCC18\src\traditional\proc\p18f2550.asm
                     UEP7   0x000f77       data     extern C:\MCC18\src\traditional\proc\p18f2550.asm
                 UEP7bits   0x000f77       data     extern C:\MCC18\src\traditional\proc\p18f2550.asm
                     UEP8   0x000f78       data     extern C:\MCC18\src\traditional\proc\p18f2550.asm
                 UEP8bits   0x000f78       data     extern C:\MCC18\src\traditional\proc\p18f2550.asm
                     UEP9   0x000f79       data     extern C:\MCC18\src\traditional\proc\p18f2550.asm
                 UEP9bits   0x000f79       data     extern C:\MCC18\src\traditional\proc\p18f2550.asm
                     UFRM   0x000f66       data     extern C:\MCC18\src\traditional\proc\p18f2550.asm
                    UFRMH   0x000f67       data     extern C:\MCC18\src\traditional\proc\p18f2550.asm
                UFRMHbits   0x000f67       data     extern C:\MCC18\src\traditional\proc\p18f2550.asm
                    UFRML   0x000f66       data     extern C:\MCC18\src\traditional\proc\p18f2550.asm
                UFRMLbits   0x000f66       data     extern C:\MCC18\src\traditional\proc\p18f2550.asm
                      UIE   0x000f69       data     extern C:\MCC18\src\traditional\proc\p18f2550.asm
                  UIEbits   0x000f69       data     extern C:\MCC18\src\traditional\proc\p18f2550.asm
                      UIR   0x000f68       data     extern C:\MCC18\src\traditional\proc\p18f2550.asm
                  UIRbits   0x000f68       data     extern C:\MCC18\src\traditional\proc\p18f2550.asm
                    USTAT   0x000f6c       data     extern C:\MCC18\src\traditional\proc\p18f2550.asm
                USTATbits   0x000f6c       data     extern C:\MCC18\src\traditional\proc\p18f2550.asm
                   WDTCON   0x000fd1       data     extern C:\MCC18\src\traditional\proc\p18f2550.asm
               WDTCONbits   0x000fd1       data     extern C:\MCC18\src\traditional\proc\p18f2550.asm
                     WREG   0x000fe8       data     extern C:\MCC18\src\traditional\proc\p18f2550.asm
                __FPFLAGS   0x000005       data     extern C:\MCC18\src\traditional\math\cmath18.asm
            __FPFLAGSbits   0x000005       data     extern C:\MCC18\src\traditional\math\cmath18.asm
                  __tmp_0   0x000000       data     static C:\MCC18\src\pmc_common\PWM\pw1setdc.c
                  __tmp_0   0x000000       data     static D:\svnroot\trunk\altimeter\firmware\AltimeterHID\system\usb\usb9\usb9.c
                  __tmp_0   0x000000       data     static D:\svnroot\trunk\altimeter\firmware\AltimeterHID\system\usb\usbctrltrf\usbctrltrf.c
                  __tmp_0   0x000000       data     static D:\svnroot\trunk\altimeter\firmware\AltimeterHID\system\usb\class\hid\hid.c
                  __tmp_0   0x000000       data     static D:\svnroot\trunk\altimeter\firmware\AltimeterHID\user\i2c_eeprom.c
                  __tmp_0   0x000000       data     static D:\svnroot\trunk\altimeter\firmware\AltimeterHID\user\user.c
          active_protocol   0x0000fb       data     extern D:\svnroot\trunk\altimeter\firmware\AltimeterHID\system\usb\class\hid\hid.c
              bTRNIFCount   0x0000f7       data     extern D:\svnroot\trunk\altimeter\firmware\AltimeterHID\system\usb\usbdrv\usbdrv.c
   ctrl_trf_session_owner   0x0000eb       data     extern D:\svnroot\trunk\altimeter\firmware\AltimeterHID\system\usb\usbctrltrf\usbctrltrf.c
           ctrl_trf_state   0x0000ea       data     extern D:\svnroot\trunk\altimeter\firmware\AltimeterHID\system\usb\usbctrltrf\usbctrltrf.c
                curr_byte   0x0000e3       data     static C:\MCC18\src\traditional\startup\c018i.c
               curr_entry   0x0000e5       data     static C:\MCC18\src\traditional\startup\c018i.c
                 data_ptr   0x0000e7       data     static C:\MCC18\src\traditional\startup\c018i.c
              delay_count   0x0000f8       data     static D:\svnroot\trunk\altimeter\firmware\AltimeterHID\system\usb\usbdrv\usbdrv.c
                    ep0Bi   0x000404       data     extern D:\svnroot\trunk\altimeter\firmware\AltimeterHID\system\usb\usbmmap.c
                    ep0Bo   0x000400       data     extern D:\svnroot\trunk\altimeter\firmware\AltimeterHID\system\usb\usbmmap.c
                    ep1Bi   0x00040c       data     extern D:\svnroot\trunk\altimeter\firmware\AltimeterHID\system\usb\usbmmap.c
                    ep1Bo   0x000408       data     extern D:\svnroot\trunk\altimeter\firmware\AltimeterHID\system\usb\usbmmap.c
            hid_report_in   0x000460       data     extern D:\svnroot\trunk\altimeter\firmware\AltimeterHID\system\usb\usbmmap.c
           hid_report_out   0x000420       data     extern D:\svnroot\trunk\altimeter\firmware\AltimeterHID\system\usb\usbmmap.c
           hid_rpt_rx_len   0x0000fc       data     extern D:\svnroot\trunk\altimeter\firmware\AltimeterHID\system\usb\class\hid\hid.c
                idle_rate   0x0000fa       data     extern D:\svnroot\trunk\altimeter\firmware\AltimeterHID\system\usb\class\hid\hid.c
                 inbuffer   0x000060       data     extern D:\svnroot\trunk\altimeter\firmware\AltimeterHID\user\user.c
                led_count   0x000100       data     static D:\svnroot\trunk\altimeter\firmware\AltimeterHID\user\user.c
                  old_sw1   0x0000fd       data     extern D:\svnroot\trunk\altimeter\firmware\AltimeterHID\user\user.c
                  old_sw2   0x0000fe       data     extern D:\svnroot\trunk\altimeter\firmware\AltimeterHID\user\user.c
                outbuffer   0x0000a0       data     extern D:\svnroot\trunk\altimeter\firmware\AltimeterHID\user\user.c
                     pDst   0x0000ee       data     extern D:\svnroot\trunk\altimeter\firmware\AltimeterHID\system\usb\usbctrltrf\usbctrltrf.c
                     pSrc   0x0000ec       data     extern D:\svnroot\trunk\altimeter\firmware\AltimeterHID\system\usb\usbctrltrf\usbctrltrf.c
                     prom   0x0000e0       data     static C:\MCC18\src\traditional\startup\c018i.c
         short_pkt_status   0x0000f2       data     extern D:\svnroot\trunk\altimeter\firmware\AltimeterHID\system\usb\usbctrltrf\usbctrltrf.c
           usb_active_cfg   0x0000f5       data     extern D:\svnroot\trunk\altimeter\firmware\AltimeterHID\system\usb\usbmmap.c
             usb_alt_intf   0x0000f6       data     extern D:\svnroot\trunk\altimeter\firmware\AltimeterHID\system\usb\usbmmap.c
         usb_device_state   0x0000f3       data     extern D:\svnroot\trunk\altimeter\firmware\AltimeterHID\system\usb\usbmmap.c
                 usb_stat   0x0000f4       data     extern D:\svnroot\trunk\altimeter\firmware\AltimeterHID\system\usb\usbmmap.c
                   wCount   0x0000f0       data     extern D:\svnroot\trunk\altimeter\firmware\AltimeterHID\system\usb\usbctrltrf\usbctrltrf.c



                              Symbols - Sorted by Address
                     Name    Address   Location    Storage File                     
                ---------  ---------  ---------  --------- ---------                
                   _entry   0x000000    program     extern C:\MCC18\src\traditional\startup\c018i.c
       ___return_lbl00000   0x000004    program     static                          
                   __init   0x000006    program     extern C:\MCC18\src\traditional\stdclib\__init.c
           high_interrupt   0x000008    program     extern D:\svnroot\trunk\altimeter\firmware\AltimeterHID\main.c
       ___return_lbl00000   0x00000c    program     static                          
                 UserInit   0x00001c    program     extern D:\svnroot\trunk\altimeter\firmware\AltimeterHID\user\user.c
                ProcessIO   0x000072    program     extern D:\svnroot\trunk\altimeter\firmware\AltimeterHID\user\user.c
               __tmplbl_1   0x00008e    program     static                          
               __tmplbl_0   0x000094    program     static                          
           ___if_lbl00003   0x000096    program     static                          
           ___if_lbl00004   0x0000b6    program     static                          
           ___do_lbl00019   0x0000bc    program     static                          
      ___case_90_lbl00008   0x0000fc    program     static                          
     ___case_118_lbl00009   0x000100    program     static                          
     ___case_173_lbl00010   0x000106    program     static                          
     ___case_170_lbl00011   0x00010c    program     static                          
     ___case_171_lbl00012   0x000116    program     static                          
     ___case_172_lbl00013   0x000122    program     static                          
     ___case_174_lbl00014   0x000128    program     static                          
     ___case_175_lbl00015   0x00013a    program     static                          
     ___case_176_lbl00016   0x00014c    program     static                          
     ___case_177_lbl00017   0x00015e    program     static                          
      ___default_lbl00018   0x000170    program     static                          
           ___do_lbl00005   0x000176    program     static                          
   ___switchexit_lbl00007   0x000176    program     static                          
           ___do_lbl00006   0x00017c    program     static                          
           ___if_lbl00020   0x00017c    program     static                          
       ___return_lbl00001   0x00017c    program     static                          
           BlinkUSBStatus   0x000190    program     extern D:\svnroot\trunk\altimeter\firmware\AltimeterHID\user\user.c
         Switch1IsPressed   0x000220    program     extern D:\svnroot\trunk\altimeter\firmware\AltimeterHID\user\user.c
         Switch2IsPressed   0x000246    program     extern D:\svnroot\trunk\altimeter\firmware\AltimeterHID\user\user.c
            ControlBuzzer   0x00026c    program     extern D:\svnroot\trunk\altimeter\firmware\AltimeterHID\user\user.c
         USBHIDTxBlocking   0x0002a2    program     extern D:\svnroot\trunk\altimeter\firmware\AltimeterHID\user\user.c
       ReadInternalEEPROM   0x0002c2    program     extern D:\svnroot\trunk\altimeter\firmware\AltimeterHID\user\user.c
      WriteInternalEEPROM   0x0003be    program     extern D:\svnroot\trunk\altimeter\firmware\AltimeterHID\user\user.c
         SendFWVersionUSB   0x0004c0    program     extern D:\svnroot\trunk\altimeter\firmware\AltimeterHID\user\user.c
                   ReadEE   0x0004ce    program     extern D:\svnroot\trunk\altimeter\firmware\AltimeterHID\user\user.c
                  WriteEE   0x0005e6    program     extern D:\svnroot\trunk\altimeter\firmware\AltimeterHID\user\user.c
         Int_EE_WriteByte   0x0006fc    program     extern D:\svnroot\trunk\altimeter\firmware\AltimeterHID\user\user.c
          Int_EE_ReadByte   0x00072c    program     extern D:\svnroot\trunk\altimeter\firmware\AltimeterHID\user\user.c
          EERandomReadBig   0x00074a    program     extern D:\svnroot\trunk\altimeter\firmware\AltimeterHID\user\i2c_eeprom.c
           EEPageWriteBig   0x00087a    program     extern D:\svnroot\trunk\altimeter\firmware\AltimeterHID\user\i2c_eeprom.c
      EESequentialReadBig   0x000952    program     extern D:\svnroot\trunk\altimeter\firmware\AltimeterHID\user\i2c_eeprom.c
           EEByteWriteBig   0x000a66    program     extern D:\svnroot\trunk\altimeter\firmware\AltimeterHID\user\i2c_eeprom.c
            putsI2C_count   0x000b0c    program     extern D:\svnroot\trunk\altimeter\firmware\AltimeterHID\user\i2c_eeprom.c
         USBCtrlEPService   0x000b7a    program     extern D:\svnroot\trunk\altimeter\firmware\AltimeterHID\system\usb\usbctrltrf\usbctrltrf.c
   USBCtrlTrfSetupHandler   0x000bac    program     extern D:\svnroot\trunk\altimeter\firmware\AltimeterHID\system\usb\usbctrltrf\usbctrltrf.c
     USBCtrlTrfOutHandler   0x000c20    program     extern D:\svnroot\trunk\altimeter\firmware\AltimeterHID\system\usb\usbctrltrf\usbctrltrf.c
      USBCtrlTrfInHandler   0x000c40    program     extern D:\svnroot\trunk\altimeter\firmware\AltimeterHID\system\usb\usbctrltrf\usbctrltrf.c
      USBCtrlTrfTxService   0x000c8a    program     extern D:\svnroot\trunk\altimeter\firmware\AltimeterHID\system\usb\usbctrltrf\usbctrltrf.c
      USBCtrlTrfRxService   0x000d78    program     extern D:\svnroot\trunk\altimeter\firmware\AltimeterHID\system\usb\usbctrltrf\usbctrltrf.c
 USBCtrlEPServiceComplete   0x000df2    program     extern D:\svnroot\trunk\altimeter\firmware\AltimeterHID\system\usb\usbctrltrf\usbctrltrf.c
USBPrepareForNextSetupTrf   0x000e7e    program     extern D:\svnroot\trunk\altimeter\firmware\AltimeterHID\system\usb\usbctrltrf\usbctrltrf.c
       USBCheckStdRequest   0x000f20    program     extern D:\svnroot\trunk\altimeter\firmware\AltimeterHID\system\usb\usb9\usb9.c
      USBStdGetDscHandler   0x000fe2    program     extern D:\svnroot\trunk\altimeter\firmware\AltimeterHID\system\usb\usb9\usb9.c
      USBStdSetCfgHandler   0x00109a    program     extern D:\svnroot\trunk\altimeter\firmware\AltimeterHID\system\usb\usb9\usb9.c
   USBStdGetStatusHandler   0x0010ea    program     extern D:\svnroot\trunk\altimeter\firmware\AltimeterHID\system\usb\usb9\usb9.c
  USBStdFeatureReqHandler   0x001182    program     extern D:\svnroot\trunk\altimeter\firmware\AltimeterHID\system\usb\usb9\usb9.c
       USBCheckHIDRequest   0x001226    program     extern D:\svnroot\trunk\altimeter\firmware\AltimeterHID\system\usb\class\hid\hid.c
      HIDGetReportHandler   0x001326    program     extern D:\svnroot\trunk\altimeter\firmware\AltimeterHID\system\usb\class\hid\hid.c
      HIDSetReportHandler   0x001328    program     extern D:\svnroot\trunk\altimeter\firmware\AltimeterHID\system\usb\class\hid\hid.c
                HIDInitEP   0x00132a    program     extern D:\svnroot\trunk\altimeter\firmware\AltimeterHID\system\usb\class\hid\hid.c
              HIDTxReport   0x001354    program     extern D:\svnroot\trunk\altimeter\firmware\AltimeterHID\system\usb\class\hid\hid.c
              HIDRxReport   0x0013c8    program     extern D:\svnroot\trunk\altimeter\firmware\AltimeterHID\system\usb\class\hid\hid.c
        USBCheckBusStatus   0x001448    program     extern D:\svnroot\trunk\altimeter\firmware\AltimeterHID\system\usb\usbdrv\usbdrv.c
          USBModuleEnable   0x001466    program     extern D:\svnroot\trunk\altimeter\firmware\AltimeterHID\system\usb\usbdrv\usbdrv.c
         USBModuleDisable   0x001474    program     extern D:\svnroot\trunk\altimeter\firmware\AltimeterHID\system\usb\usbdrv\usbdrv.c
            USBSoftDetach   0x00147e    program     extern D:\svnroot\trunk\altimeter\firmware\AltimeterHID\system\usb\usbdrv\usbdrv.c
         USBDriverService   0x001482    program     extern D:\svnroot\trunk\altimeter\firmware\AltimeterHID\system\usb\usbdrv\usbdrv.c
               USBSuspend   0x001516    program     extern D:\svnroot\trunk\altimeter\firmware\AltimeterHID\system\usb\usbdrv\usbdrv.c
       ___return_lbl00033   0x001524    program     static                          
           ___if_lbl00034   0x001524    program     static                          
       USBWakeFromSuspend   0x001526    program     extern D:\svnroot\trunk\altimeter\firmware\AltimeterHID\system\usb\usbdrv\usbdrv.c
          USBRemoteWakeup   0x001534    program     extern D:\svnroot\trunk\altimeter\firmware\AltimeterHID\system\usb\usbdrv\usbdrv.c
          USB_SOF_Handler   0x001558    program     extern D:\svnroot\trunk\altimeter\firmware\AltimeterHID\system\usb\usbdrv\usbdrv.c
          USBStallHandler   0x00155c    program     extern D:\svnroot\trunk\altimeter\firmware\AltimeterHID\system\usb\usbdrv\usbdrv.c
          USBErrorHandler   0x00157c    program     extern D:\svnroot\trunk\altimeter\firmware\AltimeterHID\system\usb\usbdrv\usbdrv.c
  USBProtocolResetHandler   0x001580    program     extern D:\svnroot\trunk\altimeter\firmware\AltimeterHID\system\usb\usbdrv\usbdrv.c
        ___while_lbl00050   0x00159e    program     static                          
        ___while_lbl00051   0x0015b2    program     static                          
       ___return_lbl00049   0x0015c6    program     static                          
               ClearArray   0x0015c8    program     extern D:\svnroot\trunk\altimeter\firmware\AltimeterHID\system\usb\usbdrv\usbdrv.c
        ___while_lbl00053   0x0015dc    program     static                          
        ___while_lbl00054   0x0015ea    program     static                          
       ___return_lbl00052   0x0015ea    program     static                          
               device_dsc   0x0015f2    program     extern D:\svnroot\trunk\altimeter\firmware\AltimeterHID\autofiles\usbdsc.c
                    cfg01   0x001604    program     extern D:\svnroot\trunk\altimeter\firmware\AltimeterHID\autofiles\usbdsc.c
                    sd000   0x00162d    program     extern D:\svnroot\trunk\altimeter\firmware\AltimeterHID\autofiles\usbdsc.c
                    sd001   0x001631    program     extern D:\svnroot\trunk\altimeter\firmware\AltimeterHID\autofiles\usbdsc.c
                    sd002   0x00165d    program     extern D:\svnroot\trunk\altimeter\firmware\AltimeterHID\autofiles\usbdsc.c
                hid_rpt01   0x001685    program     extern D:\svnroot\trunk\altimeter\firmware\AltimeterHID\autofiles\usbdsc.c
               USB_CD_Ptr   0x0016a2    program     extern D:\svnroot\trunk\altimeter\firmware\AltimeterHID\autofiles\usbdsc.c
               USB_SD_Ptr   0x0016a6    program     extern D:\svnroot\trunk\altimeter\firmware\AltimeterHID\autofiles\usbdsc.c
          ClassReqHandler   0x0016ac    program     extern D:\svnroot\trunk\altimeter\firmware\AltimeterHID\autofiles\usbdsc.c
                _do_cinit   0x0016ae    program     extern C:\MCC18\src\traditional\startup\c018i.c
                     test   0x0016c8    program     static                          
                copy_loop   0x001720    program     static                          
            copy_one_byte   0x001726    program     static                          
             done_copying   0x001734    program     static                          
                     done   0x00174a    program     static                          
       ___return_lbl00002   0x00174a    program     static                          
                  getsI2C   0x00174c    program     extern C:\MCC18\src\pmc_common\i2c\i2c_gets.c
                timer_isr   0x0017b2    program     extern D:\svnroot\trunk\altimeter\firmware\AltimeterHID\main.c
                     main   0x0017ce    program     extern D:\svnroot\trunk\altimeter\firmware\AltimeterHID\main.c
         InitializeSystem   0x0017e4    program     static D:\svnroot\trunk\altimeter\firmware\AltimeterHID\main.c
                 USBTasks   0x00180a    program     extern D:\svnroot\trunk\altimeter\firmware\AltimeterHID\main.c
                SetDCPWM1   0x001812    program     extern C:\MCC18\src\pmc_common\PWM\pw1setdc.c
                 WriteI2C   0x001870    program     extern C:\MCC18\src\pmc_common\i2c\i2c_writ.c
               OpenTimer0   0x0018ac    program     extern C:\MCC18\src\pmc_common\Timers\t0open.c
               OpenTimer2   0x0018e4    program     extern C:\MCC18\src\pmc_common\Timers\t2open.c
                  OpenI2C   0x00191a    program     extern C:\MCC18\src\pmc_common\i2c\i2c_open.c
                 OpenPWM1   0x001950    program     extern C:\MCC18\src\pmc_common\PWM\pw1open.c
         OpenPWM1ConfigIO   0x00197c    program     extern C:\MCC18\src\pmc_common\PWM\pw1open.c
                 _startup   0x001980    program     extern C:\MCC18\src\traditional\startup\c018i.c
                     loop   0x001990    program     static                          
       ___return_lbl00001   0x00199a    program     static                          
                  IdleI2C   0x00199c    program     extern C:\MCC18\src\pmc_common\i2c\i2c_idle.c
            __zero_memory   0x0019aa    program     extern C:\MCC18\src\traditional\proc\p18f2550.asm
               clear_loop   0x0019b0    program     static C:\MCC18\src\traditional\proc\p18f2550.asm
                  ReadI2C   0x0019b8    program     extern C:\MCC18\src\pmc_common\i2c\i2c_read.c
               __config_0   0x300000    program     static D:\svnroot\trunk\altimeter\firmware\AltimeterHID\main.c
               __config_1   0x300001    program     static D:\svnroot\trunk\altimeter\firmware\AltimeterHID\main.c
               __config_2   0x300002    program     static D:\svnroot\trunk\altimeter\firmware\AltimeterHID\main.c
               __config_3   0x300003    program     static D:\svnroot\trunk\altimeter\firmware\AltimeterHID\main.c
               __config_4   0x300005    program     static D:\svnroot\trunk\altimeter\firmware\AltimeterHID\main.c
               __config_5   0x300006    program     static D:\svnroot\trunk\altimeter\firmware\AltimeterHID\main.c
               __config_6   0x300008    program     static D:\svnroot\trunk\altimeter\firmware\AltimeterHID\main.c
               __config_7   0x300009    program     static D:\svnroot\trunk\altimeter\firmware\AltimeterHID\main.c
               __config_8   0x30000a    program     static D:\svnroot\trunk\altimeter\firmware\AltimeterHID\main.c
               __config_9   0x30000b    program     static D:\svnroot\trunk\altimeter\firmware\AltimeterHID\main.c
              __config_10   0x30000c    program     static D:\svnroot\trunk\altimeter\firmware\AltimeterHID\main.c
              __config_11   0x30000d    program     static D:\svnroot\trunk\altimeter\firmware\AltimeterHID\main.c
                  __tmp_0   0x000000       data     static D:\svnroot\trunk\altimeter\firmware\AltimeterHID\user\user.c
                  __tmp_0   0x000000       data     static D:\svnroot\trunk\altimeter\firmware\AltimeterHID\user\i2c_eeprom.c
                  __tmp_0   0x000000       data     static D:\svnroot\trunk\altimeter\firmware\AltimeterHID\system\usb\class\hid\hid.c
                  __tmp_0   0x000000       data     static D:\svnroot\trunk\altimeter\firmware\AltimeterHID\system\usb\usbctrltrf\usbctrltrf.c
                  __tmp_0   0x000000       data     static D:\svnroot\trunk\altimeter\firmware\AltimeterHID\system\usb\usb9\usb9.c
                  __tmp_0   0x000000       data     static C:\MCC18\src\pmc_common\PWM\pw1setdc.c
                     SIGN   0x000004       data     extern C:\MCC18\src\traditional\math\cmath18.asm
            __FPFLAGSbits   0x000005       data     extern C:\MCC18\src\traditional\math\cmath18.asm
                __FPFLAGS   0x000005       data     extern C:\MCC18\src\traditional\math\cmath18.asm
                 inbuffer   0x000060       data     extern D:\svnroot\trunk\altimeter\firmware\AltimeterHID\user\user.c
                outbuffer   0x0000a0       data     extern D:\svnroot\trunk\altimeter\firmware\AltimeterHID\user\user.c
                     prom   0x0000e0       data     static C:\MCC18\src\traditional\startup\c018i.c
                curr_byte   0x0000e3       data     static C:\MCC18\src\traditional\startup\c018i.c
               curr_entry   0x0000e5       data     static C:\MCC18\src\traditional\startup\c018i.c
                 data_ptr   0x0000e7       data     static C:\MCC18\src\traditional\startup\c018i.c
           ctrl_trf_state   0x0000ea       data     extern D:\svnroot\trunk\altimeter\firmware\AltimeterHID\system\usb\usbctrltrf\usbctrltrf.c
   ctrl_trf_session_owner   0x0000eb       data     extern D:\svnroot\trunk\altimeter\firmware\AltimeterHID\system\usb\usbctrltrf\usbctrltrf.c
                     pSrc   0x0000ec       data     extern D:\svnroot\trunk\altimeter\firmware\AltimeterHID\system\usb\usbctrltrf\usbctrltrf.c
                     pDst   0x0000ee       data     extern D:\svnroot\trunk\altimeter\firmware\AltimeterHID\system\usb\usbctrltrf\usbctrltrf.c
                   wCount   0x0000f0       data     extern D:\svnroot\trunk\altimeter\firmware\AltimeterHID\system\usb\usbctrltrf\usbctrltrf.c
         short_pkt_status   0x0000f2       data     extern D:\svnroot\trunk\altimeter\firmware\AltimeterHID\system\usb\usbctrltrf\usbctrltrf.c
         usb_device_state   0x0000f3       data     extern D:\svnroot\trunk\altimeter\firmware\AltimeterHID\system\usb\usbmmap.c
                 usb_stat   0x0000f4       data     extern D:\svnroot\trunk\altimeter\firmware\AltimeterHID\system\usb\usbmmap.c
           usb_active_cfg   0x0000f5       data     extern D:\svnroot\trunk\altimeter\firmware\AltimeterHID\system\usb\usbmmap.c
             usb_alt_intf   0x0000f6       data     extern D:\svnroot\trunk\altimeter\firmware\AltimeterHID\system\usb\usbmmap.c
              bTRNIFCount   0x0000f7       data     extern D:\svnroot\trunk\altimeter\firmware\AltimeterHID\system\usb\usbdrv\usbdrv.c
              delay_count   0x0000f8       data     static D:\svnroot\trunk\altimeter\firmware\AltimeterHID\system\usb\usbdrv\usbdrv.c
                idle_rate   0x0000fa       data     extern D:\svnroot\trunk\altimeter\firmware\AltimeterHID\system\usb\class\hid\hid.c
          active_protocol   0x0000fb       data     extern D:\svnroot\trunk\altimeter\firmware\AltimeterHID\system\usb\class\hid\hid.c
           hid_rpt_rx_len   0x0000fc       data     extern D:\svnroot\trunk\altimeter\firmware\AltimeterHID\system\usb\class\hid\hid.c
                  old_sw1   0x0000fd       data     extern D:\svnroot\trunk\altimeter\firmware\AltimeterHID\user\user.c
                  old_sw2   0x0000fe       data     extern D:\svnroot\trunk\altimeter\firmware\AltimeterHID\user\user.c
                led_count   0x000100       data     static D:\svnroot\trunk\altimeter\firmware\AltimeterHID\user\user.c
                    ep0Bo   0x000400       data     extern D:\svnroot\trunk\altimeter\firmware\AltimeterHID\system\usb\usbmmap.c
                    ep0Bi   0x000404       data     extern D:\svnroot\trunk\altimeter\firmware\AltimeterHID\system\usb\usbmmap.c
                    ep1Bo   0x000408       data     extern D:\svnroot\trunk\altimeter\firmware\AltimeterHID\system\usb\usbmmap.c
                    ep1Bi   0x00040c       data     extern D:\svnroot\trunk\altimeter\firmware\AltimeterHID\system\usb\usbmmap.c
                 SetupPkt   0x000410       data     extern D:\svnroot\trunk\altimeter\firmware\AltimeterHID\system\usb\usbmmap.c
              CtrlTrfData   0x000418       data     extern D:\svnroot\trunk\altimeter\firmware\AltimeterHID\system\usb\usbmmap.c
           hid_report_out   0x000420       data     extern D:\svnroot\trunk\altimeter\firmware\AltimeterHID\system\usb\usbmmap.c
            hid_report_in   0x000460       data     extern D:\svnroot\trunk\altimeter\firmware\AltimeterHID\system\usb\usbmmap.c
                    UFRML   0x000f66       data     extern C:\MCC18\src\traditional\proc\p18f2550.asm
                UFRMLbits   0x000f66       data     extern C:\MCC18\src\traditional\proc\p18f2550.asm
                     UFRM   0x000f66       data     extern C:\MCC18\src\traditional\proc\p18f2550.asm
                UFRMHbits   0x000f67       data     extern C:\MCC18\src\traditional\proc\p18f2550.asm
                    UFRMH   0x000f67       data     extern C:\MCC18\src\traditional\proc\p18f2550.asm
                      UIR   0x000f68       data     extern C:\MCC18\src\traditional\proc\p18f2550.asm
                  UIRbits   0x000f68       data     extern C:\MCC18\src\traditional\proc\p18f2550.asm
                      UIE   0x000f69       data     extern C:\MCC18\src\traditional\proc\p18f2550.asm
                  UIEbits   0x000f69       data     extern C:\MCC18\src\traditional\proc\p18f2550.asm
                     UEIR   0x000f6a       data     extern C:\MCC18\src\traditional\proc\p18f2550.asm
                 UEIRbits   0x000f6a       data     extern C:\MCC18\src\traditional\proc\p18f2550.asm
                     UEIE   0x000f6b       data     extern C:\MCC18\src\traditional\proc\p18f2550.asm
                 UEIEbits   0x000f6b       data     extern C:\MCC18\src\traditional\proc\p18f2550.asm
                USTATbits   0x000f6c       data     extern C:\MCC18\src\traditional\proc\p18f2550.asm
                    USTAT   0x000f6c       data     extern C:\MCC18\src\traditional\proc\p18f2550.asm
                 UCONbits   0x000f6d       data     extern C:\MCC18\src\traditional\proc\p18f2550.asm
                     UCON   0x000f6d       data     extern C:\MCC18\src\traditional\proc\p18f2550.asm
                    UADDR   0x000f6e       data     extern C:\MCC18\src\traditional\proc\p18f2550.asm
                UADDRbits   0x000f6e       data     extern C:\MCC18\src\traditional\proc\p18f2550.asm
                 UCFGbits   0x000f6f       data     extern C:\MCC18\src\traditional\proc\p18f2550.asm
                     UCFG   0x000f6f       data     extern C:\MCC18\src\traditional\proc\p18f2550.asm
                 UEP0bits   0x000f70       data     extern C:\MCC18\src\traditional\proc\p18f2550.asm
                     UEP0   0x000f70       data     extern C:\MCC18\src\traditional\proc\p18f2550.asm
                 UEP1bits   0x000f71       data     extern C:\MCC18\src\traditional\proc\p18f2550.asm
                     UEP1   0x000f71       data     extern C:\MCC18\src\traditional\proc\p18f2550.asm
                     UEP2   0x000f72       data     extern C:\MCC18\src\traditional\proc\p18f2550.asm
                 UEP2bits   0x000f72       data     extern C:\MCC18\src\traditional\proc\p18f2550.asm
                     UEP3   0x000f73       data     extern C:\MCC18\src\traditional\proc\p18f2550.asm
                 UEP3bits   0x000f73       data     extern C:\MCC18\src\traditional\proc\p18f2550.asm
                 UEP4bits   0x000f74       data     extern C:\MCC18\src\traditional\proc\p18f2550.asm
                     UEP4   0x000f74       data     extern C:\MCC18\src\traditional\proc\p18f2550.asm
                 UEP5bits   0x000f75       data     extern C:\MCC18\src\traditional\proc\p18f2550.asm
                     UEP5   0x000f75       data     extern C:\MCC18\src\traditional\proc\p18f2550.asm
                     UEP6   0x000f76       data     extern C:\MCC18\src\traditional\proc\p18f2550.asm
                 UEP6bits   0x000f76       data     extern C:\MCC18\src\traditional\proc\p18f2550.asm
                     UEP7   0x000f77       data     extern C:\MCC18\src\traditional\proc\p18f2550.asm
                 UEP7bits   0x000f77       data     extern C:\MCC18\src\traditional\proc\p18f2550.asm
                     UEP8   0x000f78       data     extern C:\MCC18\src\traditional\proc\p18f2550.asm
                 UEP8bits   0x000f78       data     extern C:\MCC18\src\traditional\proc\p18f2550.asm
                     UEP9   0x000f79       data     extern C:\MCC18\src\traditional\proc\p18f2550.asm
                 UEP9bits   0x000f79       data     extern C:\MCC18\src\traditional\proc\p18f2550.asm
                    UEP10   0x000f7a       data     extern C:\MCC18\src\traditional\proc\p18f2550.asm
                UEP10bits   0x000f7a       data     extern C:\MCC18\src\traditional\proc\p18f2550.asm
                UEP11bits   0x000f7b       data     extern C:\MCC18\src\traditional\proc\p18f2550.asm
                    UEP11   0x000f7b       data     extern C:\MCC18\src\traditional\proc\p18f2550.asm
                UEP12bits   0x000f7c       data     extern C:\MCC18\src\traditional\proc\p18f2550.asm
                    UEP12   0x000f7c       data     extern C:\MCC18\src\traditional\proc\p18f2550.asm
                UEP13bits   0x000f7d       data     extern C:\MCC18\src\traditional\proc\p18f2550.asm
                    UEP13   0x000f7d       data     extern C:\MCC18\src\traditional\proc\p18f2550.asm
                UEP14bits   0x000f7e       data     extern C:\MCC18\src\traditional\proc\p18f2550.asm
                    UEP14   0x000f7e       data     extern C:\MCC18\src\traditional\proc\p18f2550.asm
                    UEP15   0x000f7f       data     extern C:\MCC18\src\traditional\proc\p18f2550.asm
                UEP15bits   0x000f7f       data     extern C:\MCC18\src\traditional\proc\p18f2550.asm
                    PORTA   0x000f80       data     extern C:\MCC18\src\traditional\proc\p18f2550.asm
                PORTAbits   0x000f80       data     extern C:\MCC18\src\traditional\proc\p18f2550.asm
                    PORTB   0x000f81       data     extern C:\MCC18\src\traditional\proc\p18f2550.asm
                PORTBbits   0x000f81       data     extern C:\MCC18\src\traditional\proc\p18f2550.asm
                PORTCbits   0x000f82       data     extern C:\MCC18\src\traditional\proc\p18f2550.asm
                    PORTC   0x000f82       data     extern C:\MCC18\src\traditional\proc\p18f2550.asm
                PORTEbits   0x000f84       data     extern C:\MCC18\src\traditional\proc\p18f2550.asm
                    PORTE   0x000f84       data     extern C:\MCC18\src\traditional\proc\p18f2550.asm
                     LATA   0x000f89       data     extern C:\MCC18\src\traditional\proc\p18f2550.asm
                 LATAbits   0x000f89       data     extern C:\MCC18\src\traditional\proc\p18f2550.asm
                 LATBbits   0x000f8a       data     extern C:\MCC18\src\traditional\proc\p18f2550.asm
                     LATB   0x000f8a       data     extern C:\MCC18\src\traditional\proc\p18f2550.asm
                     LATC   0x000f8b       data     extern C:\MCC18\src\traditional\proc\p18f2550.asm
                 LATCbits   0x000f8b       data     extern C:\MCC18\src\traditional\proc\p18f2550.asm
                 DDRAbits   0x000f92       data     extern C:\MCC18\src\traditional\proc\p18f2550.asm
                     DDRA   0x000f92       data     extern C:\MCC18\src\traditional\proc\p18f2550.asm
                TRISAbits   0x000f92       data     extern C:\MCC18\src\traditional\proc\p18f2550.asm
                    TRISA   0x000f92       data     extern C:\MCC18\src\traditional\proc\p18f2550.asm
                TRISBbits   0x000f93       data     extern C:\MCC18\src\traditional\proc\p18f2550.asm
                    TRISB   0x000f93       data     extern C:\MCC18\src\traditional\proc\p18f2550.asm
                 DDRBbits   0x000f93       data     extern C:\MCC18\src\traditional\proc\p18f2550.asm
                     DDRB   0x000f93       data     extern C:\MCC18\src\traditional\proc\p18f2550.asm
                     DDRC   0x000f94       data     extern C:\MCC18\src\traditional\proc\p18f2550.asm
                 DDRCbits   0x000f94       data     extern C:\MCC18\src\traditional\proc\p18f2550.asm
                    TRISC   0x000f94       data     extern C:\MCC18\src\traditional\proc\p18f2550.asm
                TRISCbits   0x000f94       data     extern C:\MCC18\src\traditional\proc\p18f2550.asm
              OSCTUNEbits   0x000f9b       data     extern C:\MCC18\src\traditional\proc\p18f2550.asm
                  OSCTUNE   0x000f9b       data     extern C:\MCC18\src\traditional\proc\p18f2550.asm
                 PIE1bits   0x000f9d       data     extern C:\MCC18\src\traditional\proc\p18f2550.asm
                     PIE1   0x000f9d       data     extern C:\MCC18\src\traditional\proc\p18f2550.asm
                 PIR1bits   0x000f9e       data     extern C:\MCC18\src\traditional\proc\p18f2550.asm
                     PIR1   0x000f9e       data     extern C:\MCC18\src\traditional\proc\p18f2550.asm
                     IPR1   0x000f9f       data     extern C:\MCC18\src\traditional\proc\p18f2550.asm
                 IPR1bits   0x000f9f       data     extern C:\MCC18\src\traditional\proc\p18f2550.asm
                     PIE2   0x000fa0       data     extern C:\MCC18\src\traditional\proc\p18f2550.asm
                 PIE2bits   0x000fa0       data     extern C:\MCC18\src\traditional\proc\p18f2550.asm
                     PIR2   0x000fa1       data     extern C:\MCC18\src\traditional\proc\p18f2550.asm
                 PIR2bits   0x000fa1       data     extern C:\MCC18\src\traditional\proc\p18f2550.asm
                     IPR2   0x000fa2       data     extern C:\MCC18\src\traditional\proc\p18f2550.asm
                 IPR2bits   0x000fa2       data     extern C:\MCC18\src\traditional\proc\p18f2550.asm
               EECON1bits   0x000fa6       data     extern C:\MCC18\src\traditional\proc\p18f2550.asm
                   EECON1   0x000fa6       data     extern C:\MCC18\src\traditional\proc\p18f2550.asm
                   EECON2   0x000fa7       data     extern C:\MCC18\src\traditional\proc\p18f2550.asm
                   EEDATA   0x000fa8       data     extern C:\MCC18\src\traditional\proc\p18f2550.asm
                    EEADR   0x000fa9       data     extern C:\MCC18\src\traditional\proc\p18f2550.asm
                RCSTAbits   0x000fab       data     extern C:\MCC18\src\traditional\proc\p18f2550.asm
                    RCSTA   0x000fab       data     extern C:\MCC18\src\traditional\proc\p18f2550.asm
                TXSTAbits   0x000fac       data     extern C:\MCC18\src\traditional\proc\p18f2550.asm
                    TXSTA   0x000fac       data     extern C:\MCC18\src\traditional\proc\p18f2550.asm
                    TXREG   0x000fad       data     extern C:\MCC18\src\traditional\proc\p18f2550.asm
                    RCREG   0x000fae       data     extern C:\MCC18\src\traditional\proc\p18f2550.asm
                    SPBRG   0x000faf       data     extern C:\MCC18\src\traditional\proc\p18f2550.asm
                   SPBRGH   0x000fb0       data     extern C:\MCC18\src\traditional\proc\p18f2550.asm
                    T3CON   0x000fb1       data     extern C:\MCC18\src\traditional\proc\p18f2550.asm
                T3CONbits   0x000fb1       data     extern C:\MCC18\src\traditional\proc\p18f2550.asm
                    TMR3L   0x000fb2       data     extern C:\MCC18\src\traditional\proc\p18f2550.asm
                    TMR3H   0x000fb3       data     extern C:\MCC18\src\traditional\proc\p18f2550.asm
                CMCONbits   0x000fb4       data     extern C:\MCC18\src\traditional\proc\p18f2550.asm
                    CMCON   0x000fb4       data     extern C:\MCC18\src\traditional\proc\p18f2550.asm
               CVRCONbits   0x000fb5       data     extern C:\MCC18\src\traditional\proc\p18f2550.asm
                   CVRCON   0x000fb5       data     extern C:\MCC18\src\traditional\proc\p18f2550.asm
                   CCP1AS   0x000fb6       data     extern C:\MCC18\src\traditional\proc\p18f2550.asm
               CCP1ASbits   0x000fb6       data     extern C:\MCC18\src\traditional\proc\p18f2550.asm
              ECCP1ASbits   0x000fb6       data     extern C:\MCC18\src\traditional\proc\p18f2550.asm
                  ECCP1AS   0x000fb6       data     extern C:\MCC18\src\traditional\proc\p18f2550.asm
             ECCP1DELbits   0x000fb7       data     extern C:\MCC18\src\traditional\proc\p18f2550.asm
                 ECCP1DEL   0x000fb7       data     extern C:\MCC18\src\traditional\proc\p18f2550.asm
                  CCP1DEL   0x000fb7       data     extern C:\MCC18\src\traditional\proc\p18f2550.asm
              CCP1DELbits   0x000fb7       data     extern C:\MCC18\src\traditional\proc\p18f2550.asm
                  BAUDCON   0x000fb8       data     extern C:\MCC18\src\traditional\proc\p18f2550.asm
              BAUDCONbits   0x000fb8       data     extern C:\MCC18\src\traditional\proc\p18f2550.asm
              CCP2CONbits   0x000fba       data     extern C:\MCC18\src\traditional\proc\p18f2550.asm
                  CCP2CON   0x000fba       data     extern C:\MCC18\src\traditional\proc\p18f2550.asm
                    CCPR2   0x000fbb       data     extern C:\MCC18\src\traditional\proc\p18f2550.asm
                   CCPR2L   0x000fbb       data     extern C:\MCC18\src\traditional\proc\p18f2550.asm
                   CCPR2H   0x000fbc       data     extern C:\MCC18\src\traditional\proc\p18f2550.asm
              CCP1CONbits   0x000fbd       data     extern C:\MCC18\src\traditional\proc\p18f2550.asm
                  CCP1CON   0x000fbd       data     extern C:\MCC18\src\traditional\proc\p18f2550.asm
                    CCPR1   0x000fbe       data     extern C:\MCC18\src\traditional\proc\p18f2550.asm
                   CCPR1L   0x000fbe       data     extern C:\MCC18\src\traditional\proc\p18f2550.asm
                   CCPR1H   0x000fbf       data     extern C:\MCC18\src\traditional\proc\p18f2550.asm
                   ADCON2   0x000fc0       data     extern C:\MCC18\src\traditional\proc\p18f2550.asm
               ADCON2bits   0x000fc0       data     extern C:\MCC18\src\traditional\proc\p18f2550.asm
               ADCON1bits   0x000fc1       data     extern C:\MCC18\src\traditional\proc\p18f2550.asm
                   ADCON1   0x000fc1       data     extern C:\MCC18\src\traditional\proc\p18f2550.asm
                   ADCON0   0x000fc2       data     extern C:\MCC18\src\traditional\proc\p18f2550.asm
               ADCON0bits   0x000fc2       data     extern C:\MCC18\src\traditional\proc\p18f2550.asm
                    ADRES   0x000fc3       data     extern C:\MCC18\src\traditional\proc\p18f2550.asm
                   ADRESL   0x000fc3       data     extern C:\MCC18\src\traditional\proc\p18f2550.asm
                   ADRESH   0x000fc4       data     extern C:\MCC18\src\traditional\proc\p18f2550.asm
                  SSPCON2   0x000fc5       data     extern C:\MCC18\src\traditional\proc\p18f2550.asm
              SSPCON2bits   0x000fc5       data     extern C:\MCC18\src\traditional\proc\p18f2550.asm
                  SSPCON1   0x000fc6       data     extern C:\MCC18\src\traditional\proc\p18f2550.asm
              SSPCON1bits   0x000fc6       data     extern C:\MCC18\src\traditional\proc\p18f2550.asm
                  SSPSTAT   0x000fc7       data     extern C:\MCC18\src\traditional\proc\p18f2550.asm
              SSPSTATbits   0x000fc7       data     extern C:\MCC18\src\traditional\proc\p18f2550.asm
                   SSPADD   0x000fc8       data     extern C:\MCC18\src\traditional\proc\p18f2550.asm
                   SSPBUF   0x000fc9       data     extern C:\MCC18\src\traditional\proc\p18f2550.asm
                T2CONbits   0x000fca       data     extern C:\MCC18\src\traditional\proc\p18f2550.asm
                    T2CON   0x000fca       data     extern C:\MCC18\src\traditional\proc\p18f2550.asm
                      PR2   0x000fcb       data     extern C:\MCC18\src\traditional\proc\p18f2550.asm
                     TMR2   0x000fcc       data     extern C:\MCC18\src\traditional\proc\p18f2550.asm
                T1CONbits   0x000fcd       data     extern C:\MCC18\src\traditional\proc\p18f2550.asm
                    T1CON   0x000fcd       data     extern C:\MCC18\src\traditional\proc\p18f2550.asm
                    TMR1L   0x000fce       data     extern C:\MCC18\src\traditional\proc\p18f2550.asm
                    TMR1H   0x000fcf       data     extern C:\MCC18\src\traditional\proc\p18f2550.asm
                     RCON   0x000fd0       data     extern C:\MCC18\src\traditional\proc\p18f2550.asm
                 RCONbits   0x000fd0       data     extern C:\MCC18\src\traditional\proc\p18f2550.asm
                   WDTCON   0x000fd1       data     extern C:\MCC18\src\traditional\proc\p18f2550.asm
               WDTCONbits   0x000fd1       data     extern C:\MCC18\src\traditional\proc\p18f2550.asm
                  HLVDCON   0x000fd2       data     extern C:\MCC18\src\traditional\proc\p18f2550.asm
              HLVDCONbits   0x000fd2       data     extern C:\MCC18\src\traditional\proc\p18f2550.asm
               LVDCONbits   0x000fd2       data     extern C:\MCC18\src\traditional\proc\p18f2550.asm
                   LVDCON   0x000fd2       data     extern C:\MCC18\src\traditional\proc\p18f2550.asm
               OSCCONbits   0x000fd3       data     extern C:\MCC18\src\traditional\proc\p18f2550.asm
                   OSCCON   0x000fd3       data     extern C:\MCC18\src\traditional\proc\p18f2550.asm
                    T0CON   0x000fd5       data     extern C:\MCC18\src\traditional\proc\p18f2550.asm
                T0CONbits   0x000fd5       data     extern C:\MCC18\src\traditional\proc\p18f2550.asm
                    TMR0L   0x000fd6       data     extern C:\MCC18\src\traditional\proc\p18f2550.asm
                    TMR0H   0x000fd7       data     extern C:\MCC18\src\traditional\proc\p18f2550.asm
                   STATUS   0x000fd8       data     extern C:\MCC18\src\traditional\proc\p18f2550.asm
               STATUSbits   0x000fd8       data     extern C:\MCC18\src\traditional\proc\p18f2550.asm
                     FSR2   0x000fd9       data     extern C:\MCC18\src\traditional\proc\p18f2550.asm
                    FSR2L   0x000fd9       data     extern C:\MCC18\src\traditional\proc\p18f2550.asm
                    FSR2H   0x000fda       data     extern C:\MCC18\src\traditional\proc\p18f2550.asm
                   PLUSW2   0x000fdb       data     extern C:\MCC18\src\traditional\proc\p18f2550.asm
                  PREINC2   0x000fdc       data     extern C:\MCC18\src\traditional\proc\p18f2550.asm
                 POSTDEC2   0x000fdd       data     extern C:\MCC18\src\traditional\proc\p18f2550.asm
                 POSTINC2   0x000fde       data     extern C:\MCC18\src\traditional\proc\p18f2550.asm
                    INDF2   0x000fdf       data     extern C:\MCC18\src\traditional\proc\p18f2550.asm
                      BSR   0x000fe0       data     extern C:\MCC18\src\traditional\proc\p18f2550.asm
                     FSR1   0x000fe1       data     extern C:\MCC18\src\traditional\proc\p18f2550.asm
                    FSR1L   0x000fe1       data     extern C:\MCC18\src\traditional\proc\p18f2550.asm
                    FSR1H   0x000fe2       data     extern C:\MCC18\src\traditional\proc\p18f2550.asm
                   PLUSW1   0x000fe3       data     extern C:\MCC18\src\traditional\proc\p18f2550.asm
                  PREINC1   0x000fe4       data     extern C:\MCC18\src\traditional\proc\p18f2550.asm
                 POSTDEC1   0x000fe5       data     extern C:\MCC18\src\traditional\proc\p18f2550.asm
                 POSTINC1   0x000fe6       data     extern C:\MCC18\src\traditional\proc\p18f2550.asm
                    INDF1   0x000fe7       data     extern C:\MCC18\src\traditional\proc\p18f2550.asm
                     WREG   0x000fe8       data     extern C:\MCC18\src\traditional\proc\p18f2550.asm
                     FSR0   0x000fe9       data     extern C:\MCC18\src\traditional\proc\p18f2550.asm
                    FSR0L   0x000fe9       data     extern C:\MCC18\src\traditional\proc\p18f2550.asm
                    FSR0H   0x000fea       data     extern C:\MCC18\src\traditional\proc\p18f2550.asm
                   PLUSW0   0x000feb       data     extern C:\MCC18\src\traditional\proc\p18f2550.asm
                  PREINC0   0x000fec       data     extern C:\MCC18\src\traditional\proc\p18f2550.asm
                 POSTDEC0   0x000fed       data     extern C:\MCC18\src\traditional\proc\p18f2550.asm
                 POSTINC0   0x000fee       data     extern C:\MCC18\src\traditional\proc\p18f2550.asm
                    INDF0   0x000fef       data     extern C:\MCC18\src\traditional\proc\p18f2550.asm
              INTCON3bits   0x000ff0       data     extern C:\MCC18\src\traditional\proc\p18f2550.asm
                  INTCON3   0x000ff0       data     extern C:\MCC18\src\traditional\proc\p18f2550.asm
              INTCON2bits   0x000ff1       data     extern C:\MCC18\src\traditional\proc\p18f2550.asm
                  INTCON2   0x000ff1       data     extern C:\MCC18\src\traditional\proc\p18f2550.asm
               INTCONbits   0x000ff2       data     extern C:\MCC18\src\traditional\proc\p18f2550.asm
                   INTCON   0x000ff2       data     extern C:\MCC18\src\traditional\proc\p18f2550.asm
                    PRODL   0x000ff3       data     extern C:\MCC18\src\traditional\proc\p18f2550.asm
                     PROD   0x000ff3       data     extern C:\MCC18\src\traditional\proc\p18f2550.asm
                    PRODH   0x000ff4       data     extern C:\MCC18\src\traditional\proc\p18f2550.asm
                   TABLAT   0x000ff5       data     extern C:\MCC18\src\traditional\proc\p18f2550.asm
                   TBLPTR   0x000ff6       data     extern C:\MCC18\src\traditional\proc\p18f2550.asm
                  TBLPTRL   0x000ff6       data     extern C:\MCC18\src\traditional\proc\p18f2550.asm
                  TBLPTRH   0x000ff7       data     extern C:\MCC18\src\traditional\proc\p18f2550.asm
                  TBLPTRU   0x000ff8       data     extern C:\MCC18\src\traditional\proc\p18f2550.asm
                      PCL   0x000ff9       data     extern C:\MCC18\src\traditional\proc\p18f2550.asm
                       PC   0x000ff9       data     extern C:\MCC18\src\traditional\proc\p18f2550.asm
                   PCLATH   0x000ffa       data     extern C:\MCC18\src\traditional\proc\p18f2550.asm
                   PCLATU   0x000ffb       data     extern C:\MCC18\src\traditional\proc\p18f2550.asm
                   STKPTR   0x000ffc       data     extern C:\MCC18\src\traditional\proc\p18f2550.asm
               STKPTRbits   0x000ffc       data     extern C:\MCC18\src\traditional\proc\p18f2550.asm
                      TOS   0x000ffd       data     extern C:\MCC18\src\traditional\proc\p18f2550.asm
                     TOSL   0x000ffd       data     extern C:\MCC18\src\traditional\proc\p18f2550.asm
                     TOSH   0x000ffe       data     extern C:\MCC18\src\traditional\proc\p18f2550.asm
                     TOSU   0x000fff       data     extern C:\MCC18\src\traditional\proc\p18f2550.asm


