MPLINK 4.12, Linker
Linker Map File - Created Fri Jan 04 15:39:26 2008

                                 Section Info
                  Section       Type    Address   Location Size(Bytes)
                ---------  ---------  ---------  ---------  ---------
               _entry_scn       code   0x000000    program   0x000006
                   .cinit    romdata   0x00002a    program   0x00000e
       .code_usbctrltrf.o       code   0x000038    program   0x0003ac
             .code_usb9.o       code   0x0003e4    program   0x00030c
        .romdata_usbdsc.o    romdata   0x0006f0    program   0x0000d8
             _startup_scn       code   0x0007c8    program   0x00001c
                    .code       code   0x0007e4    program   0x00000e
    .romdata_user_mouse.o    romdata   0x0007f2    program   0x000008
           .code___init.o       code   0x0007fa    program   0x000002
          .romdata_usb9.o    romdata   0x0007fc    program   0x000000
        .romdata_usbdrv.o    romdata   0x0007fc    program   0x000000
       .romdata_usbmmap.o    romdata   0x0007fc    program   0x000000
    .romdata_usbctrltrf.o    romdata   0x0007fc    program   0x000000
           .romdata_hid.o    romdata   0x0007fc    program   0x000000
    .idata_user_mouse.o_i    romdata   0x0007fc    program   0x000003
          .romdata_main.o    romdata   0x0007fc    program   0x000000
        .romdata___init.o    romdata   0x0007fc    program   0x000000
         .romdata_c018i.o    romdata   0x0007fc    program   0x000000
           .idata_hid.o_i    romdata   0x0007ff    program   0x000000
    .idata_usbctrltrf.o_i    romdata   0x0007ff    program   0x000000
        .idata_usbdsc.o_i    romdata   0x0007ff    program   0x000000
        .idata___init.o_i    romdata   0x0007ff    program   0x000000
         .idata_c018i.o_i    romdata   0x0007ff    program   0x000000
          .idata_main.o_i    romdata   0x0007ff    program   0x000000
       .idata_usbmmap.o_i    romdata   0x0007ff    program   0x000000
        .idata_usbdrv.o_i    romdata   0x0007ff    program   0x000000
          .idata_usb9.o_i    romdata   0x0007ff    program   0x000000
          .code_usbmmap.o       code   0x000800    program   0x000000
           .code_usbdsc.o       code   0x000800    program   0x000000
  _RESET_INTERRUPT_VECTOR       code   0x000800    program   0x000006
            .code_c018i.o       code   0x000800    program   0x000000
              .code_hid.o       code   0x000806    program   0x000226
           .code_usbdrv.o       code   0x000a2c    program   0x0001e6
       .code_user_mouse.o       code   0x000c12    program   0x00016e
               _cinit_scn       code   0x000d80    program   0x00009e
             .code_main.o       code   0x000e1e    program   0x00007c
     .config_1fff8_main.o    romdata   0x01fff8    program   0x000001
     .config_1fff9_main.o    romdata   0x01fff9    program   0x000001
     .config_1fffa_main.o    romdata   0x01fffa    program   0x000001
     .config_1fffb_main.o    romdata   0x01fffb    program   0x000001
     .config_1fffd_main.o    romdata   0x01fffd    program   0x000001
                MATH_DATA      udata   0x000000       data   0x000002
                 .tmpdata      udata   0x000002       data   0x000002
                  usbram4      udata   0x000400       data   0x000026
                   .stack      udata   0x000e00       data   0x000100
           .udata_c018i.o      udata   0x000f00       data   0x00000a
      .udata_usbctrltrf.o      udata   0x000f0a       data   0x000009
      .udata_user_mouse.o      udata   0x000f13       data   0x000007
         .udata_usbmmap.o      udata   0x000f1a       data   0x000004
          .udata_usbdrv.o      udata   0x000f1e       data   0x000003
             .udata_hid.o      udata   0x000f21       data   0x000003
      .idata_user_mouse.o      idata   0x000f24       data   0x000003
            .udata_main.o      udata   0x000f27       data   0x000000
          .idata___init.o      idata   0x000f27       data   0x000000
          .udata___init.o      udata   0x000f27       data   0x000000
             .idata_hid.o      idata   0x000f27       data   0x000000
      .idata_usbctrltrf.o      idata   0x000f27       data   0x000000
            .idata_main.o      idata   0x000f27       data   0x000000
          .idata_usbdsc.o      idata   0x000f27       data   0x000000
          .udata_usbdsc.o      udata   0x000f27       data   0x000000
            .idata_usb9.o      idata   0x000f27       data   0x000000
            .udata_usb9.o      udata   0x000f27       data   0x000000
          .idata_usbdrv.o      idata   0x000f27       data   0x000000
           .idata_c018i.o      idata   0x000f27       data   0x000000
         .idata_usbmmap.o      idata   0x000f27       data   0x000000
              SFR_BANKED0      udata   0x000f40       data   0x000020
            SFR_UNBANKED0      udata   0x000f60       data   0x0000a0



                              Program Memory Usage 
                               Start         End      
                           ---------   ---------      
                            0x000000    0x000005      
                            0x00002a    0x0007fe      
                            0x000800    0x000e99      
                            0x01fff8    0x01fffb      
                            0x01fffd    0x01fffd      
            3706 out of 131072 program addresses used, program memory utilization is 2%



                              Symbols - Sorted by Name
                     Name    Address   Location    Storage File                     
                ---------  ---------  ---------  --------- ---------                
           BlinkUSBStatus   0x000cca    program     extern C:\MCHPFSUSB\fw\Hid\Mouse\user\user_mouse.c
          ClassReqHandler   0x0007c6    program     extern C:\MCHPFSUSB\fw\Hid\Mouse\autofiles\usbdsc.c
               ClearArray   0x000be8    program     extern C:\MCHPFSUSB\fw\Hid\Mouse\system\usb\usbdrv\usbdrv.c
            Emulate_Mouse   0x000c5c    program     extern C:\MCHPFSUSB\fw\Hid\Mouse\user\user_mouse.c
      HIDGetReportHandler   0x000906    program     extern C:\MCHPFSUSB\fw\Hid\Mouse\system\usb\class\hid\hid.c
                HIDInitEP   0x00090a    program     extern C:\MCHPFSUSB\fw\Hid\Mouse\system\usb\class\hid\hid.c
              HIDRxReport   0x0009aa    program     extern C:\MCHPFSUSB\fw\Hid\Mouse\system\usb\class\hid\hid.c
      HIDSetReportHandler   0x000908    program     extern C:\MCHPFSUSB\fw\Hid\Mouse\system\usb\class\hid\hid.c
              HIDTxReport   0x000936    program     extern C:\MCHPFSUSB\fw\Hid\Mouse\system\usb\class\hid\hid.c
         InitializeSystem   0x000e2a    program     static C:\MCHPFSUSB\fw\Hid\Mouse\main.c
                ProcessIO   0x000c32    program     extern C:\MCHPFSUSB\fw\Hid\Mouse\user\user_mouse.c
         Switch2IsPressed   0x000d5a    program     extern C:\MCHPFSUSB\fw\Hid\Mouse\user\user_mouse.c
        USBCheckBusStatus   0x000a2c    program     extern C:\MCHPFSUSB\fw\Hid\Mouse\system\usb\usbdrv\usbdrv.c
       USBCheckHIDRequest   0x000806    program     extern C:\MCHPFSUSB\fw\Hid\Mouse\system\usb\class\hid\hid.c
       USBCheckStdRequest   0x0003e4    program     extern C:\MCHPFSUSB\fw\Hid\Mouse\system\usb\usb9\usb9.c
         USBCtrlEPService   0x000038    program     extern C:\MCHPFSUSB\fw\Hid\Mouse\system\usb\usbctrltrf\usbctrltrf.c
 USBCtrlEPServiceComplete   0x0002b6    program     extern C:\MCHPFSUSB\fw\Hid\Mouse\system\usb\usbctrltrf\usbctrltrf.c
      USBCtrlTrfInHandler   0x0000fe    program     extern C:\MCHPFSUSB\fw\Hid\Mouse\system\usb\usbctrltrf\usbctrltrf.c
     USBCtrlTrfOutHandler   0x0000de    program     extern C:\MCHPFSUSB\fw\Hid\Mouse\system\usb\usbctrltrf\usbctrltrf.c
      USBCtrlTrfRxService   0x00023c    program     extern C:\MCHPFSUSB\fw\Hid\Mouse\system\usb\usbctrltrf\usbctrltrf.c
   USBCtrlTrfSetupHandler   0x00006a    program     extern C:\MCHPFSUSB\fw\Hid\Mouse\system\usb\usbctrltrf\usbctrltrf.c
      USBCtrlTrfTxService   0x00014e    program     extern C:\MCHPFSUSB\fw\Hid\Mouse\system\usb\usbctrltrf\usbctrltrf.c
         USBDriverService   0x000a72    program     extern C:\MCHPFSUSB\fw\Hid\Mouse\system\usb\usbdrv\usbdrv.c
          USBErrorHandler   0x000b8c    program     extern C:\MCHPFSUSB\fw\Hid\Mouse\system\usb\usbdrv\usbdrv.c
         USBModuleDisable   0x000a62    program     extern C:\MCHPFSUSB\fw\Hid\Mouse\system\usb\usbdrv\usbdrv.c
          USBModuleEnable   0x000a52    program     extern C:\MCHPFSUSB\fw\Hid\Mouse\system\usb\usbdrv\usbdrv.c
USBPrepareForNextSetupTrf   0x000342    program     extern C:\MCHPFSUSB\fw\Hid\Mouse\system\usb\usbctrltrf\usbctrltrf.c
  USBProtocolResetHandler   0x000b90    program     extern C:\MCHPFSUSB\fw\Hid\Mouse\system\usb\usbdrv\usbdrv.c
          USBRemoteWakeup   0x000b40    program     extern C:\MCHPFSUSB\fw\Hid\Mouse\system\usb\usbdrv\usbdrv.c
            USBSoftDetach   0x000a6e    program     extern C:\MCHPFSUSB\fw\Hid\Mouse\system\usb\usbdrv\usbdrv.c
          USBStallHandler   0x000b68    program     extern C:\MCHPFSUSB\fw\Hid\Mouse\system\usb\usbdrv\usbdrv.c
  USBStdFeatureReqHandler   0x00064c    program     extern C:\MCHPFSUSB\fw\Hid\Mouse\system\usb\usb9\usb9.c
      USBStdGetDscHandler   0x0004a6    program     extern C:\MCHPFSUSB\fw\Hid\Mouse\system\usb\usb9\usb9.c
   USBStdGetStatusHandler   0x0005ae    program     extern C:\MCHPFSUSB\fw\Hid\Mouse\system\usb\usb9\usb9.c
      USBStdSetCfgHandler   0x00055e    program     extern C:\MCHPFSUSB\fw\Hid\Mouse\system\usb\usb9\usb9.c
               USBSuspend   0x000b14    program     extern C:\MCHPFSUSB\fw\Hid\Mouse\system\usb\usbdrv\usbdrv.c
                 USBTasks   0x000e8a    program     extern C:\MCHPFSUSB\fw\Hid\Mouse\main.c
       USBWakeFromSuspend   0x000b30    program     extern C:\MCHPFSUSB\fw\Hid\Mouse\system\usb\usbdrv\usbdrv.c
               USB_CD_Ptr   0x0007bc    program     extern C:\MCHPFSUSB\fw\Hid\Mouse\autofiles\usbdsc.c
               USB_SD_Ptr   0x0007c0    program     extern C:\MCHPFSUSB\fw\Hid\Mouse\autofiles\usbdsc.c
          USB_SOF_Handler   0x000b64    program     extern C:\MCHPFSUSB\fw\Hid\Mouse\system\usb\usbdrv\usbdrv.c
                 UserInit   0x000c12    program     extern C:\MCHPFSUSB\fw\Hid\Mouse\user\user_mouse.c
           ___if_lbl00034   0x000b2a    program     static                          
       ___return_lbl00000   0x000004    program     static                          
       ___return_lbl00000   0x000804    program     static                          
       ___return_lbl00001   0x0007e2    program     static                          
       ___return_lbl00002   0x000e1c    program     static                          
       ___return_lbl00033   0x000b2e    program     static                          
       ___return_lbl00049   0x000be6    program     static                          
       ___return_lbl00052   0x000c0a    program     static                          
        ___while_lbl00050   0x000bbe    program     static                          
        ___while_lbl00051   0x000bd2    program     static                          
        ___while_lbl00053   0x000bfc    program     static                          
        ___while_lbl00054   0x000c0a    program     static                          
               __config_0   0x01fff8    program     static C:\MCHPFSUSB\fw\Hid\Mouse\main.c
               __config_1   0x01fff9    program     static C:\MCHPFSUSB\fw\Hid\Mouse\main.c
               __config_2   0x01fffa    program     static C:\MCHPFSUSB\fw\Hid\Mouse\main.c
               __config_3   0x01fffb    program     static C:\MCHPFSUSB\fw\Hid\Mouse\main.c
               __config_4   0x01fffd    program     static C:\MCHPFSUSB\fw\Hid\Mouse\main.c
                   __init   0x0007fa    program     extern C:\MCC18\src\TRADIT~1\stdclib\__init.c
            __zero_memory   0x0007e4    program     extern C:\MCC18\src\traditional\proc\p18f87j50.asm
                _do_cinit   0x000d80    program     extern C:\MCC18\src\traditional\startup\c018i.c
                   _entry   0x000000    program     extern C:\MCC18\src\traditional\startup\c018i.c
                   _reset   0x000800    program     extern C:\MCHPFSUSB\fw\Hid\Mouse\main.c
                 _startup   0x0007c8    program     extern C:\MCC18\src\traditional\startup\c018i.c
                    cfg01   0x000702    program     extern C:\MCHPFSUSB\fw\Hid\Mouse\autofiles\usbdsc.c
               clear_loop   0x0007ea    program     static C:\MCC18\src\traditional\proc\p18f87j50.asm
                copy_loop   0x000df2    program     static                          
            copy_one_byte   0x000df8    program     static                          
               device_dsc   0x0006f0    program     extern C:\MCHPFSUSB\fw\Hid\Mouse\autofiles\usbdsc.c
                dir_table   0x0007f2    program     extern C:\MCHPFSUSB\fw\Hid\Mouse\user\user_mouse.c
                     done   0x000e1c    program     static                          
             done_copying   0x000e06    program     static                          
                hid_rpt01   0x00078a    program     extern C:\MCHPFSUSB\fw\Hid\Mouse\autofiles\usbdsc.c
                     loop   0x0007d8    program     static                          
                     main   0x000e1e    program     extern C:\MCHPFSUSB\fw\Hid\Mouse\main.c
                    sd000   0x000724    program     extern C:\MCHPFSUSB\fw\Hid\Mouse\autofiles\usbdsc.c
                    sd001   0x000728    program     extern C:\MCHPFSUSB\fw\Hid\Mouse\autofiles\usbdsc.c
                    sd002   0x00075c    program     extern C:\MCHPFSUSB\fw\Hid\Mouse\autofiles\usbdsc.c
                     test   0x000d9a    program     static                          
                   ADCON0   0x000fc2       data     extern C:\MCC18\src\traditional\proc\p18f87j50.asm
               ADCON0bits   0x000fc2       data     extern C:\MCC18\src\traditional\proc\p18f87j50.asm
                   ADCON1   0x000fc1       data     extern C:\MCC18\src\traditional\proc\p18f87j50.asm
               ADCON1bits   0x000fc1       data     extern C:\MCC18\src\traditional\proc\p18f87j50.asm
                    ADRES   0x000fc3       data     extern C:\MCC18\src\traditional\proc\p18f87j50.asm
                   ADRESH   0x000fc4       data     extern C:\MCC18\src\traditional\proc\p18f87j50.asm
                   ADRESL   0x000fc3       data     extern C:\MCC18\src\traditional\proc\p18f87j50.asm
                   ANCON0   0x000fc1       data     extern C:\MCC18\src\traditional\proc\p18f87j50.asm
               ANCON0bits   0x000fc1       data     extern C:\MCC18\src\traditional\proc\p18f87j50.asm
                   ANCON1   0x000fc2       data     extern C:\MCC18\src\traditional\proc\p18f87j50.asm
               ANCON1bits   0x000fc2       data     extern C:\MCC18\src\traditional\proc\p18f87j50.asm
                  BAUDCON   0x000f7e       data     extern C:\MCC18\src\traditional\proc\p18f87j50.asm
                 BAUDCON1   0x000f7e       data     extern C:\MCC18\src\traditional\proc\p18f87j50.asm
             BAUDCON1bits   0x000f7e       data     extern C:\MCC18\src\traditional\proc\p18f87j50.asm
                 BAUDCON2   0x000f7c       data     extern C:\MCC18\src\traditional\proc\p18f87j50.asm
             BAUDCON2bits   0x000f7c       data     extern C:\MCC18\src\traditional\proc\p18f87j50.asm
              BAUDCONbits   0x000f7e       data     extern C:\MCC18\src\traditional\proc\p18f87j50.asm
                      BSR   0x000fe0       data     extern C:\MCC18\src\traditional\proc\p18f87j50.asm
                  CCP1CON   0x000fbb       data     extern C:\MCC18\src\traditional\proc\p18f87j50.asm
              CCP1CONbits   0x000fbb       data     extern C:\MCC18\src\traditional\proc\p18f87j50.asm
                  CCP2CON   0x000fb6       data     extern C:\MCC18\src\traditional\proc\p18f87j50.asm
              CCP2CONbits   0x000fb6       data     extern C:\MCC18\src\traditional\proc\p18f87j50.asm
                  CCP3CON   0x000fb1       data     extern C:\MCC18\src\traditional\proc\p18f87j50.asm
              CCP3CONbits   0x000fb1       data     extern C:\MCC18\src\traditional\proc\p18f87j50.asm
                  CCP4CON   0x000f73       data     extern C:\MCC18\src\traditional\proc\p18f87j50.asm
              CCP4CONbits   0x000f73       data     extern C:\MCC18\src\traditional\proc\p18f87j50.asm
                  CCP5CON   0x000f70       data     extern C:\MCC18\src\traditional\proc\p18f87j50.asm
              CCP5CONbits   0x000f70       data     extern C:\MCC18\src\traditional\proc\p18f87j50.asm
                    CCPR1   0x000fbc       data     extern C:\MCC18\src\traditional\proc\p18f87j50.asm
                   CCPR1H   0x000fbd       data     extern C:\MCC18\src\traditional\proc\p18f87j50.asm
                   CCPR1L   0x000fbc       data     extern C:\MCC18\src\traditional\proc\p18f87j50.asm
                    CCPR2   0x000fb7       data     extern C:\MCC18\src\traditional\proc\p18f87j50.asm
                   CCPR2H   0x000fb8       data     extern C:\MCC18\src\traditional\proc\p18f87j50.asm
                   CCPR2L   0x000fb7       data     extern C:\MCC18\src\traditional\proc\p18f87j50.asm
                    CCPR3   0x000fb2       data     extern C:\MCC18\src\traditional\proc\p18f87j50.asm
                   CCPR3H   0x000fb3       data     extern C:\MCC18\src\traditional\proc\p18f87j50.asm
                   CCPR3L   0x000fb2       data     extern C:\MCC18\src\traditional\proc\p18f87j50.asm
                    CCPR4   0x000f74       data     extern C:\MCC18\src\traditional\proc\p18f87j50.asm
                   CCPR4H   0x000f75       data     extern C:\MCC18\src\traditional\proc\p18f87j50.asm
                   CCPR4L   0x000f74       data     extern C:\MCC18\src\traditional\proc\p18f87j50.asm
                    CCPR5   0x000f71       data     extern C:\MCC18\src\traditional\proc\p18f87j50.asm
                   CCPR5H   0x000f72       data     extern C:\MCC18\src\traditional\proc\p18f87j50.asm
                   CCPR5L   0x000f71       data     extern C:\MCC18\src\traditional\proc\p18f87j50.asm
                   CM1CON   0x000fd2       data     extern C:\MCC18\src\traditional\proc\p18f87j50.asm
                  CM1CON1   0x000fd2       data     extern C:\MCC18\src\traditional\proc\p18f87j50.asm
              CM1CON1bits   0x000fd2       data     extern C:\MCC18\src\traditional\proc\p18f87j50.asm
               CM1CONbits   0x000fd2       data     extern C:\MCC18\src\traditional\proc\p18f87j50.asm
                   CM2CON   0x000fd1       data     extern C:\MCC18\src\traditional\proc\p18f87j50.asm
                  CM2CON1   0x000fd1       data     extern C:\MCC18\src\traditional\proc\p18f87j50.asm
              CM2CON1bits   0x000fd1       data     extern C:\MCC18\src\traditional\proc\p18f87j50.asm
               CM2CONbits   0x000fd1       data     extern C:\MCC18\src\traditional\proc\p18f87j50.asm
                   CMSTAT   0x000f6a       data     extern C:\MCC18\src\traditional\proc\p18f87j50.asm
                 CMSTATUS   0x000f6a       data     extern C:\MCC18\src\traditional\proc\p18f87j50.asm
             CMSTATUSbits   0x000f6a       data     extern C:\MCC18\src\traditional\proc\p18f87j50.asm
               CMSTATbits   0x000f6a       data     extern C:\MCC18\src\traditional\proc\p18f87j50.asm
                   CVRCON   0x000f77       data     extern C:\MCC18\src\traditional\proc\p18f87j50.asm
               CVRCONbits   0x000f77       data     extern C:\MCC18\src\traditional\proc\p18f87j50.asm
              CtrlTrfData   0x000418       data     extern C:\MCHPFSUSB\fw\Hid\Mouse\system\usb\usbmmap.c
                     DDRA   0x000f92       data     extern C:\MCC18\src\traditional\proc\p18f87j50.asm
                 DDRAbits   0x000f92       data     extern C:\MCC18\src\traditional\proc\p18f87j50.asm
                     DDRB   0x000f93       data     extern C:\MCC18\src\traditional\proc\p18f87j50.asm
                 DDRBbits   0x000f93       data     extern C:\MCC18\src\traditional\proc\p18f87j50.asm
                     DDRC   0x000f94       data     extern C:\MCC18\src\traditional\proc\p18f87j50.asm
                 DDRCbits   0x000f94       data     extern C:\MCC18\src\traditional\proc\p18f87j50.asm
                     DDRD   0x000f95       data     extern C:\MCC18\src\traditional\proc\p18f87j50.asm
                 DDRDbits   0x000f95       data     extern C:\MCC18\src\traditional\proc\p18f87j50.asm
                     DDRE   0x000f96       data     extern C:\MCC18\src\traditional\proc\p18f87j50.asm
                 DDREbits   0x000f96       data     extern C:\MCC18\src\traditional\proc\p18f87j50.asm
                     DDRF   0x000f97       data     extern C:\MCC18\src\traditional\proc\p18f87j50.asm
                 DDRFbits   0x000f97       data     extern C:\MCC18\src\traditional\proc\p18f87j50.asm
                     DDRG   0x000f98       data     extern C:\MCC18\src\traditional\proc\p18f87j50.asm
                 DDRGbits   0x000f98       data     extern C:\MCC18\src\traditional\proc\p18f87j50.asm
                     DDRH   0x000f99       data     extern C:\MCC18\src\traditional\proc\p18f87j50.asm
                 DDRHbits   0x000f99       data     extern C:\MCC18\src\traditional\proc\p18f87j50.asm
                     DDRJ   0x000f9a       data     extern C:\MCC18\src\traditional\proc\p18f87j50.asm
                 DDRJbits   0x000f9a       data     extern C:\MCC18\src\traditional\proc\p18f87j50.asm
                  ECCP1AS   0x000fbf       data     extern C:\MCC18\src\traditional\proc\p18f87j50.asm
              ECCP1ASbits   0x000fbf       data     extern C:\MCC18\src\traditional\proc\p18f87j50.asm
                 ECCP1CON   0x000fbb       data     extern C:\MCC18\src\traditional\proc\p18f87j50.asm
             ECCP1CONbits   0x000fbb       data     extern C:\MCC18\src\traditional\proc\p18f87j50.asm
                 ECCP1DEL   0x000fbe       data     extern C:\MCC18\src\traditional\proc\p18f87j50.asm
             ECCP1DELbits   0x000fbe       data     extern C:\MCC18\src\traditional\proc\p18f87j50.asm
                  ECCP2AS   0x000fba       data     extern C:\MCC18\src\traditional\proc\p18f87j50.asm
              ECCP2ASbits   0x000fba       data     extern C:\MCC18\src\traditional\proc\p18f87j50.asm
                 ECCP2CON   0x000fb6       data     extern C:\MCC18\src\traditional\proc\p18f87j50.asm
             ECCP2CONbits   0x000fb6       data     extern C:\MCC18\src\traditional\proc\p18f87j50.asm
                 ECCP2DEL   0x000fb9       data     extern C:\MCC18\src\traditional\proc\p18f87j50.asm
             ECCP2DELbits   0x000fb9       data     extern C:\MCC18\src\traditional\proc\p18f87j50.asm
                  ECCP3AS   0x000fb5       data     extern C:\MCC18\src\traditional\proc\p18f87j50.asm
              ECCP3ASbits   0x000fb5       data     extern C:\MCC18\src\traditional\proc\p18f87j50.asm
                 ECCP3CON   0x000fb1       data     extern C:\MCC18\src\traditional\proc\p18f87j50.asm
             ECCP3CONbits   0x000fb1       data     extern C:\MCC18\src\traditional\proc\p18f87j50.asm
                 ECCP3DEL   0x000fb4       data     extern C:\MCC18\src\traditional\proc\p18f87j50.asm
             ECCP3DELbits   0x000fb4       data     extern C:\MCC18\src\traditional\proc\p18f87j50.asm
                   EECON1   0x000fa6       data     extern C:\MCC18\src\traditional\proc\p18f87j50.asm
               EECON1bits   0x000fa6       data     extern C:\MCC18\src\traditional\proc\p18f87j50.asm
                   EECON2   0x000fa7       data     extern C:\MCC18\src\traditional\proc\p18f87j50.asm
                     FSR0   0x000fe9       data     extern C:\MCC18\src\traditional\proc\p18f87j50.asm
                    FSR0H   0x000fea       data     extern C:\MCC18\src\traditional\proc\p18f87j50.asm
                    FSR0L   0x000fe9       data     extern C:\MCC18\src\traditional\proc\p18f87j50.asm
                     FSR1   0x000fe1       data     extern C:\MCC18\src\traditional\proc\p18f87j50.asm
                    FSR1H   0x000fe2       data     extern C:\MCC18\src\traditional\proc\p18f87j50.asm
                    FSR1L   0x000fe1       data     extern C:\MCC18\src\traditional\proc\p18f87j50.asm
                     FSR2   0x000fd9       data     extern C:\MCC18\src\traditional\proc\p18f87j50.asm
                    FSR2H   0x000fda       data     extern C:\MCC18\src\traditional\proc\p18f87j50.asm
                    FSR2L   0x000fd9       data     extern C:\MCC18\src\traditional\proc\p18f87j50.asm
                    INDF0   0x000fef       data     extern C:\MCC18\src\traditional\proc\p18f87j50.asm
                    INDF1   0x000fe7       data     extern C:\MCC18\src\traditional\proc\p18f87j50.asm
                    INDF2   0x000fdf       data     extern C:\MCC18\src\traditional\proc\p18f87j50.asm
                   INTCON   0x000ff2       data     extern C:\MCC18\src\traditional\proc\p18f87j50.asm
                  INTCON2   0x000ff1       data     extern C:\MCC18\src\traditional\proc\p18f87j50.asm
              INTCON2bits   0x000ff1       data     extern C:\MCC18\src\traditional\proc\p18f87j50.asm
                  INTCON3   0x000ff0       data     extern C:\MCC18\src\traditional\proc\p18f87j50.asm
              INTCON3bits   0x000ff0       data     extern C:\MCC18\src\traditional\proc\p18f87j50.asm
               INTCONbits   0x000ff2       data     extern C:\MCC18\src\traditional\proc\p18f87j50.asm
                     IPR1   0x000f9f       data     extern C:\MCC18\src\traditional\proc\p18f87j50.asm
                 IPR1bits   0x000f9f       data     extern C:\MCC18\src\traditional\proc\p18f87j50.asm
                     IPR2   0x000fa2       data     extern C:\MCC18\src\traditional\proc\p18f87j50.asm
                 IPR2bits   0x000fa2       data     extern C:\MCC18\src\traditional\proc\p18f87j50.asm
                     IPR3   0x000fa5       data     extern C:\MCC18\src\traditional\proc\p18f87j50.asm
                 IPR3bits   0x000fa5       data     extern C:\MCC18\src\traditional\proc\p18f87j50.asm
                     LATA   0x000f89       data     extern C:\MCC18\src\traditional\proc\p18f87j50.asm
                 LATAbits   0x000f89       data     extern C:\MCC18\src\traditional\proc\p18f87j50.asm
                     LATB   0x000f8a       data     extern C:\MCC18\src\traditional\proc\p18f87j50.asm
                 LATBbits   0x000f8a       data     extern C:\MCC18\src\traditional\proc\p18f87j50.asm
                     LATC   0x000f8b       data     extern C:\MCC18\src\traditional\proc\p18f87j50.asm
                 LATCbits   0x000f8b       data     extern C:\MCC18\src\traditional\proc\p18f87j50.asm
                     LATD   0x000f8c       data     extern C:\MCC18\src\traditional\proc\p18f87j50.asm
                 LATDbits   0x000f8c       data     extern C:\MCC18\src\traditional\proc\p18f87j50.asm
                     LATE   0x000f8d       data     extern C:\MCC18\src\traditional\proc\p18f87j50.asm
                 LATEbits   0x000f8d       data     extern C:\MCC18\src\traditional\proc\p18f87j50.asm
                     LATF   0x000f8e       data     extern C:\MCC18\src\traditional\proc\p18f87j50.asm
                 LATFbits   0x000f8e       data     extern C:\MCC18\src\traditional\proc\p18f87j50.asm
                     LATG   0x000f8f       data     extern C:\MCC18\src\traditional\proc\p18f87j50.asm
                 LATGbits   0x000f8f       data     extern C:\MCC18\src\traditional\proc\p18f87j50.asm
                     LATH   0x000f90       data     extern C:\MCC18\src\traditional\proc\p18f87j50.asm
                 LATHbits   0x000f90       data     extern C:\MCC18\src\traditional\proc\p18f87j50.asm
                     LATJ   0x000f91       data     extern C:\MCC18\src\traditional\proc\p18f87j50.asm
                 LATJbits   0x000f91       data     extern C:\MCC18\src\traditional\proc\p18f87j50.asm
                   MEMCON   0x000fcb       data     extern C:\MCC18\src\traditional\proc\p18f87j50.asm
               MEMCONbits   0x000fcb       data     extern C:\MCC18\src\traditional\proc\p18f87j50.asm
                   ODCON1   0x000fcf       data     extern C:\MCC18\src\traditional\proc\p18f87j50.asm
               ODCON1bits   0x000fcf       data     extern C:\MCC18\src\traditional\proc\p18f87j50.asm
                   ODCON2   0x000fce       data     extern C:\MCC18\src\traditional\proc\p18f87j50.asm
               ODCON2bits   0x000fce       data     extern C:\MCC18\src\traditional\proc\p18f87j50.asm
                   ODCON3   0x000fcd       data     extern C:\MCC18\src\traditional\proc\p18f87j50.asm
               ODCON3bits   0x000fcd       data     extern C:\MCC18\src\traditional\proc\p18f87j50.asm
                   OSCCON   0x000fd3       data     extern C:\MCC18\src\traditional\proc\p18f87j50.asm
               OSCCONbits   0x000fd3       data     extern C:\MCC18\src\traditional\proc\p18f87j50.asm
                  OSCTUNE   0x000f9b       data     extern C:\MCC18\src\traditional\proc\p18f87j50.asm
              OSCTUNEbits   0x000f9b       data     extern C:\MCC18\src\traditional\proc\p18f87j50.asm
                  PADCFG1   0x000fcc       data     extern C:\MCC18\src\traditional\proc\p18f87j50.asm
              PADCFG1bits   0x000fcc       data     extern C:\MCC18\src\traditional\proc\p18f87j50.asm
                       PC   0x000ff9       data     extern C:\MCC18\src\traditional\proc\p18f87j50.asm
                      PCL   0x000ff9       data     extern C:\MCC18\src\traditional\proc\p18f87j50.asm
                   PCLATH   0x000ffa       data     extern C:\MCC18\src\traditional\proc\p18f87j50.asm
                   PCLATU   0x000ffb       data     extern C:\MCC18\src\traditional\proc\p18f87j50.asm
                     PIE1   0x000f9d       data     extern C:\MCC18\src\traditional\proc\p18f87j50.asm
                 PIE1bits   0x000f9d       data     extern C:\MCC18\src\traditional\proc\p18f87j50.asm
                     PIE2   0x000fa0       data     extern C:\MCC18\src\traditional\proc\p18f87j50.asm
                 PIE2bits   0x000fa0       data     extern C:\MCC18\src\traditional\proc\p18f87j50.asm
                     PIE3   0x000fa3       data     extern C:\MCC18\src\traditional\proc\p18f87j50.asm
                 PIE3bits   0x000fa3       data     extern C:\MCC18\src\traditional\proc\p18f87j50.asm
                     PIR1   0x000f9e       data     extern C:\MCC18\src\traditional\proc\p18f87j50.asm
                 PIR1bits   0x000f9e       data     extern C:\MCC18\src\traditional\proc\p18f87j50.asm
                     PIR2   0x000fa1       data     extern C:\MCC18\src\traditional\proc\p18f87j50.asm
                 PIR2bits   0x000fa1       data     extern C:\MCC18\src\traditional\proc\p18f87j50.asm
                     PIR3   0x000fa4       data     extern C:\MCC18\src\traditional\proc\p18f87j50.asm
                 PIR3bits   0x000fa4       data     extern C:\MCC18\src\traditional\proc\p18f87j50.asm
                   PLUSW0   0x000feb       data     extern C:\MCC18\src\traditional\proc\p18f87j50.asm
                   PLUSW1   0x000fe3       data     extern C:\MCC18\src\traditional\proc\p18f87j50.asm
                   PLUSW2   0x000fdb       data     extern C:\MCC18\src\traditional\proc\p18f87j50.asm
                   PMADDR   0x000f68       data     extern C:\MCC18\src\traditional\proc\p18f87j50.asm
                  PMADDRH   0x000f69       data     extern C:\MCC18\src\traditional\proc\p18f87j50.asm
              PMADDRHbits   0x000f69       data     extern C:\MCC18\src\traditional\proc\p18f87j50.asm
                  PMADDRL   0x000f68       data     extern C:\MCC18\src\traditional\proc\p18f87j50.asm
                    PMCON   0x000f4a       data     extern C:\MCC18\src\traditional\proc\p18f87j50.asm
                   PMCONH   0x000f4b       data     extern C:\MCC18\src\traditional\proc\p18f87j50.asm
               PMCONHbits   0x000f4b       data     extern C:\MCC18\src\traditional\proc\p18f87j50.asm
                   PMCONL   0x000f4a       data     extern C:\MCC18\src\traditional\proc\p18f87j50.asm
               PMCONLbits   0x000f4a       data     extern C:\MCC18\src\traditional\proc\p18f87j50.asm
                   PMDIN1   0x000f66       data     extern C:\MCC18\src\traditional\proc\p18f87j50.asm
                  PMDIN1H   0x000f67       data     extern C:\MCC18\src\traditional\proc\p18f87j50.asm
                  PMDIN1L   0x000f66       data     extern C:\MCC18\src\traditional\proc\p18f87j50.asm
                   PMDIN2   0x000f44       data     extern C:\MCC18\src\traditional\proc\p18f87j50.asm
                  PMDIN2H   0x000f45       data     extern C:\MCC18\src\traditional\proc\p18f87j50.asm
                  PMDIN2L   0x000f44       data     extern C:\MCC18\src\traditional\proc\p18f87j50.asm
                  PMDOUT1   0x000f68       data     extern C:\MCC18\src\traditional\proc\p18f87j50.asm
                 PMDOUT1H   0x000f69       data     extern C:\MCC18\src\traditional\proc\p18f87j50.asm
                 PMDOUT1L   0x000f68       data     extern C:\MCC18\src\traditional\proc\p18f87j50.asm
                  PMDOUT2   0x000f46       data     extern C:\MCC18\src\traditional\proc\p18f87j50.asm
                 PMDOUT2H   0x000f47       data     extern C:\MCC18\src\traditional\proc\p18f87j50.asm
                 PMDOUT2L   0x000f46       data     extern C:\MCC18\src\traditional\proc\p18f87j50.asm
                     PMEH   0x000f43       data     extern C:\MCC18\src\traditional\proc\p18f87j50.asm
                 PMEHbits   0x000f43       data     extern C:\MCC18\src\traditional\proc\p18f87j50.asm
                     PMEL   0x000f42       data     extern C:\MCC18\src\traditional\proc\p18f87j50.asm
                 PMELbits   0x000f42       data     extern C:\MCC18\src\traditional\proc\p18f87j50.asm
                     PMEN   0x000f42       data     extern C:\MCC18\src\traditional\proc\p18f87j50.asm
                   PMMODE   0x000f48       data     extern C:\MCC18\src\traditional\proc\p18f87j50.asm
                  PMMODEH   0x000f49       data     extern C:\MCC18\src\traditional\proc\p18f87j50.asm
              PMMODEHbits   0x000f49       data     extern C:\MCC18\src\traditional\proc\p18f87j50.asm
                  PMMODEL   0x000f48       data     extern C:\MCC18\src\traditional\proc\p18f87j50.asm
              PMMODELbits   0x000f48       data     extern C:\MCC18\src\traditional\proc\p18f87j50.asm
                   PMSTAT   0x000f40       data     extern C:\MCC18\src\traditional\proc\p18f87j50.asm
                  PMSTATH   0x000f41       data     extern C:\MCC18\src\traditional\proc\p18f87j50.asm
              PMSTATHbits   0x000f41       data     extern C:\MCC18\src\traditional\proc\p18f87j50.asm
                  PMSTATL   0x000f40       data     extern C:\MCC18\src\traditional\proc\p18f87j50.asm
              PMSTATLbits   0x000f40       data     extern C:\MCC18\src\traditional\proc\p18f87j50.asm
                    PORTA   0x000f80       data     extern C:\MCC18\src\traditional\proc\p18f87j50.asm
                PORTAbits   0x000f80       data     extern C:\MCC18\src\traditional\proc\p18f87j50.asm
                    PORTB   0x000f81       data     extern C:\MCC18\src\traditional\proc\p18f87j50.asm
                PORTBbits   0x000f81       data     extern C:\MCC18\src\traditional\proc\p18f87j50.asm
                    PORTC   0x000f82       data     extern C:\MCC18\src\traditional\proc\p18f87j50.asm
                PORTCbits   0x000f82       data     extern C:\MCC18\src\traditional\proc\p18f87j50.asm
                    PORTD   0x000f83       data     extern C:\MCC18\src\traditional\proc\p18f87j50.asm
                PORTDbits   0x000f83       data     extern C:\MCC18\src\traditional\proc\p18f87j50.asm
                    PORTE   0x000f84       data     extern C:\MCC18\src\traditional\proc\p18f87j50.asm
                PORTEbits   0x000f84       data     extern C:\MCC18\src\traditional\proc\p18f87j50.asm
                    PORTF   0x000f85       data     extern C:\MCC18\src\traditional\proc\p18f87j50.asm
                PORTFbits   0x000f85       data     extern C:\MCC18\src\traditional\proc\p18f87j50.asm
                    PORTG   0x000f86       data     extern C:\MCC18\src\traditional\proc\p18f87j50.asm
                PORTGbits   0x000f86       data     extern C:\MCC18\src\traditional\proc\p18f87j50.asm
                    PORTH   0x000f87       data     extern C:\MCC18\src\traditional\proc\p18f87j50.asm
                PORTHbits   0x000f87       data     extern C:\MCC18\src\traditional\proc\p18f87j50.asm
                    PORTJ   0x000f88       data     extern C:\MCC18\src\traditional\proc\p18f87j50.asm
                PORTJbits   0x000f88       data     extern C:\MCC18\src\traditional\proc\p18f87j50.asm
                 POSTDEC0   0x000fed       data     extern C:\MCC18\src\traditional\proc\p18f87j50.asm
                 POSTDEC1   0x000fe5       data     extern C:\MCC18\src\traditional\proc\p18f87j50.asm
                 POSTDEC2   0x000fdd       data     extern C:\MCC18\src\traditional\proc\p18f87j50.asm
                 POSTINC0   0x000fee       data     extern C:\MCC18\src\traditional\proc\p18f87j50.asm
                 POSTINC1   0x000fe6       data     extern C:\MCC18\src\traditional\proc\p18f87j50.asm
                 POSTINC2   0x000fde       data     extern C:\MCC18\src\traditional\proc\p18f87j50.asm
                      PR2   0x000fcb       data     extern C:\MCC18\src\traditional\proc\p18f87j50.asm
                      PR4   0x000f77       data     extern C:\MCC18\src\traditional\proc\p18f87j50.asm
                  PREINC0   0x000fec       data     extern C:\MCC18\src\traditional\proc\p18f87j50.asm
                  PREINC1   0x000fe4       data     extern C:\MCC18\src\traditional\proc\p18f87j50.asm
                  PREINC2   0x000fdc       data     extern C:\MCC18\src\traditional\proc\p18f87j50.asm
                     PROD   0x000ff3       data     extern C:\MCC18\src\traditional\proc\p18f87j50.asm
                    PRODH   0x000ff4       data     extern C:\MCC18\src\traditional\proc\p18f87j50.asm
                    PRODL   0x000ff3       data     extern C:\MCC18\src\traditional\proc\p18f87j50.asm
                     RCON   0x000fd0       data     extern C:\MCC18\src\traditional\proc\p18f87j50.asm
                 RCONbits   0x000fd0       data     extern C:\MCC18\src\traditional\proc\p18f87j50.asm
                    RCREG   0x000faf       data     extern C:\MCC18\src\traditional\proc\p18f87j50.asm
                   RCREG1   0x000faf       data     extern C:\MCC18\src\traditional\proc\p18f87j50.asm
                   RCREG2   0x000faa       data     extern C:\MCC18\src\traditional\proc\p18f87j50.asm
                    RCSTA   0x000fac       data     extern C:\MCC18\src\traditional\proc\p18f87j50.asm
                   RCSTA1   0x000fac       data     extern C:\MCC18\src\traditional\proc\p18f87j50.asm
               RCSTA1bits   0x000fac       data     extern C:\MCC18\src\traditional\proc\p18f87j50.asm
                   RCSTA2   0x000f9c       data     extern C:\MCC18\src\traditional\proc\p18f87j50.asm
               RCSTA2bits   0x000f9c       data     extern C:\MCC18\src\traditional\proc\p18f87j50.asm
                RCSTAbits   0x000fac       data     extern C:\MCC18\src\traditional\proc\p18f87j50.asm
                  REFOCON   0x000fd3       data     extern C:\MCC18\src\traditional\proc\p18f87j50.asm
              REFOCONbits   0x000fd3       data     extern C:\MCC18\src\traditional\proc\p18f87j50.asm
                     SIGN   0x000000       data     extern C:\MCC18\SRC\TRADIT~1\MATH\cmath18.asm
                    SPBRG   0x000fb0       data     extern C:\MCC18\src\traditional\proc\p18f87j50.asm
                   SPBRG1   0x000fb0       data     extern C:\MCC18\src\traditional\proc\p18f87j50.asm
                   SPBRG2   0x000fab       data     extern C:\MCC18\src\traditional\proc\p18f87j50.asm
                  SPBRGH1   0x000f7f       data     extern C:\MCC18\src\traditional\proc\p18f87j50.asm
                  SPBRGH2   0x000f7d       data     extern C:\MCC18\src\traditional\proc\p18f87j50.asm
                  SSP1ADD   0x000fc8       data     extern C:\MCC18\src\traditional\proc\p18f87j50.asm
                  SSP1BUF   0x000fc9       data     extern C:\MCC18\src\traditional\proc\p18f87j50.asm
                 SSP1CON1   0x000fc6       data     extern C:\MCC18\src\traditional\proc\p18f87j50.asm
             SSP1CON1bits   0x000fc6       data     extern C:\MCC18\src\traditional\proc\p18f87j50.asm
                 SSP1CON2   0x000fc5       data     extern C:\MCC18\src\traditional\proc\p18f87j50.asm
             SSP1CON2bits   0x000fc5       data     extern C:\MCC18\src\traditional\proc\p18f87j50.asm
                  SSP1MSK   0x000fc8       data     extern C:\MCC18\src\traditional\proc\p18f87j50.asm
                 SSP1STAT   0x000fc7       data     extern C:\MCC18\src\traditional\proc\p18f87j50.asm
             SSP1STATbits   0x000fc7       data     extern C:\MCC18\src\traditional\proc\p18f87j50.asm
                  SSP2ADD   0x000f6e       data     extern C:\MCC18\src\traditional\proc\p18f87j50.asm
                  SSP2BUF   0x000f6f       data     extern C:\MCC18\src\traditional\proc\p18f87j50.asm
                 SSP2CON1   0x000f6c       data     extern C:\MCC18\src\traditional\proc\p18f87j50.asm
             SSP2CON1bits   0x000f6c       data     extern C:\MCC18\src\traditional\proc\p18f87j50.asm
                 SSP2CON2   0x000f6b       data     extern C:\MCC18\src\traditional\proc\p18f87j50.asm
             SSP2CON2bits   0x000f6b       data     extern C:\MCC18\src\traditional\proc\p18f87j50.asm
                  SSP2MSK   0x000f6e       data     extern C:\MCC18\src\traditional\proc\p18f87j50.asm
              SSP2MSKbits   0x000f6e       data     extern C:\MCC18\src\traditional\proc\p18f87j50.asm
                 SSP2STAT   0x000f6d       data     extern C:\MCC18\src\traditional\proc\p18f87j50.asm
             SSP2STATbits   0x000f6d       data     extern C:\MCC18\src\traditional\proc\p18f87j50.asm
                   SSPADD   0x000fc8       data     extern C:\MCC18\src\traditional\proc\p18f87j50.asm
                   SSPBUF   0x000fc9       data     extern C:\MCC18\src\traditional\proc\p18f87j50.asm
                  SSPCON1   0x000fc6       data     extern C:\MCC18\src\traditional\proc\p18f87j50.asm
              SSPCON1bits   0x000fc6       data     extern C:\MCC18\src\traditional\proc\p18f87j50.asm
                  SSPCON2   0x000fc5       data     extern C:\MCC18\src\traditional\proc\p18f87j50.asm
              SSPCON2bits   0x000fc5       data     extern C:\MCC18\src\traditional\proc\p18f87j50.asm
                  SSPSTAT   0x000fc7       data     extern C:\MCC18\src\traditional\proc\p18f87j50.asm
              SSPSTATbits   0x000fc7       data     extern C:\MCC18\src\traditional\proc\p18f87j50.asm
                   STATUS   0x000fd8       data     extern C:\MCC18\src\traditional\proc\p18f87j50.asm
               STATUSbits   0x000fd8       data     extern C:\MCC18\src\traditional\proc\p18f87j50.asm
                   STKPTR   0x000ffc       data     extern C:\MCC18\src\traditional\proc\p18f87j50.asm
               STKPTRbits   0x000ffc       data     extern C:\MCC18\src\traditional\proc\p18f87j50.asm
                 SetupPkt   0x000410       data     extern C:\MCHPFSUSB\fw\Hid\Mouse\system\usb\usbmmap.c
                    T0CON   0x000fd5       data     extern C:\MCC18\src\traditional\proc\p18f87j50.asm
                T0CONbits   0x000fd5       data     extern C:\MCC18\src\traditional\proc\p18f87j50.asm
                    T1CON   0x000fcd       data     extern C:\MCC18\src\traditional\proc\p18f87j50.asm
                T1CONbits   0x000fcd       data     extern C:\MCC18\src\traditional\proc\p18f87j50.asm
                    T2CON   0x000fca       data     extern C:\MCC18\src\traditional\proc\p18f87j50.asm
                T2CONbits   0x000fca       data     extern C:\MCC18\src\traditional\proc\p18f87j50.asm
                    T3CON   0x000f79       data     extern C:\MCC18\src\traditional\proc\p18f87j50.asm
                T3CONbits   0x000f79       data     extern C:\MCC18\src\traditional\proc\p18f87j50.asm
                    T4CON   0x000f76       data     extern C:\MCC18\src\traditional\proc\p18f87j50.asm
                T4CONbits   0x000f76       data     extern C:\MCC18\src\traditional\proc\p18f87j50.asm
                   TABLAT   0x000ff5       data     extern C:\MCC18\src\traditional\proc\p18f87j50.asm
                   TBLPTR   0x000ff6       data     extern C:\MCC18\src\traditional\proc\p18f87j50.asm
                  TBLPTRH   0x000ff7       data     extern C:\MCC18\src\traditional\proc\p18f87j50.asm
                  TBLPTRL   0x000ff6       data     extern C:\MCC18\src\traditional\proc\p18f87j50.asm
                  TBLPTRU   0x000ff8       data     extern C:\MCC18\src\traditional\proc\p18f87j50.asm
                    TMR0H   0x000fd7       data     extern C:\MCC18\src\traditional\proc\p18f87j50.asm
                    TMR0L   0x000fd6       data     extern C:\MCC18\src\traditional\proc\p18f87j50.asm
                    TMR1H   0x000fcf       data     extern C:\MCC18\src\traditional\proc\p18f87j50.asm
                    TMR1L   0x000fce       data     extern C:\MCC18\src\traditional\proc\p18f87j50.asm
                     TMR2   0x000fcc       data     extern C:\MCC18\src\traditional\proc\p18f87j50.asm
                    TMR3H   0x000f7b       data     extern C:\MCC18\src\traditional\proc\p18f87j50.asm
                    TMR3L   0x000f7a       data     extern C:\MCC18\src\traditional\proc\p18f87j50.asm
                     TMR4   0x000f78       data     extern C:\MCC18\src\traditional\proc\p18f87j50.asm
                      TOS   0x000ffd       data     extern C:\MCC18\src\traditional\proc\p18f87j50.asm
                     TOSH   0x000ffe       data     extern C:\MCC18\src\traditional\proc\p18f87j50.asm
                     TOSL   0x000ffd       data     extern C:\MCC18\src\traditional\proc\p18f87j50.asm
                     TOSU   0x000fff       data     extern C:\MCC18\src\traditional\proc\p18f87j50.asm
                    TRISA   0x000f92       data     extern C:\MCC18\src\traditional\proc\p18f87j50.asm
                TRISAbits   0x000f92       data     extern C:\MCC18\src\traditional\proc\p18f87j50.asm
                    TRISB   0x000f93       data     extern C:\MCC18\src\traditional\proc\p18f87j50.asm
                TRISBbits   0x000f93       data     extern C:\MCC18\src\traditional\proc\p18f87j50.asm
                    TRISC   0x000f94       data     extern C:\MCC18\src\traditional\proc\p18f87j50.asm
                TRISCbits   0x000f94       data     extern C:\MCC18\src\traditional\proc\p18f87j50.asm
                    TRISD   0x000f95       data     extern C:\MCC18\src\traditional\proc\p18f87j50.asm
                TRISDbits   0x000f95       data     extern C:\MCC18\src\traditional\proc\p18f87j50.asm
                    TRISE   0x000f96       data     extern C:\MCC18\src\traditional\proc\p18f87j50.asm
                TRISEbits   0x000f96       data     extern C:\MCC18\src\traditional\proc\p18f87j50.asm
                    TRISF   0x000f97       data     extern C:\MCC18\src\traditional\proc\p18f87j50.asm
                TRISFbits   0x000f97       data     extern C:\MCC18\src\traditional\proc\p18f87j50.asm
                    TRISG   0x000f98       data     extern C:\MCC18\src\traditional\proc\p18f87j50.asm
                TRISGbits   0x000f98       data     extern C:\MCC18\src\traditional\proc\p18f87j50.asm
                    TRISH   0x000f99       data     extern C:\MCC18\src\traditional\proc\p18f87j50.asm
                TRISHbits   0x000f99       data     extern C:\MCC18\src\traditional\proc\p18f87j50.asm
                    TRISJ   0x000f9a       data     extern C:\MCC18\src\traditional\proc\p18f87j50.asm
                TRISJbits   0x000f9a       data     extern C:\MCC18\src\traditional\proc\p18f87j50.asm
                    TXREG   0x000fae       data     extern C:\MCC18\src\traditional\proc\p18f87j50.asm
                   TXREG1   0x000fae       data     extern C:\MCC18\src\traditional\proc\p18f87j50.asm
                   TXREG2   0x000fa9       data     extern C:\MCC18\src\traditional\proc\p18f87j50.asm
                    TXSTA   0x000fad       data     extern C:\MCC18\src\traditional\proc\p18f87j50.asm
                   TXSTA1   0x000fad       data     extern C:\MCC18\src\traditional\proc\p18f87j50.asm
               TXSTA1bits   0x000fad       data     extern C:\MCC18\src\traditional\proc\p18f87j50.asm
                   TXSTA2   0x000fa8       data     extern C:\MCC18\src\traditional\proc\p18f87j50.asm
               TXSTA2bits   0x000fa8       data     extern C:\MCC18\src\traditional\proc\p18f87j50.asm
                TXSTAbits   0x000fad       data     extern C:\MCC18\src\traditional\proc\p18f87j50.asm
                    UADDR   0x000f5e       data     extern C:\MCC18\src\traditional\proc\p18f87j50.asm
                UADDRbits   0x000f5e       data     extern C:\MCC18\src\traditional\proc\p18f87j50.asm
                     UCFG   0x000f5f       data     extern C:\MCC18\src\traditional\proc\p18f87j50.asm
                 UCFGbits   0x000f5f       data     extern C:\MCC18\src\traditional\proc\p18f87j50.asm
                     UCON   0x000f65       data     extern C:\MCC18\src\traditional\proc\p18f87j50.asm
                 UCONbits   0x000f65       data     extern C:\MCC18\src\traditional\proc\p18f87j50.asm
                     UEIE   0x000f5d       data     extern C:\MCC18\src\traditional\proc\p18f87j50.asm
                 UEIEbits   0x000f5d       data     extern C:\MCC18\src\traditional\proc\p18f87j50.asm
                     UEIR   0x000f63       data     extern C:\MCC18\src\traditional\proc\p18f87j50.asm
                 UEIRbits   0x000f63       data     extern C:\MCC18\src\traditional\proc\p18f87j50.asm
                     UEP0   0x000f4c       data     extern C:\MCC18\src\traditional\proc\p18f87j50.asm
                 UEP0bits   0x000f4c       data     extern C:\MCC18\src\traditional\proc\p18f87j50.asm
                     UEP1   0x000f4d       data     extern C:\MCC18\src\traditional\proc\p18f87j50.asm
                    UEP10   0x000f56       data     extern C:\MCC18\src\traditional\proc\p18f87j50.asm
                UEP10bits   0x000f56       data     extern C:\MCC18\src\traditional\proc\p18f87j50.asm
                    UEP11   0x000f57       data     extern C:\MCC18\src\traditional\proc\p18f87j50.asm
                UEP11bits   0x000f57       data     extern C:\MCC18\src\traditional\proc\p18f87j50.asm
                    UEP12   0x000f58       data     extern C:\MCC18\src\traditional\proc\p18f87j50.asm
                UEP12bits   0x000f58       data     extern C:\MCC18\src\traditional\proc\p18f87j50.asm
                    UEP13   0x000f59       data     extern C:\MCC18\src\traditional\proc\p18f87j50.asm
                UEP13bits   0x000f59       data     extern C:\MCC18\src\traditional\proc\p18f87j50.asm
                    UEP14   0x000f5a       data     extern C:\MCC18\src\traditional\proc\p18f87j50.asm
                UEP14bits   0x000f5a       data     extern C:\MCC18\src\traditional\proc\p18f87j50.asm
                    UEP15   0x000f5b       data     extern C:\MCC18\src\traditional\proc\p18f87j50.asm
                UEP15bits   0x000f5b       data     extern C:\MCC18\src\traditional\proc\p18f87j50.asm
                 UEP1bits   0x000f4d       data     extern C:\MCC18\src\traditional\proc\p18f87j50.asm
                     UEP2   0x000f4e       data     extern C:\MCC18\src\traditional\proc\p18f87j50.asm
                 UEP2bits   0x000f4e       data     extern C:\MCC18\src\traditional\proc\p18f87j50.asm
                     UEP3   0x000f4f       data     extern C:\MCC18\src\traditional\proc\p18f87j50.asm
                 UEP3bits   0x000f4f       data     extern C:\MCC18\src\traditional\proc\p18f87j50.asm
                     UEP4   0x000f50       data     extern C:\MCC18\src\traditional\proc\p18f87j50.asm
                 UEP4bits   0x000f50       data     extern C:\MCC18\src\traditional\proc\p18f87j50.asm
                     UEP5   0x000f51       data     extern C:\MCC18\src\traditional\proc\p18f87j50.asm
                 UEP5bits   0x000f51       data     extern C:\MCC18\src\traditional\proc\p18f87j50.asm
                     UEP6   0x000f52       data     extern C:\MCC18\src\traditional\proc\p18f87j50.asm
                 UEP6bits   0x000f52       data     extern C:\MCC18\src\traditional\proc\p18f87j50.asm
                     UEP7   0x000f53       data     extern C:\MCC18\src\traditional\proc\p18f87j50.asm
                 UEP7bits   0x000f53       data     extern C:\MCC18\src\traditional\proc\p18f87j50.asm
                     UEP8   0x000f54       data     extern C:\MCC18\src\traditional\proc\p18f87j50.asm
                 UEP8bits   0x000f54       data     extern C:\MCC18\src\traditional\proc\p18f87j50.asm
                     UEP9   0x000f55       data     extern C:\MCC18\src\traditional\proc\p18f87j50.asm
                 UEP9bits   0x000f55       data     extern C:\MCC18\src\traditional\proc\p18f87j50.asm
                     UFRM   0x000f60       data     extern C:\MCC18\src\traditional\proc\p18f87j50.asm
                    UFRMH   0x000f61       data     extern C:\MCC18\src\traditional\proc\p18f87j50.asm
                UFRMHbits   0x000f61       data     extern C:\MCC18\src\traditional\proc\p18f87j50.asm
                    UFRML   0x000f60       data     extern C:\MCC18\src\traditional\proc\p18f87j50.asm
                UFRMLbits   0x000f60       data     extern C:\MCC18\src\traditional\proc\p18f87j50.asm
                      UIE   0x000f5c       data     extern C:\MCC18\src\traditional\proc\p18f87j50.asm
                  UIEbits   0x000f5c       data     extern C:\MCC18\src\traditional\proc\p18f87j50.asm
                      UIR   0x000f62       data     extern C:\MCC18\src\traditional\proc\p18f87j50.asm
                  UIRbits   0x000f62       data     extern C:\MCC18\src\traditional\proc\p18f87j50.asm
                    USTAT   0x000f64       data     extern C:\MCC18\src\traditional\proc\p18f87j50.asm
                USTATbits   0x000f64       data     extern C:\MCC18\src\traditional\proc\p18f87j50.asm
                   WDTCON   0x000fc0       data     extern C:\MCC18\src\traditional\proc\p18f87j50.asm
               WDTCONbits   0x000fc0       data     extern C:\MCC18\src\traditional\proc\p18f87j50.asm
                     WREG   0x000fe8       data     extern C:\MCC18\src\traditional\proc\p18f87j50.asm
                __FPFLAGS   0x000001       data     extern C:\MCC18\SRC\TRADIT~1\MATH\cmath18.asm
            __FPFLAGSbits   0x000001       data     extern C:\MCC18\SRC\TRADIT~1\MATH\cmath18.asm
                  __tmp_0   0x000002       data     static C:\MCHPFSUSB\fw\Hid\Mouse\system\usb\usb9\usb9.c
                  __tmp_0   0x000002       data     static C:\MCHPFSUSB\fw\Hid\Mouse\system\usb\usbctrltrf\usbctrltrf.c
                  __tmp_0   0x000002       data     static C:\MCHPFSUSB\fw\Hid\Mouse\system\usb\class\hid\hid.c
                  __tmp_0   0x000002       data     static C:\MCHPFSUSB\fw\Hid\Mouse\main.c
          active_protocol   0x000f22       data     extern C:\MCHPFSUSB\fw\Hid\Mouse\system\usb\class\hid\hid.c
              bTRNIFCount   0x000f1e       data     extern C:\MCHPFSUSB\fw\Hid\Mouse\system\usb\usbdrv\usbdrv.c
                   buffer   0x000f17       data     extern C:\MCHPFSUSB\fw\Hid\Mouse\user\user_mouse.c
   ctrl_trf_session_owner   0x000f0b       data     extern C:\MCHPFSUSB\fw\Hid\Mouse\system\usb\usbctrltrf\usbctrltrf.c
           ctrl_trf_state   0x000f0a       data     extern C:\MCHPFSUSB\fw\Hid\Mouse\system\usb\usbctrltrf\usbctrltrf.c
                curr_byte   0x000f03       data     static C:\MCC18\src\traditional\startup\c018i.c
               curr_entry   0x000f05       data     static C:\MCC18\src\traditional\startup\c018i.c
                 data_ptr   0x000f07       data     static C:\MCC18\src\traditional\startup\c018i.c
              delay_count   0x000f1f       data     static C:\MCHPFSUSB\fw\Hid\Mouse\system\usb\usbdrv\usbdrv.c
             emulate_mode   0x000f15       data     extern C:\MCHPFSUSB\fw\Hid\Mouse\user\user_mouse.c
                    ep0Bi   0x000404       data     extern C:\MCHPFSUSB\fw\Hid\Mouse\system\usb\usbmmap.c
                    ep0Bo   0x000400       data     extern C:\MCHPFSUSB\fw\Hid\Mouse\system\usb\usbmmap.c
                    ep1Bi   0x00040c       data     extern C:\MCHPFSUSB\fw\Hid\Mouse\system\usb\usbmmap.c
                    ep1Bo   0x000408       data     extern C:\MCHPFSUSB\fw\Hid\Mouse\system\usb\usbmmap.c
            hid_report_in   0x000423       data     extern C:\MCHPFSUSB\fw\Hid\Mouse\system\usb\usbmmap.c
           hid_report_out   0x000420       data     extern C:\MCHPFSUSB\fw\Hid\Mouse\system\usb\usbmmap.c
           hid_rpt_rx_len   0x000f23       data     extern C:\MCHPFSUSB\fw\Hid\Mouse\system\usb\class\hid\hid.c
                idle_rate   0x000f21       data     extern C:\MCHPFSUSB\fw\Hid\Mouse\system\usb\class\hid\hid.c
                led_count   0x000f25       data     static C:\MCHPFSUSB\fw\Hid\Mouse\user\user_mouse.c
          movement_length   0x000f16       data     extern C:\MCHPFSUSB\fw\Hid\Mouse\user\user_mouse.c
                  old_sw2   0x000f13       data     extern C:\MCHPFSUSB\fw\Hid\Mouse\user\user_mouse.c
                  old_sw3   0x000f14       data     extern C:\MCHPFSUSB\fw\Hid\Mouse\user\user_mouse.c
                     pDst   0x000f0e       data     extern C:\MCHPFSUSB\fw\Hid\Mouse\system\usb\usbctrltrf\usbctrltrf.c
                     pSrc   0x000f0c       data     extern C:\MCHPFSUSB\fw\Hid\Mouse\system\usb\usbctrltrf\usbctrltrf.c
                     prom   0x000f00       data     static C:\MCC18\src\traditional\startup\c018i.c
         short_pkt_status   0x000f12       data     extern C:\MCHPFSUSB\fw\Hid\Mouse\system\usb\usbctrltrf\usbctrltrf.c
           usb_active_cfg   0x000f1c       data     extern C:\MCHPFSUSB\fw\Hid\Mouse\system\usb\usbmmap.c
             usb_alt_intf   0x000f1d       data     extern C:\MCHPFSUSB\fw\Hid\Mouse\system\usb\usbmmap.c
         usb_device_state   0x000f1a       data     extern C:\MCHPFSUSB\fw\Hid\Mouse\system\usb\usbmmap.c
                 usb_stat   0x000f1b       data     extern C:\MCHPFSUSB\fw\Hid\Mouse\system\usb\usbmmap.c
                   vector   0x000f24       data     extern C:\MCHPFSUSB\fw\Hid\Mouse\user\user_mouse.c
                   wCount   0x000f10       data     extern C:\MCHPFSUSB\fw\Hid\Mouse\system\usb\usbctrltrf\usbctrltrf.c



                              Symbols - Sorted by Address
                     Name    Address   Location    Storage File                     
                ---------  ---------  ---------  --------- ---------                
                   _entry   0x000000    program     extern C:\MCC18\src\traditional\startup\c018i.c
       ___return_lbl00000   0x000004    program     static                          
         USBCtrlEPService   0x000038    program     extern C:\MCHPFSUSB\fw\Hid\Mouse\system\usb\usbctrltrf\usbctrltrf.c
   USBCtrlTrfSetupHandler   0x00006a    program     extern C:\MCHPFSUSB\fw\Hid\Mouse\system\usb\usbctrltrf\usbctrltrf.c
     USBCtrlTrfOutHandler   0x0000de    program     extern C:\MCHPFSUSB\fw\Hid\Mouse\system\usb\usbctrltrf\usbctrltrf.c
      USBCtrlTrfInHandler   0x0000fe    program     extern C:\MCHPFSUSB\fw\Hid\Mouse\system\usb\usbctrltrf\usbctrltrf.c
      USBCtrlTrfTxService   0x00014e    program     extern C:\MCHPFSUSB\fw\Hid\Mouse\system\usb\usbctrltrf\usbctrltrf.c
      USBCtrlTrfRxService   0x00023c    program     extern C:\MCHPFSUSB\fw\Hid\Mouse\system\usb\usbctrltrf\usbctrltrf.c
 USBCtrlEPServiceComplete   0x0002b6    program     extern C:\MCHPFSUSB\fw\Hid\Mouse\system\usb\usbctrltrf\usbctrltrf.c
USBPrepareForNextSetupTrf   0x000342    program     extern C:\MCHPFSUSB\fw\Hid\Mouse\system\usb\usbctrltrf\usbctrltrf.c
       USBCheckStdRequest   0x0003e4    program     extern C:\MCHPFSUSB\fw\Hid\Mouse\system\usb\usb9\usb9.c
      USBStdGetDscHandler   0x0004a6    program     extern C:\MCHPFSUSB\fw\Hid\Mouse\system\usb\usb9\usb9.c
      USBStdSetCfgHandler   0x00055e    program     extern C:\MCHPFSUSB\fw\Hid\Mouse\system\usb\usb9\usb9.c
   USBStdGetStatusHandler   0x0005ae    program     extern C:\MCHPFSUSB\fw\Hid\Mouse\system\usb\usb9\usb9.c
  USBStdFeatureReqHandler   0x00064c    program     extern C:\MCHPFSUSB\fw\Hid\Mouse\system\usb\usb9\usb9.c
               device_dsc   0x0006f0    program     extern C:\MCHPFSUSB\fw\Hid\Mouse\autofiles\usbdsc.c
                    cfg01   0x000702    program     extern C:\MCHPFSUSB\fw\Hid\Mouse\autofiles\usbdsc.c
                    sd000   0x000724    program     extern C:\MCHPFSUSB\fw\Hid\Mouse\autofiles\usbdsc.c
                    sd001   0x000728    program     extern C:\MCHPFSUSB\fw\Hid\Mouse\autofiles\usbdsc.c
                    sd002   0x00075c    program     extern C:\MCHPFSUSB\fw\Hid\Mouse\autofiles\usbdsc.c
                hid_rpt01   0x00078a    program     extern C:\MCHPFSUSB\fw\Hid\Mouse\autofiles\usbdsc.c
               USB_CD_Ptr   0x0007bc    program     extern C:\MCHPFSUSB\fw\Hid\Mouse\autofiles\usbdsc.c
               USB_SD_Ptr   0x0007c0    program     extern C:\MCHPFSUSB\fw\Hid\Mouse\autofiles\usbdsc.c
          ClassReqHandler   0x0007c6    program     extern C:\MCHPFSUSB\fw\Hid\Mouse\autofiles\usbdsc.c
                 _startup   0x0007c8    program     extern C:\MCC18\src\traditional\startup\c018i.c
                     loop   0x0007d8    program     static                          
       ___return_lbl00001   0x0007e2    program     static                          
            __zero_memory   0x0007e4    program     extern C:\MCC18\src\traditional\proc\p18f87j50.asm
               clear_loop   0x0007ea    program     static C:\MCC18\src\traditional\proc\p18f87j50.asm
                dir_table   0x0007f2    program     extern C:\MCHPFSUSB\fw\Hid\Mouse\user\user_mouse.c
                   __init   0x0007fa    program     extern C:\MCC18\src\TRADIT~1\stdclib\__init.c
                   _reset   0x000800    program     extern C:\MCHPFSUSB\fw\Hid\Mouse\main.c
       ___return_lbl00000   0x000804    program     static                          
       USBCheckHIDRequest   0x000806    program     extern C:\MCHPFSUSB\fw\Hid\Mouse\system\usb\class\hid\hid.c
      HIDGetReportHandler   0x000906    program     extern C:\MCHPFSUSB\fw\Hid\Mouse\system\usb\class\hid\hid.c
      HIDSetReportHandler   0x000908    program     extern C:\MCHPFSUSB\fw\Hid\Mouse\system\usb\class\hid\hid.c
                HIDInitEP   0x00090a    program     extern C:\MCHPFSUSB\fw\Hid\Mouse\system\usb\class\hid\hid.c
              HIDTxReport   0x000936    program     extern C:\MCHPFSUSB\fw\Hid\Mouse\system\usb\class\hid\hid.c
              HIDRxReport   0x0009aa    program     extern C:\MCHPFSUSB\fw\Hid\Mouse\system\usb\class\hid\hid.c
        USBCheckBusStatus   0x000a2c    program     extern C:\MCHPFSUSB\fw\Hid\Mouse\system\usb\usbdrv\usbdrv.c
          USBModuleEnable   0x000a52    program     extern C:\MCHPFSUSB\fw\Hid\Mouse\system\usb\usbdrv\usbdrv.c
         USBModuleDisable   0x000a62    program     extern C:\MCHPFSUSB\fw\Hid\Mouse\system\usb\usbdrv\usbdrv.c
            USBSoftDetach   0x000a6e    program     extern C:\MCHPFSUSB\fw\Hid\Mouse\system\usb\usbdrv\usbdrv.c
         USBDriverService   0x000a72    program     extern C:\MCHPFSUSB\fw\Hid\Mouse\system\usb\usbdrv\usbdrv.c
               USBSuspend   0x000b14    program     extern C:\MCHPFSUSB\fw\Hid\Mouse\system\usb\usbdrv\usbdrv.c
           ___if_lbl00034   0x000b2a    program     static                          
       ___return_lbl00033   0x000b2e    program     static                          
       USBWakeFromSuspend   0x000b30    program     extern C:\MCHPFSUSB\fw\Hid\Mouse\system\usb\usbdrv\usbdrv.c
          USBRemoteWakeup   0x000b40    program     extern C:\MCHPFSUSB\fw\Hid\Mouse\system\usb\usbdrv\usbdrv.c
          USB_SOF_Handler   0x000b64    program     extern C:\MCHPFSUSB\fw\Hid\Mouse\system\usb\usbdrv\usbdrv.c
          USBStallHandler   0x000b68    program     extern C:\MCHPFSUSB\fw\Hid\Mouse\system\usb\usbdrv\usbdrv.c
          USBErrorHandler   0x000b8c    program     extern C:\MCHPFSUSB\fw\Hid\Mouse\system\usb\usbdrv\usbdrv.c
  USBProtocolResetHandler   0x000b90    program     extern C:\MCHPFSUSB\fw\Hid\Mouse\system\usb\usbdrv\usbdrv.c
        ___while_lbl00050   0x000bbe    program     static                          
        ___while_lbl00051   0x000bd2    program     static                          
       ___return_lbl00049   0x000be6    program     static                          
               ClearArray   0x000be8    program     extern C:\MCHPFSUSB\fw\Hid\Mouse\system\usb\usbdrv\usbdrv.c
        ___while_lbl00053   0x000bfc    program     static                          
        ___while_lbl00054   0x000c0a    program     static                          
       ___return_lbl00052   0x000c0a    program     static                          
                 UserInit   0x000c12    program     extern C:\MCHPFSUSB\fw\Hid\Mouse\user\user_mouse.c
                ProcessIO   0x000c32    program     extern C:\MCHPFSUSB\fw\Hid\Mouse\user\user_mouse.c
            Emulate_Mouse   0x000c5c    program     extern C:\MCHPFSUSB\fw\Hid\Mouse\user\user_mouse.c
           BlinkUSBStatus   0x000cca    program     extern C:\MCHPFSUSB\fw\Hid\Mouse\user\user_mouse.c
         Switch2IsPressed   0x000d5a    program     extern C:\MCHPFSUSB\fw\Hid\Mouse\user\user_mouse.c
                _do_cinit   0x000d80    program     extern C:\MCC18\src\traditional\startup\c018i.c
                     test   0x000d9a    program     static                          
                copy_loop   0x000df2    program     static                          
            copy_one_byte   0x000df8    program     static                          
             done_copying   0x000e06    program     static                          
                     done   0x000e1c    program     static                          
       ___return_lbl00002   0x000e1c    program     static                          
                     main   0x000e1e    program     extern C:\MCHPFSUSB\fw\Hid\Mouse\main.c
         InitializeSystem   0x000e2a    program     static C:\MCHPFSUSB\fw\Hid\Mouse\main.c
                 USBTasks   0x000e8a    program     extern C:\MCHPFSUSB\fw\Hid\Mouse\main.c
               __config_0   0x01fff8    program     static C:\MCHPFSUSB\fw\Hid\Mouse\main.c
               __config_1   0x01fff9    program     static C:\MCHPFSUSB\fw\Hid\Mouse\main.c
               __config_2   0x01fffa    program     static C:\MCHPFSUSB\fw\Hid\Mouse\main.c
               __config_3   0x01fffb    program     static C:\MCHPFSUSB\fw\Hid\Mouse\main.c
               __config_4   0x01fffd    program     static C:\MCHPFSUSB\fw\Hid\Mouse\main.c
                     SIGN   0x000000       data     extern C:\MCC18\SRC\TRADIT~1\MATH\cmath18.asm
                __FPFLAGS   0x000001       data     extern C:\MCC18\SRC\TRADIT~1\MATH\cmath18.asm
            __FPFLAGSbits   0x000001       data     extern C:\MCC18\SRC\TRADIT~1\MATH\cmath18.asm
                  __tmp_0   0x000002       data     static C:\MCHPFSUSB\fw\Hid\Mouse\system\usb\class\hid\hid.c
                  __tmp_0   0x000002       data     static C:\MCHPFSUSB\fw\Hid\Mouse\main.c
                  __tmp_0   0x000002       data     static C:\MCHPFSUSB\fw\Hid\Mouse\system\usb\usbctrltrf\usbctrltrf.c
                  __tmp_0   0x000002       data     static C:\MCHPFSUSB\fw\Hid\Mouse\system\usb\usb9\usb9.c
                    ep0Bo   0x000400       data     extern C:\MCHPFSUSB\fw\Hid\Mouse\system\usb\usbmmap.c
                    ep0Bi   0x000404       data     extern C:\MCHPFSUSB\fw\Hid\Mouse\system\usb\usbmmap.c
                    ep1Bo   0x000408       data     extern C:\MCHPFSUSB\fw\Hid\Mouse\system\usb\usbmmap.c
                    ep1Bi   0x00040c       data     extern C:\MCHPFSUSB\fw\Hid\Mouse\system\usb\usbmmap.c
                 SetupPkt   0x000410       data     extern C:\MCHPFSUSB\fw\Hid\Mouse\system\usb\usbmmap.c
              CtrlTrfData   0x000418       data     extern C:\MCHPFSUSB\fw\Hid\Mouse\system\usb\usbmmap.c
           hid_report_out   0x000420       data     extern C:\MCHPFSUSB\fw\Hid\Mouse\system\usb\usbmmap.c
            hid_report_in   0x000423       data     extern C:\MCHPFSUSB\fw\Hid\Mouse\system\usb\usbmmap.c
                     prom   0x000f00       data     static C:\MCC18\src\traditional\startup\c018i.c
                curr_byte   0x000f03       data     static C:\MCC18\src\traditional\startup\c018i.c
               curr_entry   0x000f05       data     static C:\MCC18\src\traditional\startup\c018i.c
                 data_ptr   0x000f07       data     static C:\MCC18\src\traditional\startup\c018i.c
           ctrl_trf_state   0x000f0a       data     extern C:\MCHPFSUSB\fw\Hid\Mouse\system\usb\usbctrltrf\usbctrltrf.c
   ctrl_trf_session_owner   0x000f0b       data     extern C:\MCHPFSUSB\fw\Hid\Mouse\system\usb\usbctrltrf\usbctrltrf.c
                     pSrc   0x000f0c       data     extern C:\MCHPFSUSB\fw\Hid\Mouse\system\usb\usbctrltrf\usbctrltrf.c
                     pDst   0x000f0e       data     extern C:\MCHPFSUSB\fw\Hid\Mouse\system\usb\usbctrltrf\usbctrltrf.c
                   wCount   0x000f10       data     extern C:\MCHPFSUSB\fw\Hid\Mouse\system\usb\usbctrltrf\usbctrltrf.c
         short_pkt_status   0x000f12       data     extern C:\MCHPFSUSB\fw\Hid\Mouse\system\usb\usbctrltrf\usbctrltrf.c
                  old_sw2   0x000f13       data     extern C:\MCHPFSUSB\fw\Hid\Mouse\user\user_mouse.c
                  old_sw3   0x000f14       data     extern C:\MCHPFSUSB\fw\Hid\Mouse\user\user_mouse.c
             emulate_mode   0x000f15       data     extern C:\MCHPFSUSB\fw\Hid\Mouse\user\user_mouse.c
          movement_length   0x000f16       data     extern C:\MCHPFSUSB\fw\Hid\Mouse\user\user_mouse.c
                   buffer   0x000f17       data     extern C:\MCHPFSUSB\fw\Hid\Mouse\user\user_mouse.c
         usb_device_state   0x000f1a       data     extern C:\MCHPFSUSB\fw\Hid\Mouse\system\usb\usbmmap.c
                 usb_stat   0x000f1b       data     extern C:\MCHPFSUSB\fw\Hid\Mouse\system\usb\usbmmap.c
           usb_active_cfg   0x000f1c       data     extern C:\MCHPFSUSB\fw\Hid\Mouse\system\usb\usbmmap.c
             usb_alt_intf   0x000f1d       data     extern C:\MCHPFSUSB\fw\Hid\Mouse\system\usb\usbmmap.c
              bTRNIFCount   0x000f1e       data     extern C:\MCHPFSUSB\fw\Hid\Mouse\system\usb\usbdrv\usbdrv.c
              delay_count   0x000f1f       data     static C:\MCHPFSUSB\fw\Hid\Mouse\system\usb\usbdrv\usbdrv.c
                idle_rate   0x000f21       data     extern C:\MCHPFSUSB\fw\Hid\Mouse\system\usb\class\hid\hid.c
          active_protocol   0x000f22       data     extern C:\MCHPFSUSB\fw\Hid\Mouse\system\usb\class\hid\hid.c
           hid_rpt_rx_len   0x000f23       data     extern C:\MCHPFSUSB\fw\Hid\Mouse\system\usb\class\hid\hid.c
                   vector   0x000f24       data     extern C:\MCHPFSUSB\fw\Hid\Mouse\user\user_mouse.c
                led_count   0x000f25       data     static C:\MCHPFSUSB\fw\Hid\Mouse\user\user_mouse.c
              PMSTATLbits   0x000f40       data     extern C:\MCC18\src\traditional\proc\p18f87j50.asm
                  PMSTATL   0x000f40       data     extern C:\MCC18\src\traditional\proc\p18f87j50.asm
                   PMSTAT   0x000f40       data     extern C:\MCC18\src\traditional\proc\p18f87j50.asm
              PMSTATHbits   0x000f41       data     extern C:\MCC18\src\traditional\proc\p18f87j50.asm
                  PMSTATH   0x000f41       data     extern C:\MCC18\src\traditional\proc\p18f87j50.asm
                     PMEL   0x000f42       data     extern C:\MCC18\src\traditional\proc\p18f87j50.asm
                 PMELbits   0x000f42       data     extern C:\MCC18\src\traditional\proc\p18f87j50.asm
                     PMEN   0x000f42       data     extern C:\MCC18\src\traditional\proc\p18f87j50.asm
                     PMEH   0x000f43       data     extern C:\MCC18\src\traditional\proc\p18f87j50.asm
                 PMEHbits   0x000f43       data     extern C:\MCC18\src\traditional\proc\p18f87j50.asm
                   PMDIN2   0x000f44       data     extern C:\MCC18\src\traditional\proc\p18f87j50.asm
                  PMDIN2L   0x000f44       data     extern C:\MCC18\src\traditional\proc\p18f87j50.asm
                  PMDIN2H   0x000f45       data     extern C:\MCC18\src\traditional\proc\p18f87j50.asm
                  PMDOUT2   0x000f46       data     extern C:\MCC18\src\traditional\proc\p18f87j50.asm
                 PMDOUT2L   0x000f46       data     extern C:\MCC18\src\traditional\proc\p18f87j50.asm
                 PMDOUT2H   0x000f47       data     extern C:\MCC18\src\traditional\proc\p18f87j50.asm
                   PMMODE   0x000f48       data     extern C:\MCC18\src\traditional\proc\p18f87j50.asm
                  PMMODEL   0x000f48       data     extern C:\MCC18\src\traditional\proc\p18f87j50.asm
              PMMODELbits   0x000f48       data     extern C:\MCC18\src\traditional\proc\p18f87j50.asm
                  PMMODEH   0x000f49       data     extern C:\MCC18\src\traditional\proc\p18f87j50.asm
              PMMODEHbits   0x000f49       data     extern C:\MCC18\src\traditional\proc\p18f87j50.asm
                    PMCON   0x000f4a       data     extern C:\MCC18\src\traditional\proc\p18f87j50.asm
               PMCONLbits   0x000f4a       data     extern C:\MCC18\src\traditional\proc\p18f87j50.asm
                   PMCONL   0x000f4a       data     extern C:\MCC18\src\traditional\proc\p18f87j50.asm
               PMCONHbits   0x000f4b       data     extern C:\MCC18\src\traditional\proc\p18f87j50.asm
                   PMCONH   0x000f4b       data     extern C:\MCC18\src\traditional\proc\p18f87j50.asm
                 UEP0bits   0x000f4c       data     extern C:\MCC18\src\traditional\proc\p18f87j50.asm
                     UEP0   0x000f4c       data     extern C:\MCC18\src\traditional\proc\p18f87j50.asm
                     UEP1   0x000f4d       data     extern C:\MCC18\src\traditional\proc\p18f87j50.asm
                 UEP1bits   0x000f4d       data     extern C:\MCC18\src\traditional\proc\p18f87j50.asm
                     UEP2   0x000f4e       data     extern C:\MCC18\src\traditional\proc\p18f87j50.asm
                 UEP2bits   0x000f4e       data     extern C:\MCC18\src\traditional\proc\p18f87j50.asm
                 UEP3bits   0x000f4f       data     extern C:\MCC18\src\traditional\proc\p18f87j50.asm
                     UEP3   0x000f4f       data     extern C:\MCC18\src\traditional\proc\p18f87j50.asm
                 UEP4bits   0x000f50       data     extern C:\MCC18\src\traditional\proc\p18f87j50.asm
                     UEP4   0x000f50       data     extern C:\MCC18\src\traditional\proc\p18f87j50.asm
                 UEP5bits   0x000f51       data     extern C:\MCC18\src\traditional\proc\p18f87j50.asm
                     UEP5   0x000f51       data     extern C:\MCC18\src\traditional\proc\p18f87j50.asm
                 UEP6bits   0x000f52       data     extern C:\MCC18\src\traditional\proc\p18f87j50.asm
                     UEP6   0x000f52       data     extern C:\MCC18\src\traditional\proc\p18f87j50.asm
                 UEP7bits   0x000f53       data     extern C:\MCC18\src\traditional\proc\p18f87j50.asm
                     UEP7   0x000f53       data     extern C:\MCC18\src\traditional\proc\p18f87j50.asm
                 UEP8bits   0x000f54       data     extern C:\MCC18\src\traditional\proc\p18f87j50.asm
                     UEP8   0x000f54       data     extern C:\MCC18\src\traditional\proc\p18f87j50.asm
                     UEP9   0x000f55       data     extern C:\MCC18\src\traditional\proc\p18f87j50.asm
                 UEP9bits   0x000f55       data     extern C:\MCC18\src\traditional\proc\p18f87j50.asm
                UEP10bits   0x000f56       data     extern C:\MCC18\src\traditional\proc\p18f87j50.asm
                    UEP10   0x000f56       data     extern C:\MCC18\src\traditional\proc\p18f87j50.asm
                    UEP11   0x000f57       data     extern C:\MCC18\src\traditional\proc\p18f87j50.asm
                UEP11bits   0x000f57       data     extern C:\MCC18\src\traditional\proc\p18f87j50.asm
                    UEP12   0x000f58       data     extern C:\MCC18\src\traditional\proc\p18f87j50.asm
                UEP12bits   0x000f58       data     extern C:\MCC18\src\traditional\proc\p18f87j50.asm
                UEP13bits   0x000f59       data     extern C:\MCC18\src\traditional\proc\p18f87j50.asm
                    UEP13   0x000f59       data     extern C:\MCC18\src\traditional\proc\p18f87j50.asm
                    UEP14   0x000f5a       data     extern C:\MCC18\src\traditional\proc\p18f87j50.asm
                UEP14bits   0x000f5a       data     extern C:\MCC18\src\traditional\proc\p18f87j50.asm
                    UEP15   0x000f5b       data     extern C:\MCC18\src\traditional\proc\p18f87j50.asm
                UEP15bits   0x000f5b       data     extern C:\MCC18\src\traditional\proc\p18f87j50.asm
                      UIE   0x000f5c       data     extern C:\MCC18\src\traditional\proc\p18f87j50.asm
                  UIEbits   0x000f5c       data     extern C:\MCC18\src\traditional\proc\p18f87j50.asm
                 UEIEbits   0x000f5d       data     extern C:\MCC18\src\traditional\proc\p18f87j50.asm
                     UEIE   0x000f5d       data     extern C:\MCC18\src\traditional\proc\p18f87j50.asm
                    UADDR   0x000f5e       data     extern C:\MCC18\src\traditional\proc\p18f87j50.asm
                UADDRbits   0x000f5e       data     extern C:\MCC18\src\traditional\proc\p18f87j50.asm
                     UCFG   0x000f5f       data     extern C:\MCC18\src\traditional\proc\p18f87j50.asm
                 UCFGbits   0x000f5f       data     extern C:\MCC18\src\traditional\proc\p18f87j50.asm
                     UFRM   0x000f60       data     extern C:\MCC18\src\traditional\proc\p18f87j50.asm
                UFRMLbits   0x000f60       data     extern C:\MCC18\src\traditional\proc\p18f87j50.asm
                    UFRML   0x000f60       data     extern C:\MCC18\src\traditional\proc\p18f87j50.asm
[...]
                   RCSTA2   0x000f9c       data     extern C:\MCC18\src\traditional\proc\p18f87j50.asm
                     PIE1   0x000f9d       data     extern C:\MCC18\src\traditional\proc\p18f87j50.asm
                 PIE1bits   0x000f9d       data     extern C:\MCC18\src\traditional\proc\p18f87j50.asm
                     PIR1   0x000f9e       data     extern C:\MCC18\src\traditional\proc\p18f87j50.asm
                 PIR1bits   0x000f9e       data     extern C:\MCC18\src\traditional\proc\p18f87j50.asm
                 IPR1bits   0x000f9f       data     extern C:\MCC18\src\traditional\proc\p18f87j50.asm
                     IPR1   0x000f9f       data     extern C:\MCC18\src\traditional\proc\p18f87j50.asm
                     PIE2   0x000fa0       data     extern C:\MCC18\src\traditional\proc\p18f87j50.asm
                 PIE2bits   0x000fa0       data     extern C:\MCC18\src\traditional\proc\p18f87j50.asm
                     PIR2   0x000fa1       data     extern C:\MCC18\src\traditional\proc\p18f87j50.asm
                 PIR2bits   0x000fa1       data     extern C:\MCC18\src\traditional\proc\p18f87j50.asm
                 IPR2bits   0x000fa2       data     extern C:\MCC18\src\traditional\proc\p18f87j50.asm
                     IPR2   0x000fa2       data     extern C:\MCC18\src\traditional\proc\p18f87j50.asm
                 PIE3bits   0x000fa3       data     extern C:\MCC18\src\traditional\proc\p18f87j50.asm
                     PIE3   0x000fa3       data     extern C:\MCC18\src\traditional\proc\p18f87j50.asm
                 PIR3bits   0x000fa4       data     extern C:\MCC18\src\traditional\proc\p18f87j50.asm
                     PIR3   0x000fa4       data     extern C:\MCC18\src\traditional\proc\p18f87j50.asm
                 IPR3bits   0x000fa5       data     extern C:\MCC18\src\traditional\proc\p18f87j50.asm
                     IPR3   0x000fa5       data     extern C:\MCC18\src\traditional\proc\p18f87j50.asm
                   EECON1   0x000fa6       data     extern C:\MCC18\src\traditional\proc\p18f87j50.asm
               EECON1bits   0x000fa6       data     extern C:\MCC18\src\traditional\proc\p18f87j50.asm
                   EECON2   0x000fa7       data     extern C:\MCC18\src\traditional\proc\p18f87j50.asm
               TXSTA2bits   0x000fa8       data     extern C:\MCC18\src\traditional\proc\p18f87j50.asm
                   TXSTA2   0x000fa8       data     extern C:\MCC18\src\traditional\proc\p18f87j50.asm
                   TXREG2   0x000fa9       data     extern C:\MCC18\src\traditional\proc\p18f87j50.asm
                   RCREG2   0x000faa       data     extern C:\MCC18\src\traditional\proc\p18f87j50.asm
                   SPBRG2   0x000fab       data     extern C:\MCC18\src\traditional\proc\p18f87j50.asm
                RCSTAbits   0x000fac       data     extern C:\MCC18\src\traditional\proc\p18f87j50.asm
               RCSTA1bits   0x000fac       data     extern C:\MCC18\src\traditional\proc\p18f87j50.asm
                   RCSTA1   0x000fac       data     extern C:\MCC18\src\traditional\proc\p18f87j50.asm
                    RCSTA   0x000fac       data     extern C:\MCC18\src\traditional\proc\p18f87j50.asm
               TXSTA1bits   0x000fad       data     extern C:\MCC18\src\traditional\proc\p18f87j50.asm
                   TXSTA1   0x000fad       data     extern C:\MCC18\src\traditional\proc\p18f87j50.asm
                TXSTAbits   0x000fad       data     extern C:\MCC18\src\traditional\proc\p18f87j50.asm
                    TXSTA   0x000fad       data     extern C:\MCC18\src\traditional\proc\p18f87j50.asm
                   TXREG1   0x000fae       data     extern C:\MCC18\src\traditional\proc\p18f87j50.asm
                    TXREG   0x000fae       data     extern C:\MCC18\src\traditional\proc\p18f87j50.asm
                   RCREG1   0x000faf       data     extern C:\MCC18\src\traditional\proc\p18f87j50.asm
                    RCREG   0x000faf       data     extern C:\MCC18\src\traditional\proc\p18f87j50.asm
                    SPBRG   0x000fb0       data     extern C:\MCC18\src\traditional\proc\p18f87j50.asm
                   SPBRG1   0x000fb0       data     extern C:\MCC18\src\traditional\proc\p18f87j50.asm
             ECCP3CONbits   0x000fb1       data     extern C:\MCC18\src\traditional\proc\p18f87j50.asm
                 ECCP3CON   0x000fb1       data     extern C:\MCC18\src\traditional\proc\p18f87j50.asm
                  CCP3CON   0x000fb1       data     extern C:\MCC18\src\traditional\proc\p18f87j50.asm
              CCP3CONbits   0x000fb1       data     extern C:\MCC18\src\traditional\proc\p18f87j50.asm
                   CCPR3L   0x000fb2       data     extern C:\MCC18\src\traditional\proc\p18f87j50.asm
                    CCPR3   0x000fb2       data     extern C:\MCC18\src\traditional\proc\p18f87j50.asm
                   CCPR3H   0x000fb3       data     extern C:\MCC18\src\traditional\proc\p18f87j50.asm
                 ECCP3DEL   0x000fb4       data     extern C:\MCC18\src\traditional\proc\p18f87j50.asm
             ECCP3DELbits   0x000fb4       data     extern C:\MCC18\src\traditional\proc\p18f87j50.asm
              ECCP3ASbits   0x000fb5       data     extern C:\MCC18\src\traditional\proc\p18f87j50.asm
                  ECCP3AS   0x000fb5       data     extern C:\MCC18\src\traditional\proc\p18f87j50.asm
              CCP2CONbits   0x000fb6       data     extern C:\MCC18\src\traditional\proc\p18f87j50.asm
                  CCP2CON   0x000fb6       data     extern C:\MCC18\src\traditional\proc\p18f87j50.asm
             ECCP2CONbits   0x000fb6       data     extern C:\MCC18\src\traditional\proc\p18f87j50.asm
                 ECCP2CON   0x000fb6       data     extern C:\MCC18\src\traditional\proc\p18f87j50.asm
                    CCPR2   0x000fb7       data     extern C:\MCC18\src\traditional\proc\p18f87j50.asm
                   CCPR2L   0x000fb7       data     extern C:\MCC18\src\traditional\proc\p18f87j50.asm
                   CCPR2H   0x000fb8       data     extern C:\MCC18\src\traditional\proc\p18f87j50.asm
             ECCP2DELbits   0x000fb9       data     extern C:\MCC18\src\traditional\proc\p18f87j50.asm
                 ECCP2DEL   0x000fb9       data     extern C:\MCC18\src\traditional\proc\p18f87j50.asm
                  ECCP2AS   0x000fba       data     extern C:\MCC18\src\traditional\proc\p18f87j50.asm
              ECCP2ASbits   0x000fba       data     extern C:\MCC18\src\traditional\proc\p18f87j50.asm
             ECCP1CONbits   0x000fbb       data     extern C:\MCC18\src\traditional\proc\p18f87j50.asm
                 ECCP1CON   0x000fbb       data     extern C:\MCC18\src\traditional\proc\p18f87j50.asm
                  CCP1CON   0x000fbb       data     extern C:\MCC18\src\traditional\proc\p18f87j50.asm
              CCP1CONbits   0x000fbb       data     extern C:\MCC18\src\traditional\proc\p18f87j50.asm
                   CCPR1L   0x000fbc       data     extern C:\MCC18\src\traditional\proc\p18f87j50.asm
                    CCPR1   0x000fbc       data     extern C:\MCC18\src\traditional\proc\p18f87j50.asm
                   CCPR1H   0x000fbd       data     extern C:\MCC18\src\traditional\proc\p18f87j50.asm
             ECCP1DELbits   0x000fbe       data     extern C:\MCC18\src\traditional\proc\p18f87j50.asm
                 ECCP1DEL   0x000fbe       data     extern C:\MCC18\src\traditional\proc\p18f87j50.asm
                  ECCP1AS   0x000fbf       data     extern C:\MCC18\src\traditional\proc\p18f87j50.asm
              ECCP1ASbits   0x000fbf       data     extern C:\MCC18\src\traditional\proc\p18f87j50.asm
               WDTCONbits   0x000fc0       data     extern C:\MCC18\src\traditional\proc\p18f87j50.asm
                   WDTCON   0x000fc0       data     extern C:\MCC18\src\traditional\proc\p18f87j50.asm
               ADCON1bits   0x000fc1       data     extern C:\MCC18\src\traditional\proc\p18f87j50.asm
                   ANCON0   0x000fc1       data     extern C:\MCC18\src\traditional\proc\p18f87j50.asm
               ANCON0bits   0x000fc1       data     extern C:\MCC18\src\traditional\proc\p18f87j50.asm
                   ADCON1   0x000fc1       data     extern C:\MCC18\src\traditional\proc\p18f87j50.asm
                   ANCON1   0x000fc2       data     extern C:\MCC18\src\traditional\proc\p18f87j50.asm
               ANCON1bits   0x000fc2       data     extern C:\MCC18\src\traditional\proc\p18f87j50.asm
               ADCON0bits   0x000fc2       data     extern C:\MCC18\src\traditional\proc\p18f87j50.asm
                   ADCON0   0x000fc2       data     extern C:\MCC18\src\traditional\proc\p18f87j50.asm
                    ADRES   0x000fc3       data     extern C:\MCC18\src\traditional\proc\p18f87j50.asm
                   ADRESL   0x000fc3       data     extern C:\MCC18\src\traditional\proc\p18f87j50.asm
                   ADRESH   0x000fc4       data     extern C:\MCC18\src\traditional\proc\p18f87j50.asm
             SSP1CON2bits   0x000fc5       data     extern C:\MCC18\src\traditional\proc\p18f87j50.asm
                 SSP1CON2   0x000fc5       data     extern C:\MCC18\src\traditional\proc\p18f87j50.asm
                  SSPCON2   0x000fc5       data     extern C:\MCC18\src\traditional\proc\p18f87j50.asm
              SSPCON2bits   0x000fc5       data     extern C:\MCC18\src\traditional\proc\p18f87j50.asm
                  SSPCON1   0x000fc6       data     extern C:\MCC18\src\traditional\proc\p18f87j50.asm
              SSPCON1bits   0x000fc6       data     extern C:\MCC18\src\traditional\proc\p18f87j50.asm
             SSP1CON1bits   0x000fc6       data     extern C:\MCC18\src\traditional\proc\p18f87j50.asm
                 SSP1CON1   0x000fc6       data     extern C:\MCC18\src\traditional\proc\p18f87j50.asm
                  SSPSTAT   0x000fc7       data     extern C:\MCC18\src\traditional\proc\p18f87j50.asm
             SSP1STATbits   0x000fc7       data     extern C:\MCC18\src\traditional\proc\p18f87j50.asm
                 SSP1STAT   0x000fc7       data     extern C:\MCC18\src\traditional\proc\p18f87j50.asm
              SSPSTATbits   0x000fc7       data     extern C:\MCC18\src\traditional\proc\p18f87j50.asm
                  SSP1ADD   0x000fc8       data     extern C:\MCC18\src\traditional\proc\p18f87j50.asm
                   SSPADD   0x000fc8       data     extern C:\MCC18\src\traditional\proc\p18f87j50.asm
                  SSP1MSK   0x000fc8       data     extern C:\MCC18\src\traditional\proc\p18f87j50.asm
                  SSP1BUF   0x000fc9       data     extern C:\MCC18\src\traditional\proc\p18f87j50.asm
                   SSPBUF   0x000fc9       data     extern C:\MCC18\src\traditional\proc\p18f87j50.asm
                T2CONbits   0x000fca       data     extern C:\MCC18\src\traditional\proc\p18f87j50.asm
                    T2CON   0x000fca       data     extern C:\MCC18\src\traditional\proc\p18f87j50.asm
                      PR2   0x000fcb       data     extern C:\MCC18\src\traditional\proc\p18f87j50.asm
                   MEMCON   0x000fcb       data     extern C:\MCC18\src\traditional\proc\p18f87j50.asm
               MEMCONbits   0x000fcb       data     extern C:\MCC18\src\traditional\proc\p18f87j50.asm
                  PADCFG1   0x000fcc       data     extern C:\MCC18\src\traditional\proc\p18f87j50.asm
                     TMR2   0x000fcc       data     extern C:\MCC18\src\traditional\proc\p18f87j50.asm
              PADCFG1bits   0x000fcc       data     extern C:\MCC18\src\traditional\proc\p18f87j50.asm
                   ODCON3   0x000fcd       data     extern C:\MCC18\src\traditional\proc\p18f87j50.asm
               ODCON3bits   0x000fcd       data     extern C:\MCC18\src\traditional\proc\p18f87j50.asm
                T1CONbits   0x000fcd       data     extern C:\MCC18\src\traditional\proc\p18f87j50.asm
                    T1CON   0x000fcd       data     extern C:\MCC18\src\traditional\proc\p18f87j50.asm
                   ODCON2   0x000fce       data     extern C:\MCC18\src\traditional\proc\p18f87j50.asm
               ODCON2bits   0x000fce       data     extern C:\MCC18\src\traditional\proc\p18f87j50.asm
                    TMR1L   0x000fce       data     extern C:\MCC18\src\traditional\proc\p18f87j50.asm
                   ODCON1   0x000fcf       data     extern C:\MCC18\src\traditional\proc\p18f87j50.asm
               ODCON1bits   0x000fcf       data     extern C:\MCC18\src\traditional\proc\p18f87j50.asm
                    TMR1H   0x000fcf       data     extern C:\MCC18\src\traditional\proc\p18f87j50.asm
                     RCON   0x000fd0       data     extern C:\MCC18\src\traditional\proc\p18f87j50.asm
                 RCONbits   0x000fd0       data     extern C:\MCC18\src\traditional\proc\p18f87j50.asm
               CM2CONbits   0x000fd1       data     extern C:\MCC18\src\traditional\proc\p18f87j50.asm
              CM2CON1bits   0x000fd1       data     extern C:\MCC18\src\traditional\proc\p18f87j50.asm
                  CM2CON1   0x000fd1       data     extern C:\MCC18\src\traditional\proc\p18f87j50.asm
                   CM2CON   0x000fd1       data     extern C:\MCC18\src\traditional\proc\p18f87j50.asm
               CM1CONbits   0x000fd2       data     extern C:\MCC18\src\traditional\proc\p18f87j50.asm
              CM1CON1bits   0x000fd2       data     extern C:\MCC18\src\traditional\proc\p18f87j50.asm
                  CM1CON1   0x000fd2       data     extern C:\MCC18\src\traditional\proc\p18f87j50.asm
                   CM1CON   0x000fd2       data     extern C:\MCC18\src\traditional\proc\p18f87j50.asm
               OSCCONbits   0x000fd3       data     extern C:\MCC18\src\traditional\proc\p18f87j50.asm
                  REFOCON   0x000fd3       data     extern C:\MCC18\src\traditional\proc\p18f87j50.asm
              REFOCONbits   0x000fd3       data     extern C:\MCC18\src\traditional\proc\p18f87j50.asm
                   OSCCON   0x000fd3       data     extern C:\MCC18\src\traditional\proc\p18f87j50.asm
                    T0CON   0x000fd5       data     extern C:\MCC18\src\traditional\proc\p18f87j50.asm
                T0CONbits   0x000fd5       data     extern C:\MCC18\src\traditional\proc\p18f87j50.asm
                    TMR0L   0x000fd6       data     extern C:\MCC18\src\traditional\proc\p18f87j50.asm
                    TMR0H   0x000fd7       data     extern C:\MCC18\src\traditional\proc\p18f87j50.asm
                   STATUS   0x000fd8       data     extern C:\MCC18\src\traditional\proc\p18f87j50.asm
               STATUSbits   0x000fd8       data     extern C:\MCC18\src\traditional\proc\p18f87j50.asm
                    FSR2L   0x000fd9       data     extern C:\MCC18\src\traditional\proc\p18f87j50.asm
                     FSR2   0x000fd9       data     extern C:\MCC18\src\traditional\proc\p18f87j50.asm
                    FSR2H   0x000fda       data     extern C:\MCC18\src\traditional\proc\p18f87j50.asm
                   PLUSW2   0x000fdb       data     extern C:\MCC18\src\traditional\proc\p18f87j50.asm
                  PREINC2   0x000fdc       data     extern C:\MCC18\src\traditional\proc\p18f87j50.asm
                 POSTDEC2   0x000fdd       data     extern C:\MCC18\src\traditional\proc\p18f87j50.asm
                 POSTINC2   0x000fde       data     extern C:\MCC18\src\traditional\proc\p18f87j50.asm
                    INDF2   0x000fdf       data     extern C:\MCC18\src\traditional\proc\p18f87j50.asm
                      BSR   0x000fe0       data     extern C:\MCC18\src\traditional\proc\p18f87j50.asm
                    FSR1L   0x000fe1       data     extern C:\MCC18\src\traditional\proc\p18f87j50.asm
                     FSR1   0x000fe1       data     extern C:\MCC18\src\traditional\proc\p18f87j50.asm
                    FSR1H   0x000fe2       data     extern C:\MCC18\src\traditional\proc\p18f87j50.asm
                   PLUSW1   0x000fe3       data     extern C:\MCC18\src\traditional\proc\p18f87j50.asm
                  PREINC1   0x000fe4       data     extern C:\MCC18\src\traditional\proc\p18f87j50.asm
                 POSTDEC1   0x000fe5       data     extern C:\MCC18\src\traditional\proc\p18f87j50.asm
                 POSTINC1   0x000fe6       data     extern C:\MCC18\src\traditional\proc\p18f87j50.asm
                    INDF1   0x000fe7       data     extern C:\MCC18\src\traditional\proc\p18f87j50.asm
                     WREG   0x000fe8       data     extern C:\MCC18\src\traditional\proc\p18f87j50.asm
                     FSR0   0x000fe9       data     extern C:\MCC18\src\traditional\proc\p18f87j50.asm
                    FSR0L   0x000fe9       data     extern C:\MCC18\src\traditional\proc\p18f87j50.asm
                    FSR0H   0x000fea       data     extern C:\MCC18\src\traditional\proc\p18f87j50.asm
                   PLUSW0   0x000feb       data     extern C:\MCC18\src\traditional\proc\p18f87j50.asm
                  PREINC0   0x000fec       data     extern C:\MCC18\src\traditional\proc\p18f87j50.asm
                 POSTDEC0   0x000fed       data     extern C:\MCC18\src\traditional\proc\p18f87j50.asm
                 POSTINC0   0x000fee       data     extern C:\MCC18\src\traditional\proc\p18f87j50.asm
                    INDF0   0x000fef       data     extern C:\MCC18\src\traditional\proc\p18f87j50.asm
              INTCON3bits   0x000ff0       data     extern C:\MCC18\src\traditional\proc\p18f87j50.asm
                  INTCON3   0x000ff0       data     extern C:\MCC18\src\traditional\proc\p18f87j50.asm
                  INTCON2   0x000ff1       data     extern C:\MCC18\src\traditional\proc\p18f87j50.asm
              INTCON2bits   0x000ff1       data     extern C:\MCC18\src\traditional\proc\p18f87j50.asm
               INTCONbits   0x000ff2       data     extern C:\MCC18\src\traditional\proc\p18f87j50.asm
                   INTCON   0x000ff2       data     extern C:\MCC18\src\traditional\proc\p18f87j50.asm
                    PRODL   0x000ff3       data     extern C:\MCC18\src\traditional\proc\p18f87j50.asm
                     PROD   0x000ff3       data     extern C:\MCC18\src\traditional\proc\p18f87j50.asm
                    PRODH   0x000ff4       data     extern C:\MCC18\src\traditional\proc\p18f87j50.asm
                   TABLAT   0x000ff5       data     extern C:\MCC18\src\traditional\proc\p18f87j50.asm
                   TBLPTR   0x000ff6       data     extern C:\MCC18\src\traditional\proc\p18f87j50.asm
                  TBLPTRL   0x000ff6       data     extern C:\MCC18\src\traditional\proc\p18f87j50.asm
                  TBLPTRH   0x000ff7       data     extern C:\MCC18\src\traditional\proc\p18f87j50.asm
                  TBLPTRU   0x000ff8       data     extern C:\MCC18\src\traditional\proc\p18f87j50.asm
                       PC   0x000ff9       data     extern C:\MCC18\src\traditional\proc\p18f87j50.asm
                      PCL   0x000ff9       data     extern C:\MCC18\src\traditional\proc\p18f87j50.asm
                   PCLATH   0x000ffa       data     extern C:\MCC18\src\traditional\proc\p18f87j50.asm
                   PCLATU   0x000ffb       data     extern C:\MCC18\src\traditional\proc\p18f87j50.asm
               STKPTRbits   0x000ffc       data     extern C:\MCC18\src\traditional\proc\p18f87j50.asm
                   STKPTR   0x000ffc       data     extern C:\MCC18\src\traditional\proc\p18f87j50.asm
                     TOSL   0x000ffd       data     extern C:\MCC18\src\traditional\proc\p18f87j50.asm
                      TOS   0x000ffd       data     extern C:\MCC18\src\traditional\proc\p18f87j50.asm
                     TOSH   0x000ffe       data     extern C:\MCC18\src\traditional\proc\p18f87j50.asm
                     TOSU   0x000fff       data     extern C:\MCC18\src\traditional\proc\p18f87j50.asm


