MPLINK 4.14, Linker
Linker Map File - Created Wed Jan 02 15:55:59 2008

                                 Section Info
                  Section       Type    Address   Location Size(Bytes)
                ---------  ---------  ---------  ---------  ---------
               _entry_scn       code   0x000000    program   0x000006
                   .cinit    romdata   0x00002a    program   0x00000e
         .code_vfprintf.o       code   0x000038    program   0x000c22
                     PROG       code   0x000c5a    program   0x00049c
             .code_main.o       code   0x0010f6    program   0x0002aa
               _cinit_scn       code   0x0013a0    program   0x00009e
           .code_printf.o       code   0x00143e    program   0x000098
            .code_uopen.o       code   0x0014d6    program   0x00008a
             .code_putc.o       code   0x001560    program   0x000084
          .code_fxm3232.o       code   0x0015e4    program   0x000070
          .code_adcopen.o       code   0x001654    program   0x000068
                   STRING       code   0x0016bc    program   0x000066
         .code_fxd3232u.o       code   0x001722    program   0x000048
             D10KTCYXCODE       code   0x00176a    program   0x00002e
                    CTYPE       code   0x001798    program   0x000024
             _startup_scn       code   0x0017bc    program   0x00001c
                    STDIO       code   0x0017d8    program   0x00001c
          .code_adcread.o       code   0x0017f4    program   0x000012
             .stringtable    romdata   0x001806    program   0x000011
      .romdata_vfprintf.o    romdata   0x001817    program   0x000011
                    .code       code   0x001828    program   0x00000e
          .code_adcbusy.o       code   0x001836    program   0x00000a
          .code_adcconv.o       code   0x001840    program   0x000004
       .code__user_putc.o       code   0x001844    program   0x000002
           .code___init.o       code   0x001846    program   0x000002
        .romdata_printf.o    romdata   0x001848    program   0x000000
        .idata_stdout.o_i    romdata   0x001848    program   0x000002
        .romdata_stdout.o    romdata   0x001848    program   0x000000
        .romdata___init.o    romdata   0x001848    program   0x000000
      .idata_vfprintf.o_i    romdata   0x001848    program   0x000000
      .romdata_fxd3232u.o    romdata   0x001848    program   0x000000
       .romdata_fxm3232.o    romdata   0x001848    program   0x000000
          .romdata_putc.o    romdata   0x001848    program   0x000000
       .romdata_adcread.o    romdata   0x001848    program   0x000000
    .romdata__user_putc.o    romdata   0x001848    program   0x000000
         .romdata_uopen.o    romdata   0x001848    program   0x000000
         .idata_uopen.o_i    romdata   0x001848    program   0x000000
       .romdata_adcopen.o    romdata   0x001848    program   0x000000
         .romdata_c018i.o    romdata   0x001848    program   0x000000
       .romdata_adcconv.o    romdata   0x001848    program   0x000000
       .romdata_adcbusy.o    romdata   0x001848    program   0x000000
          .romdata_main.o    romdata   0x001848    program   0x000000
         .idata_c018i.o_i    romdata   0x00184a    program   0x000000
            .code_c018i.o       code   0x00184a    program   0x000000
          .idata_main.o_i    romdata   0x00184a    program   0x000000
    .idata__user_putc.o_i    romdata   0x00184a    program   0x000000
          .idata_putc.o_i    romdata   0x00184a    program   0x000000
       .idata_fxm3232.o_i    romdata   0x00184a    program   0x000000
      .idata_fxd3232u.o_i    romdata   0x00184a    program   0x000000
       .idata_adcread.o_i    romdata   0x00184a    program   0x000000
       .idata_adcopen.o_i    romdata   0x00184a    program   0x000000
        .idata___init.o_i    romdata   0x00184a    program   0x000000
           .code_stdout.o       code   0x00184a    program   0x000000
       .idata_adcconv.o_i    romdata   0x00184a    program   0x000000
        .idata_printf.o_i    romdata   0x00184a    program   0x000000
       .idata_adcbusy.o_i    romdata   0x00184a    program   0x000000
    .config_300000_main.o    romdata   0x300000    program   0x000001
    .config_300001_main.o    romdata   0x300001    program   0x000001
    .config_300002_main.o    romdata   0x300002    program   0x000001
    .config_300003_main.o    romdata   0x300003    program   0x000001
    .config_300005_main.o    romdata   0x300005    program   0x000001
    .config_300006_main.o    romdata   0x300006    program   0x000001
    .config_300008_main.o    romdata   0x300008    program   0x000001
    .config_300009_main.o    romdata   0x300009    program   0x000001
    .config_30000a_main.o    romdata   0x30000a    program   0x000001
    .config_30000b_main.o    romdata   0x30000b    program   0x000001
    .config_30000c_main.o    romdata   0x30000c    program   0x000001
    .config_30000d_main.o    romdata   0x30000d    program   0x000001
                MATH_DATA      udata   0x000000       data   0x000014
                 .tmpdata      udata   0x000014       data   0x00000c
                DELAYDAT2      udata   0x000020       data   0x000001
                DELAYDAT1      udata   0x000021       data   0x000001
           .udata_c018i.o      udata   0x000060       data   0x00000a
          .idata_stdout.o      idata   0x00006a       data   0x000002
          .idata___init.o      idata   0x00006c       data   0x000000
          .udata_printf.o      udata   0x00006c       data   0x000000
          .idata_printf.o      idata   0x00006c       data   0x000000
          .udata_stdout.o      udata   0x00006c       data   0x000000
        .udata_vfprintf.o      udata   0x00006c       data   0x000000
        .idata_vfprintf.o      idata   0x00006c       data   0x000000
        .udata_fxd3232u.o      udata   0x00006c       data   0x000000
        .idata_fxd3232u.o      idata   0x00006c       data   0x000000
         .udata_fxm3232.o      udata   0x00006c       data   0x000000
         .idata_fxm3232.o      idata   0x00006c       data   0x000000
            .udata_putc.o      udata   0x00006c       data   0x000000
            .idata_putc.o      idata   0x00006c       data   0x000000
      .udata__user_putc.o      udata   0x00006c       data   0x000000
      .idata__user_putc.o      idata   0x00006c       data   0x000000
          .udata___init.o      udata   0x00006c       data   0x000000
         .idata_adcread.o      idata   0x00006c       data   0x000000
         .udata_adcread.o      udata   0x00006c       data   0x000000
           .idata_uopen.o      idata   0x00006c       data   0x000000
           .udata_uopen.o      udata   0x00006c       data   0x000000
         .idata_adcopen.o      idata   0x00006c       data   0x000000
         .udata_adcopen.o      udata   0x00006c       data   0x000000
         .idata_adcconv.o      idata   0x00006c       data   0x000000
         .udata_adcconv.o      udata   0x00006c       data   0x000000
         .idata_adcbusy.o      idata   0x00006c       data   0x000000
         .udata_adcbusy.o      udata   0x00006c       data   0x000000
            .idata_main.o      idata   0x00006c       data   0x000000
            .udata_main.o      udata   0x00006c       data   0x000000
           .idata_c018i.o      idata   0x00006c       data   0x000000
                   .stack      udata   0x000300       data   0x000100
            SFR_UNBANKED0      udata   0x000f62       data   0x00009e



                              Program Memory Usage 
                               Start         End      
                           ---------   ---------      
                            0x000000    0x000005      
                            0x00002a    0x001849      
                            0x300000    0x300003      
                            0x300005    0x300006      
                            0x300008    0x30000d      
            6194 out of 33048 program addresses used, program memory utilization is 18%



                              Symbols - Sorted by Name
                     Name    Address   Location    Storage File                     
                ---------  ---------  ---------  --------- ---------                
                  BusyADC   0x001836    program     extern C:\MCC18\src\pmc_common\ADC\adcbusy.c
               ConvertADC   0x001840    program     extern C:\MCC18\src\pmc_common\ADC\adcconv.c
                   D10K_1   0x001776    program     static C:\MCC18\src\traditional\delays\d10ktcyx.asm
                    D10Kl   0x001782    program     static C:\MCC18\src\traditional\delays\d10ktcyx.asm
                    D10Kx   0x001774    program     static C:\MCC18\src\traditional\delays\d10ktcyx.asm
             Delay10KTCYx   0x00176a    program     extern C:\MCC18\src\traditional\delays\d10ktcyx.asm
                 FLO1632S   0x000c5e    program     extern C:\MCC18\src\traditional\math\cast16FP.asm
                 FLO1632U   0x000c5a    program     extern C:\MCC18\src\traditional\math\cast16FP.asm
                    FPA32   0x000e06    program     extern C:\MCC18\src\traditional\math\addFP.asm
                    FPD32   0x000c84    program     extern C:\MCC18\src\traditional\math\divFP.asm
                    FPM32   0x000d2a    program     extern C:\MCC18\src\traditional\math\mulFP.asm
                    FPS32   0x000e04    program     extern C:\MCC18\src\traditional\math\addFP.asm
                 FXD3232U   0x001722    program     extern C:\MCC18\src\traditional\math\fxd3232u.c
                 FXM1616S   0x00109c    program     extern C:\MCC18\src\traditional\math\fxm1616s.asm
                  FXM3232   0x0015e4    program     extern C:\MCC18\src\traditional\math\fxm3232.c
                  INT3216   0x000f32    program     extern C:\MCC18\src\traditional\math\castFP16.asm
                  OpenADC   0x001654    program     extern C:\MCC18\src\pmc_common\ADC\adcopen.c
                OpenUSART   0x0014d6    program     extern C:\MCC18\src\pmc_common\USART\uopen.c
                  ReadADC   0x0017f4    program     extern C:\MCC18\src\pmc_common\ADC\adcread.c
               TSIGN1616A   0x0010e8    program     static C:\MCC18\src\traditional\math\fxm1616s.asm
                   _2jEnd   0x00170c    program     static C:\MCC18\src\traditional\stdclib\slenpgm.asm
       _D10KTCYXCODE_0010   0x00177a    program     static C:\MCC18\src\traditional\delays\d10ktcyx.asm
       _D10KTCYXCODE_001C   0x001786    program     static C:\MCC18\src\traditional\delays\d10ktcyx.asm
                 __FpExit   0x000f9c    program     extern C:\MCC18\src\traditional\math\packFP.asm
                 __FpPack   0x000fc8    program     extern C:\MCC18\src\traditional\math\packFP.asm
            __FpReturnNaN   0x000f90    program     extern C:\MCC18\src\traditional\math\packFP.asm
         __FpReturnNegInf   0x000fa2    program     extern C:\MCC18\src\traditional\math\packFP.asm
        __FpReturnNegZero   0x000fba    program     extern C:\MCC18\src\traditional\math\packFP.asm
         __FpReturnPosInf   0x000fa8    program     extern C:\MCC18\src\traditional\math\packFP.asm
        __FpReturnPosZero   0x000fc2    program     extern C:\MCC18\src\traditional\math\packFP.asm
        __FpReturnSignInf   0x000f9e    program     extern C:\MCC18\src\traditional\math\packFP.asm
       __FpReturnSignZero   0x000fb6    program     extern C:\MCC18\src\traditional\math\packFP.asm
              __FpReturnW   0x001020    program     extern C:\MCC18\src\traditional\math\packFP.asm
              __FpUnPackA   0x001040    program     extern C:\MCC18\src\traditional\math\UnpackFP.asm
              __FpUnPackB   0x001070    program     extern C:\MCC18\src\traditional\math\UnpackFP.asm
       ___return_lbl00000   0x000004    program     static                          
       ___return_lbl00000   0x001652    program     static                          
       ___return_lbl00000   0x001768    program     static                          
       ___return_lbl00001   0x0017d6    program     static                          
       ___return_lbl00002   0x00143c    program     static                          
               __config_0   0x300000    program     static C:\AltimeterV1\main.c    
               __config_1   0x300001    program     static C:\AltimeterV1\main.c    
              __config_10   0x30000c    program     static C:\AltimeterV1\main.c    
              __config_11   0x30000d    program     static C:\AltimeterV1\main.c    
               __config_2   0x300002    program     static C:\AltimeterV1\main.c    
               __config_3   0x300003    program     static C:\AltimeterV1\main.c    
               __config_4   0x300005    program     static C:\AltimeterV1\main.c    
               __config_5   0x300006    program     static C:\AltimeterV1\main.c    
               __config_6   0x300008    program     static C:\AltimeterV1\main.c    
               __config_7   0x300009    program     static C:\AltimeterV1\main.c    
               __config_8   0x30000a    program     static C:\AltimeterV1\main.c    
               __config_9   0x30000b    program     static C:\AltimeterV1\main.c    
                   __init   0x001846    program     extern C:\MCC18\src\traditional\stdclib\__init.c
                   __pa_0   0x000978    program     static C:\MCC18\src\traditional\stdclib\vfprintf.c
                   __pa_1   0x000980    program     static C:\MCC18\src\traditional\stdclib\vfprintf.c
                  __pa_10   0x000a34    program     static C:\MCC18\src\traditional\stdclib\vfprintf.c
                  __pa_11   0x000a42    program     static C:\MCC18\src\traditional\stdclib\vfprintf.c
                  __pa_12   0x000a58    program     static C:\MCC18\src\traditional\stdclib\vfprintf.c
                  __pa_13   0x000a72    program     static C:\MCC18\src\traditional\stdclib\vfprintf.c
                  __pa_14   0x000a8a    program     static C:\MCC18\src\traditional\stdclib\vfprintf.c
                  __pa_15   0x000a9a    program     static C:\MCC18\src\traditional\stdclib\vfprintf.c
                  __pa_16   0x000ab0    program     static C:\MCC18\src\traditional\stdclib\vfprintf.c
                  __pa_17   0x000ac2    program     static C:\MCC18\src\traditional\stdclib\vfprintf.c
                  __pa_18   0x000ad4    program     static C:\MCC18\src\traditional\stdclib\vfprintf.c
                  __pa_19   0x000ade    program     static C:\MCC18\src\traditional\stdclib\vfprintf.c
                   __pa_2   0x00098a    program     static C:\MCC18\src\traditional\stdclib\vfprintf.c
                  __pa_20   0x000aee    program     static C:\MCC18\src\traditional\stdclib\vfprintf.c
                  __pa_21   0x000afe    program     static C:\MCC18\src\traditional\stdclib\vfprintf.c
                  __pa_22   0x000b0e    program     static C:\MCC18\src\traditional\stdclib\vfprintf.c
                  __pa_23   0x000b1a    program     static C:\MCC18\src\traditional\stdclib\vfprintf.c
                  __pa_24   0x000b28    program     static C:\MCC18\src\traditional\stdclib\vfprintf.c
                  __pa_25   0x000b30    program     static C:\MCC18\src\traditional\stdclib\vfprintf.c
                  __pa_26   0x000b3a    program     static C:\MCC18\src\traditional\stdclib\vfprintf.c
                  __pa_27   0x000b44    program     static C:\MCC18\src\traditional\stdclib\vfprintf.c
                  __pa_28   0x000b4c    program     static C:\MCC18\src\traditional\stdclib\vfprintf.c
                  __pa_29   0x000b5a    program     static C:\MCC18\src\traditional\stdclib\vfprintf.c
                   __pa_3   0x000994    program     static C:\MCC18\src\traditional\stdclib\vfprintf.c
                  __pa_30   0x000b76    program     static C:\MCC18\src\traditional\stdclib\vfprintf.c
                  __pa_31   0x000b90    program     static C:\MCC18\src\traditional\stdclib\vfprintf.c
                  __pa_32   0x000baa    program     static C:\MCC18\src\traditional\stdclib\vfprintf.c
                  __pa_33   0x000bc2    program     static C:\MCC18\src\traditional\stdclib\vfprintf.c
                  __pa_34   0x000bcc    program     static C:\MCC18\src\traditional\stdclib\vfprintf.c
                  __pa_35   0x000bda    program     static C:\MCC18\src\traditional\stdclib\vfprintf.c
                  __pa_36   0x000be2    program     static C:\MCC18\src\traditional\stdclib\vfprintf.c
                  __pa_37   0x000bec    program     static C:\MCC18\src\traditional\stdclib\vfprintf.c
                  __pa_38   0x000bfc    program     static C:\MCC18\src\traditional\stdclib\vfprintf.c
                  __pa_39   0x000c0a    program     static C:\MCC18\src\traditional\stdclib\vfprintf.c
                   __pa_4   0x0009ac    program     static C:\MCC18\src\traditional\stdclib\vfprintf.c
                  __pa_40   0x000c16    program     static C:\MCC18\src\traditional\stdclib\vfprintf.c
                  __pa_41   0x000c22    program     static C:\MCC18\src\traditional\stdclib\vfprintf.c
                  __pa_42   0x000c2a    program     static C:\MCC18\src\traditional\stdclib\vfprintf.c
                  __pa_43   0x000c34    program     static C:\MCC18\src\traditional\stdclib\vfprintf.c
                  __pa_44   0x000c3a    program     static C:\MCC18\src\traditional\stdclib\vfprintf.c
                  __pa_45   0x000c44    program     static C:\MCC18\src\traditional\stdclib\vfprintf.c
                  __pa_46   0x000c50    program     static C:\MCC18\src\traditional\stdclib\vfprintf.c
                   __pa_5   0x0009c0    program     static C:\MCC18\src\traditional\stdclib\vfprintf.c
                   __pa_6   0x0009dc    program     static C:\MCC18\src\traditional\stdclib\vfprintf.c
                   __pa_7   0x0009e6    program     static C:\MCC18\src\traditional\stdclib\vfprintf.c
                   __pa_8   0x0009f2    program     static C:\MCC18\src\traditional\stdclib\vfprintf.c
                   __pa_9   0x000a14    program     static C:\MCC18\src\traditional\stdclib\vfprintf.c
               __string_0   0x001806    program     static C:\AltimeterV1\main.c    
              __tmplbl_42   0x000b0e    program     static                          
              __tmplbl_43   0x000956    program     static                          
              __tmplbl_44   0x00093c    program     static                          
              __tmplbl_85   0x00008e    program     static                          
            __zero_memory   0x001828    program     extern C:\MCC18\src\traditional\proc\p18F4553.asm
                _do_cinit   0x0013a0    program     extern C:\MCC18\src\traditional\startup\c018i.c
                   _entry   0x000000    program     extern C:\MCC18\src\traditional\startup\c018i.c
                   _false   0x001764    program     static                          
                 _startup   0x0017bc    program     extern C:\MCC18\src\traditional\startup\c018i.c
              _usart_putc   0x0017d8    program     extern C:\MCC18\src\pmc_common\USART\_usartpc.asm
               _user_putc   0x001844    program     extern C:\MCC18\src\traditional\stdclib\_user_putc.c
               clear_loop   0x00182e    program     static C:\MCC18\src\traditional\proc\p18F4553.asm
                copy_loop   0x001412    program     static                          
            copy_one_byte   0x001418    program     static                          
                     done   0x00143c    program     static                          
             done_copying   0x001426    program     static                          
                  isdigit   0x001798    program     extern C:\MCC18\src\traditional\stdclib\isdigit.asm
                 jANotInf   0x000ca2    program     static C:\MCC18\src\traditional\math\divFP.asm
                 jANotInf   0x000e2e    program     static C:\MCC18\src\traditional\math\addFP.asm
                 jANotInf   0x000d48    program     static C:\MCC18\src\traditional\math\mulFP.asm
                 jANotNeg   0x000ec2    program     static C:\MCC18\src\traditional\math\addFP.asm
                jANotZero   0x000cb6    program     static C:\MCC18\src\traditional\math\divFP.asm
              jAandWsetup   0x000e92    program     static C:\MCC18\src\traditional\math\addFP.asm
                 jAltBexp   0x000e80    program     static C:\MCC18\src\traditional\math\addFP.asm
                jBANotInf   0x000e24    program     static C:\MCC18\src\traditional\math\addFP.asm
                 jBNotInf   0x000e3c    program     static C:\MCC18\src\traditional\math\addFP.asm
              jBothFinite   0x000d56    program     static C:\MCC18\src\traditional\math\mulFP.asm
             jBothNotZero   0x000d62    program     static C:\MCC18\src\traditional\math\mulFP.asm
            jDifOrPosSign   0x000e50    program     static C:\MCC18\src\traditional\math\addFP.asm
                     jEnd   0x0016d6    program     static C:\MCC18\src\traditional\stdclib\strlen.asm
                     jEnd   0x00170e    program     static C:\MCC18\src\traditional\stdclib\slenpgm.asm
                    jExit   0x000f8e    program     static C:\MCC18\src\traditional\math\castFP16.asm
               jFinalSign   0x000f2a    program     static C:\MCC18\src\traditional\math\addFP.asm
                jHaveZero   0x000d5e    program     static C:\MCC18\src\traditional\math\mulFP.asm
                jI2F16Beg   0x000c6e    program     static C:\MCC18\src\traditional\math\cast16FP.asm
                    jLoop   0x0016f6    program     static C:\MCC18\src\traditional\stdclib\slenpgm.asm
                    jLoop   0x0016cc    program     static C:\MCC18\src\traditional\stdclib\strlen.asm
                    jLoop   0x000cde    program     static C:\MCC18\src\traditional\math\divFP.asm
                    jLoop   0x000f6e    program     static C:\MCC18\src\traditional\math\castFP16.asm
                jLoopExit   0x000f7e    program     static C:\MCC18\src\traditional\math\castFP16.asm
                   jMatch   0x0017b8    program     static C:\MCC18\src\traditional\stdclib\isdigit.asm
                     jMax   0x000f42    program     static C:\MCC18\src\traditional\math\castFP16.asm
                  jMaxNeg   0x000f50    program     static C:\MCC18\src\traditional\math\castFP16.asm
                  jMaxPos   0x000f46    program     static C:\MCC18\src\traditional\math\castFP16.asm
                    jNext   0x000d04    program     static C:\MCC18\src\traditional\math\divFP.asm
                jNoAdjust   0x000d02    program     static C:\MCC18\src\traditional\math\divFP.asm
                 jNoMatch   0x0017ba    program     static C:\MCC18\src\traditional\stdclib\isdigit.asm
             jNotBothZero   0x000e54    program     static C:\MCC18\src\traditional\math\addFP.asm
                  jNotInf   0x000f5e    program     static C:\MCC18\src\traditional\math\castFP16.asm
                  jPkLoop   0x000fd6    program     static C:\MCC18\src\traditional\math\packFP.asm
             jPkRoundDone   0x001020    program     static C:\MCC18\src\traditional\math\packFP.asm
               jPkRoundIt   0x001008    program     static C:\MCC18\src\traditional\math\packFP.asm
             jPkShiftDone   0x000ff2    program     static C:\MCC18\src\traditional\math\packFP.asm
           jReturnPosInf0   0x000fac    program     static C:\MCC18\src\traditional\math\packFP.asm
               jShiftDone   0x000eea    program     static C:\MCC18\src\traditional\math\addFP.asm
               jShiftLoop   0x000edc    program     static C:\MCC18\src\traditional\math\addFP.asm
                jSignDone   0x000f1a    program     static C:\MCC18\src\traditional\math\addFP.asm
              jSignedZero   0x000cac    program     static C:\MCC18\src\traditional\math\divFP.asm
                  jUnpkA1   0x00104a    program     static C:\MCC18\src\traditional\math\UnpackFP.asm
                  jUnpkA2   0x001062    program     static C:\MCC18\src\traditional\math\UnpackFP.asm
                 jUnpkANZ   0x001058    program     static C:\MCC18\src\traditional\math\UnpackFP.asm
                  jUnpkB1   0x00107a    program     static C:\MCC18\src\traditional\math\UnpackFP.asm
                  jUnpkB2   0x001092    program     static C:\MCC18\src\traditional\math\UnpackFP.asm
                 jUnpkBNZ   0x001088    program     static C:\MCC18\src\traditional\math\UnpackFP.asm
                 jUnpkNaN   0x00106c    program     static C:\MCC18\src\traditional\math\UnpackFP.asm
                 jWNotNeg   0x000ed6    program     static C:\MCC18\src\traditional\math\addFP.asm
                    jZero   0x000f58    program     static C:\MCC18\src\traditional\math\castFP16.asm
               jZero1and2   0x000fb0    program     static C:\MCC18\src\traditional\math\packFP.asm
                     loop   0x0017e8    program     static C:\MCC18\src\pmc_common\USART\_usartpc.asm
                     loop   0x0017cc    program     static                          
                     loop   0x001730    program     static                          
                     main   0x0010f6    program     extern C:\AltimeterV1\main.c    
                   printf   0x00143e    program     extern C:\MCC18\src\traditional\stdclib\printf.c
                     putc   0x001560    program     extern C:\MCC18\src\traditional\stdclib\putc.c
                 s_digits   0x001817    program     static C:\MCC18\src\traditional\stdclib\vfprintf.c
            s_put_n_chars   0x000038    program     static C:\MCC18\src\traditional\stdclib\vfprintf.c
                   strlen   0x0016bc    program     extern C:\MCC18\src\traditional\stdclib\strlen.asm
                strlenpgm   0x0016d8    program     extern C:\MCC18\src\traditional\stdclib\slenpgm.asm
                     test   0x0013ba    program     static                          
                 vfprintf   0x000064    program     extern C:\MCC18\src\traditional\stdclib\vfprintf.c
                   ADCON0   0x000fc2       data     extern C:\MCC18\src\traditional\proc\p18F4553.asm
               ADCON0bits   0x000fc2       data     extern C:\MCC18\src\traditional\proc\p18F4553.asm
                   ADCON1   0x000fc1       data     extern C:\MCC18\src\traditional\proc\p18F4553.asm
               ADCON1bits   0x000fc1       data     extern C:\MCC18\src\traditional\proc\p18F4553.asm
                   ADCON2   0x000fc0       data     extern C:\MCC18\src\traditional\proc\p18F4553.asm
               ADCON2bits   0x000fc0       data     extern C:\MCC18\src\traditional\proc\p18F4553.asm
                    ADRES   0x000fc3       data     extern C:\MCC18\src\traditional\proc\p18F4553.asm
                   ADRESH   0x000fc4       data     extern C:\MCC18\src\traditional\proc\p18F4553.asm
                   ADRESL   0x000fc3       data     extern C:\MCC18\src\traditional\proc\p18F4553.asm
                  BAUDCON   0x000fb8       data     extern C:\MCC18\src\traditional\proc\p18F4553.asm
              BAUDCONbits   0x000fb8       data     extern C:\MCC18\src\traditional\proc\p18F4553.asm
                      BSR   0x000fe0       data     extern C:\MCC18\src\traditional\proc\p18F4553.asm
                   CCP1AS   0x000fb6       data     extern C:\MCC18\src\traditional\proc\p18F4553.asm
               CCP1ASbits   0x000fb6       data     extern C:\MCC18\src\traditional\proc\p18F4553.asm
                  CCP1CON   0x000fbd       data     extern C:\MCC18\src\traditional\proc\p18F4553.asm
              CCP1CONbits   0x000fbd       data     extern C:\MCC18\src\traditional\proc\p18F4553.asm
                  CCP1DEL   0x000fb7       data     extern C:\MCC18\src\traditional\proc\p18F4553.asm
              CCP1DELbits   0x000fb7       data     extern C:\MCC18\src\traditional\proc\p18F4553.asm
                  CCP2CON   0x000fba       data     extern C:\MCC18\src\traditional\proc\p18F4553.asm
              CCP2CONbits   0x000fba       data     extern C:\MCC18\src\traditional\proc\p18F4553.asm
                    CCPR1   0x000fbe       data     extern C:\MCC18\src\traditional\proc\p18F4553.asm
                   CCPR1H   0x000fbf       data     extern C:\MCC18\src\traditional\proc\p18F4553.asm
                   CCPR1L   0x000fbe       data     extern C:\MCC18\src\traditional\proc\p18F4553.asm
                    CCPR2   0x000fbb       data     extern C:\MCC18\src\traditional\proc\p18F4553.asm
                   CCPR2H   0x000fbc       data     extern C:\MCC18\src\traditional\proc\p18F4553.asm
                   CCPR2L   0x000fbb       data     extern C:\MCC18\src\traditional\proc\p18F4553.asm
                    CMCON   0x000fb4       data     extern C:\MCC18\src\traditional\proc\p18F4553.asm
                CMCONbits   0x000fb4       data     extern C:\MCC18\src\traditional\proc\p18F4553.asm
                   CVRCON   0x000fb5       data     extern C:\MCC18\src\traditional\proc\p18F4553.asm
               CVRCONbits   0x000fb5       data     extern C:\MCC18\src\traditional\proc\p18F4553.asm
                     DDRA   0x000f92       data     extern C:\MCC18\src\traditional\proc\p18F4553.asm
                 DDRAbits   0x000f92       data     extern C:\MCC18\src\traditional\proc\p18F4553.asm
                     DDRB   0x000f93       data     extern C:\MCC18\src\traditional\proc\p18F4553.asm
                 DDRBbits   0x000f93       data     extern C:\MCC18\src\traditional\proc\p18F4553.asm
                     DDRC   0x000f94       data     extern C:\MCC18\src\traditional\proc\p18F4553.asm
                 DDRCbits   0x000f94       data     extern C:\MCC18\src\traditional\proc\p18F4553.asm
                     DDRD   0x000f95       data     extern C:\MCC18\src\traditional\proc\p18F4553.asm
                 DDRDbits   0x000f95       data     extern C:\MCC18\src\traditional\proc\p18F4553.asm
                     DDRE   0x000f96       data     extern C:\MCC18\src\traditional\proc\p18F4553.asm
                 DDREbits   0x000f96       data     extern C:\MCC18\src\traditional\proc\p18F4553.asm
            DelayCounter1   0x000021       data     extern C:\MCC18\src\traditional\delays\delayd1.asm
            DelayCounter2   0x000020       data     extern C:\MCC18\src\traditional\delays\delayd2.asm
                  ECCP1AS   0x000fb6       data     extern C:\MCC18\src\traditional\proc\p18F4553.asm
              ECCP1ASbits   0x000fb6       data     extern C:\MCC18\src\traditional\proc\p18F4553.asm
                 ECCP1CON   0x000fbd       data     extern C:\MCC18\src\traditional\proc\p18F4553.asm
             ECCP1CONbits   0x000fbd       data     extern C:\MCC18\src\traditional\proc\p18F4553.asm
                 ECCP1DEL   0x000fb7       data     extern C:\MCC18\src\traditional\proc\p18F4553.asm
             ECCP1DELbits   0x000fb7       data     extern C:\MCC18\src\traditional\proc\p18F4553.asm
                    EEADR   0x000fa9       data     extern C:\MCC18\src\traditional\proc\p18F4553.asm
                   EECON1   0x000fa6       data     extern C:\MCC18\src\traditional\proc\p18F4553.asm
               EECON1bits   0x000fa6       data     extern C:\MCC18\src\traditional\proc\p18F4553.asm
                   EECON2   0x000fa7       data     extern C:\MCC18\src\traditional\proc\p18F4553.asm
                   EEDATA   0x000fa8       data     extern C:\MCC18\src\traditional\proc\p18F4553.asm
                     FSR0   0x000fe9       data     extern C:\MCC18\src\traditional\proc\p18F4553.asm
                    FSR0H   0x000fea       data     extern C:\MCC18\src\traditional\proc\p18F4553.asm
                    FSR0L   0x000fe9       data     extern C:\MCC18\src\traditional\proc\p18F4553.asm
                     FSR1   0x000fe1       data     extern C:\MCC18\src\traditional\proc\p18F4553.asm
                    FSR1H   0x000fe2       data     extern C:\MCC18\src\traditional\proc\p18F4553.asm
                    FSR1L   0x000fe1       data     extern C:\MCC18\src\traditional\proc\p18F4553.asm
                     FSR2   0x000fd9       data     extern C:\MCC18\src\traditional\proc\p18F4553.asm
                    FSR2H   0x000fda       data     extern C:\MCC18\src\traditional\proc\p18F4553.asm
                    FSR2L   0x000fd9       data     extern C:\MCC18\src\traditional\proc\p18F4553.asm
                  HLVDCON   0x000fd2       data     extern C:\MCC18\src\traditional\proc\p18F4553.asm
              HLVDCONbits   0x000fd2       data     extern C:\MCC18\src\traditional\proc\p18F4553.asm
                    INDF0   0x000fef       data     extern C:\MCC18\src\traditional\proc\p18F4553.asm
                    INDF1   0x000fe7       data     extern C:\MCC18\src\traditional\proc\p18F4553.asm
                    INDF2   0x000fdf       data     extern C:\MCC18\src\traditional\proc\p18F4553.asm
                   INTCON   0x000ff2       data     extern C:\MCC18\src\traditional\proc\p18F4553.asm
                  INTCON2   0x000ff1       data     extern C:\MCC18\src\traditional\proc\p18F4553.asm
              INTCON2bits   0x000ff1       data     extern C:\MCC18\src\traditional\proc\p18F4553.asm
                  INTCON3   0x000ff0       data     extern C:\MCC18\src\traditional\proc\p18F4553.asm
              INTCON3bits   0x000ff0       data     extern C:\MCC18\src\traditional\proc\p18F4553.asm
               INTCONbits   0x000ff2       data     extern C:\MCC18\src\traditional\proc\p18F4553.asm
                     IPR1   0x000f9f       data     extern C:\MCC18\src\traditional\proc\p18F4553.asm
                 IPR1bits   0x000f9f       data     extern C:\MCC18\src\traditional\proc\p18F4553.asm
                     IPR2   0x000fa2       data     extern C:\MCC18\src\traditional\proc\p18F4553.asm
                 IPR2bits   0x000fa2       data     extern C:\MCC18\src\traditional\proc\p18F4553.asm
                     LATA   0x000f89       data     extern C:\MCC18\src\traditional\proc\p18F4553.asm
                 LATAbits   0x000f89       data     extern C:\MCC18\src\traditional\proc\p18F4553.asm
                     LATB   0x000f8a       data     extern C:\MCC18\src\traditional\proc\p18F4553.asm
                 LATBbits   0x000f8a       data     extern C:\MCC18\src\traditional\proc\p18F4553.asm
                     LATC   0x000f8b       data     extern C:\MCC18\src\traditional\proc\p18F4553.asm
                 LATCbits   0x000f8b       data     extern C:\MCC18\src\traditional\proc\p18F4553.asm
                     LATD   0x000f8c       data     extern C:\MCC18\src\traditional\proc\p18F4553.asm
                 LATDbits   0x000f8c       data     extern C:\MCC18\src\traditional\proc\p18F4553.asm
                     LATE   0x000f8d       data     extern C:\MCC18\src\traditional\proc\p18F4553.asm
                 LATEbits   0x000f8d       data     extern C:\MCC18\src\traditional\proc\p18F4553.asm
                   LVDCON   0x000fd2       data     extern C:\MCC18\src\traditional\proc\p18F4553.asm
               LVDCONbits   0x000fd2       data     extern C:\MCC18\src\traditional\proc\p18F4553.asm
                   OSCCON   0x000fd3       data     extern C:\MCC18\src\traditional\proc\p18F4553.asm
               OSCCONbits   0x000fd3       data     extern C:\MCC18\src\traditional\proc\p18F4553.asm
                  OSCTUNE   0x000f9b       data     extern C:\MCC18\src\traditional\proc\p18F4553.asm
              OSCTUNEbits   0x000f9b       data     extern C:\MCC18\src\traditional\proc\p18F4553.asm
                       PC   0x000ff9       data     extern C:\MCC18\src\traditional\proc\p18F4553.asm
                      PCL   0x000ff9       data     extern C:\MCC18\src\traditional\proc\p18F4553.asm
                   PCLATH   0x000ffa       data     extern C:\MCC18\src\traditional\proc\p18F4553.asm
                   PCLATU   0x000ffb       data     extern C:\MCC18\src\traditional\proc\p18F4553.asm
                     PIE1   0x000f9d       data     extern C:\MCC18\src\traditional\proc\p18F4553.asm
                 PIE1bits   0x000f9d       data     extern C:\MCC18\src\traditional\proc\p18F4553.asm
                     PIE2   0x000fa0       data     extern C:\MCC18\src\traditional\proc\p18F4553.asm
                 PIE2bits   0x000fa0       data     extern C:\MCC18\src\traditional\proc\p18F4553.asm
                     PIR1   0x000f9e       data     extern C:\MCC18\src\traditional\proc\p18F4553.asm
                 PIR1bits   0x000f9e       data     extern C:\MCC18\src\traditional\proc\p18F4553.asm
                     PIR2   0x000fa1       data     extern C:\MCC18\src\traditional\proc\p18F4553.asm
                 PIR2bits   0x000fa1       data     extern C:\MCC18\src\traditional\proc\p18F4553.asm
                   PLUSW0   0x000feb       data     extern C:\MCC18\src\traditional\proc\p18F4553.asm
                   PLUSW1   0x000fe3       data     extern C:\MCC18\src\traditional\proc\p18F4553.asm
                   PLUSW2   0x000fdb       data     extern C:\MCC18\src\traditional\proc\p18F4553.asm
                    PORTA   0x000f80       data     extern C:\MCC18\src\traditional\proc\p18F4553.asm
                PORTAbits   0x000f80       data     extern C:\MCC18\src\traditional\proc\p18F4553.asm
                    PORTB   0x000f81       data     extern C:\MCC18\src\traditional\proc\p18F4553.asm
                PORTBbits   0x000f81       data     extern C:\MCC18\src\traditional\proc\p18F4553.asm
                    PORTC   0x000f82       data     extern C:\MCC18\src\traditional\proc\p18F4553.asm
                PORTCbits   0x000f82       data     extern C:\MCC18\src\traditional\proc\p18F4553.asm
                    PORTD   0x000f83       data     extern C:\MCC18\src\traditional\proc\p18F4553.asm
                PORTDbits   0x000f83       data     extern C:\MCC18\src\traditional\proc\p18F4553.asm
                    PORTE   0x000f84       data     extern C:\MCC18\src\traditional\proc\p18F4553.asm
                PORTEbits   0x000f84       data     extern C:\MCC18\src\traditional\proc\p18F4553.asm
                 POSTDEC0   0x000fed       data     extern C:\MCC18\src\traditional\proc\p18F4553.asm
                 POSTDEC1   0x000fe5       data     extern C:\MCC18\src\traditional\proc\p18F4553.asm
                 POSTDEC2   0x000fdd       data     extern C:\MCC18\src\traditional\proc\p18F4553.asm
                 POSTINC0   0x000fee       data     extern C:\MCC18\src\traditional\proc\p18F4553.asm
                 POSTINC1   0x000fe6       data     extern C:\MCC18\src\traditional\proc\p18F4553.asm
                 POSTINC2   0x000fde       data     extern C:\MCC18\src\traditional\proc\p18F4553.asm
                      PR2   0x000fcb       data     extern C:\MCC18\src\traditional\proc\p18F4553.asm
                  PREINC0   0x000fec       data     extern C:\MCC18\src\traditional\proc\p18F4553.asm
                  PREINC1   0x000fe4       data     extern C:\MCC18\src\traditional\proc\p18F4553.asm
                  PREINC2   0x000fdc       data     extern C:\MCC18\src\traditional\proc\p18F4553.asm
                     PROD   0x000ff3       data     extern C:\MCC18\src\traditional\proc\p18F4553.asm
                    PRODH   0x000ff4       data     extern C:\MCC18\src\traditional\proc\p18F4553.asm
                    PRODL   0x000ff3       data     extern C:\MCC18\src\traditional\proc\p18F4553.asm
                     RCON   0x000fd0       data     extern C:\MCC18\src\traditional\proc\p18F4553.asm
                 RCONbits   0x000fd0       data     extern C:\MCC18\src\traditional\proc\p18F4553.asm
                    RCREG   0x000fae       data     extern C:\MCC18\src\traditional\proc\p18F4553.asm
                    RCSTA   0x000fab       data     extern C:\MCC18\src\traditional\proc\p18F4553.asm
                RCSTAbits   0x000fab       data     extern C:\MCC18\src\traditional\proc\p18F4553.asm
                     SIGN   0x00000e       data     extern C:\MCC18\src\traditional\math\cmath18.asm
                    SPBRG   0x000faf       data     extern C:\MCC18\src\traditional\proc\p18F4553.asm
                   SPBRGH   0x000fb0       data     extern C:\MCC18\src\traditional\proc\p18F4553.asm
                   SPPCFG   0x000f63       data     extern C:\MCC18\src\traditional\proc\p18F4553.asm
               SPPCFGbits   0x000f63       data     extern C:\MCC18\src\traditional\proc\p18F4553.asm
                   SPPCON   0x000f65       data     extern C:\MCC18\src\traditional\proc\p18F4553.asm
               SPPCONbits   0x000f65       data     extern C:\MCC18\src\traditional\proc\p18F4553.asm
                  SPPDATA   0x000f62       data     extern C:\MCC18\src\traditional\proc\p18F4553.asm
                   SPPEPS   0x000f64       data     extern C:\MCC18\src\traditional\proc\p18F4553.asm
               SPPEPSbits   0x000f64       data     extern C:\MCC18\src\traditional\proc\p18F4553.asm
                   SSPADD   0x000fc8       data     extern C:\MCC18\src\traditional\proc\p18F4553.asm
                   SSPBUF   0x000fc9       data     extern C:\MCC18\src\traditional\proc\p18F4553.asm
                  SSPCON1   0x000fc6       data     extern C:\MCC18\src\traditional\proc\p18F4553.asm
              SSPCON1bits   0x000fc6       data     extern C:\MCC18\src\traditional\proc\p18F4553.asm
                  SSPCON2   0x000fc5       data     extern C:\MCC18\src\traditional\proc\p18F4553.asm
              SSPCON2bits   0x000fc5       data     extern C:\MCC18\src\traditional\proc\p18F4553.asm
                  SSPSTAT   0x000fc7       data     extern C:\MCC18\src\traditional\proc\p18F4553.asm
              SSPSTATbits   0x000fc7       data     extern C:\MCC18\src\traditional\proc\p18F4553.asm
                   STATUS   0x000fd8       data     extern C:\MCC18\src\traditional\proc\p18F4553.asm
               STATUSbits   0x000fd8       data     extern C:\MCC18\src\traditional\proc\p18F4553.asm
                   STKPTR   0x000ffc       data     extern C:\MCC18\src\traditional\proc\p18F4553.asm
               STKPTRbits   0x000ffc       data     extern C:\MCC18\src\traditional\proc\p18F4553.asm
                    T0CON   0x000fd5       data     extern C:\MCC18\src\traditional\proc\p18F4553.asm
                T0CONbits   0x000fd5       data     extern C:\MCC18\src\traditional\proc\p18F4553.asm
                    T1CON   0x000fcd       data     extern C:\MCC18\src\traditional\proc\p18F4553.asm
                T1CONbits   0x000fcd       data     extern C:\MCC18\src\traditional\proc\p18F4553.asm
                    T2CON   0x000fca       data     extern C:\MCC18\src\traditional\proc\p18F4553.asm
                T2CONbits   0x000fca       data     extern C:\MCC18\src\traditional\proc\p18F4553.asm
                    T3CON   0x000fb1       data     extern C:\MCC18\src\traditional\proc\p18F4553.asm
                T3CONbits   0x000fb1       data     extern C:\MCC18\src\traditional\proc\p18F4553.asm
                   TABLAT   0x000ff5       data     extern C:\MCC18\src\traditional\proc\p18F4553.asm
                   TBLPTR   0x000ff6       data     extern C:\MCC18\src\traditional\proc\p18F4553.asm
                  TBLPTRH   0x000ff7       data     extern C:\MCC18\src\traditional\proc\p18F4553.asm
                  TBLPTRL   0x000ff6       data     extern C:\MCC18\src\traditional\proc\p18F4553.asm
                  TBLPTRU   0x000ff8       data     extern C:\MCC18\src\traditional\proc\p18F4553.asm
                    TMR0H   0x000fd7       data     extern C:\MCC18\src\traditional\proc\p18F4553.asm
                    TMR0L   0x000fd6       data     extern C:\MCC18\src\traditional\proc\p18F4553.asm
                    TMR1H   0x000fcf       data     extern C:\MCC18\src\traditional\proc\p18F4553.asm
                    TMR1L   0x000fce       data     extern C:\MCC18\src\traditional\proc\p18F4553.asm
                     TMR2   0x000fcc       data     extern C:\MCC18\src\traditional\proc\p18F4553.asm
                    TMR3H   0x000fb3       data     extern C:\MCC18\src\traditional\proc\p18F4553.asm
                    TMR3L   0x000fb2       data     extern C:\MCC18\src\traditional\proc\p18F4553.asm
                      TOS   0x000ffd       data     extern C:\MCC18\src\traditional\proc\p18F4553.asm
                     TOSH   0x000ffe       data     extern C:\MCC18\src\traditional\proc\p18F4553.asm
                     TOSL   0x000ffd       data     extern C:\MCC18\src\traditional\proc\p18F4553.asm
                     TOSU   0x000fff       data     extern C:\MCC18\src\traditional\proc\p18F4553.asm
                    TRISA   0x000f92       data     extern C:\MCC18\src\traditional\proc\p18F4553.asm
                TRISAbits   0x000f92       data     extern C:\MCC18\src\traditional\proc\p18F4553.asm
                    TRISB   0x000f93       data     extern C:\MCC18\src\traditional\proc\p18F4553.asm
                TRISBbits   0x000f93       data     extern C:\MCC18\src\traditional\proc\p18F4553.asm
                    TRISC   0x000f94       data     extern C:\MCC18\src\traditional\proc\p18F4553.asm
                TRISCbits   0x000f94       data     extern C:\MCC18\src\traditional\proc\p18F4553.asm
                    TRISD   0x000f95       data     extern C:\MCC18\src\traditional\proc\p18F4553.asm
                TRISDbits   0x000f95       data     extern C:\MCC18\src\traditional\proc\p18F4553.asm
                    TRISE   0x000f96       data     extern C:\MCC18\src\traditional\proc\p18F4553.asm
                TRISEbits   0x000f96       data     extern C:\MCC18\src\traditional\proc\p18F4553.asm
                    TXREG   0x000fad       data     extern C:\MCC18\src\traditional\proc\p18F4553.asm
                    TXSTA   0x000fac       data     extern C:\MCC18\src\traditional\proc\p18F4553.asm
                TXSTAbits   0x000fac       data     extern C:\MCC18\src\traditional\proc\p18F4553.asm
                    UADDR   0x000f6e       data     extern C:\MCC18\src\traditional\proc\p18F4553.asm
                UADDRbits   0x000f6e       data     extern C:\MCC18\src\traditional\proc\p18F4553.asm
                     UCFG   0x000f6f       data     extern C:\MCC18\src\traditional\proc\p18F4553.asm
                 UCFGbits   0x000f6f       data     extern C:\MCC18\src\traditional\proc\p18F4553.asm
                     UCON   0x000f6d       data     extern C:\MCC18\src\traditional\proc\p18F4553.asm
                 UCONbits   0x000f6d       data     extern C:\MCC18\src\traditional\proc\p18F4553.asm
                     UEIE   0x000f6b       data     extern C:\MCC18\src\traditional\proc\p18F4553.asm
                 UEIEbits   0x000f6b       data     extern C:\MCC18\src\traditional\proc\p18F4553.asm
                     UEIR   0x000f6a       data     extern C:\MCC18\src\traditional\proc\p18F4553.asm
                 UEIRbits   0x000f6a       data     extern C:\MCC18\src\traditional\proc\p18F4553.asm
                     UEP0   0x000f70       data     extern C:\MCC18\src\traditional\proc\p18F4553.asm
                 UEP0bits   0x000f70       data     extern C:\MCC18\src\traditional\proc\p18F4553.asm
                     UEP1   0x000f71       data     extern C:\MCC18\src\traditional\proc\p18F4553.asm
                    UEP10   0x000f7a       data     extern C:\MCC18\src\traditional\proc\p18F4553.asm
                UEP10bits   0x000f7a       data     extern C:\MCC18\src\traditional\proc\p18F4553.asm
                    UEP11   0x000f7b       data     extern C:\MCC18\src\traditional\proc\p18F4553.asm
                UEP11bits   0x000f7b       data     extern C:\MCC18\src\traditional\proc\p18F4553.asm
                    UEP12   0x000f7c       data     extern C:\MCC18\src\traditional\proc\p18F4553.asm
                UEP12bits   0x000f7c       data     extern C:\MCC18\src\traditional\proc\p18F4553.asm
                    UEP13   0x000f7d       data     extern C:\MCC18\src\traditional\proc\p18F4553.asm
                UEP13bits   0x000f7d       data     extern C:\MCC18\src\traditional\proc\p18F4553.asm
                    UEP14   0x000f7e       data     extern C:\MCC18\src\traditional\proc\p18F4553.asm
                UEP14bits   0x000f7e       data     extern C:\MCC18\src\traditional\proc\p18F4553.asm
                    UEP15   0x000f7f       data     extern C:\MCC18\src\traditional\proc\p18F4553.asm
                UEP15bits   0x000f7f       data     extern C:\MCC18\src\traditional\proc\p18F4553.asm
                 UEP1bits   0x000f71       data     extern C:\MCC18\src\traditional\proc\p18F4553.asm
                     UEP2   0x000f72       data     extern C:\MCC18\src\traditional\proc\p18F4553.asm
                 UEP2bits   0x000f72       data     extern C:\MCC18\src\traditional\proc\p18F4553.asm
                     UEP3   0x000f73       data     extern C:\MCC18\src\traditional\proc\p18F4553.asm
                 UEP3bits   0x000f73       data     extern C:\MCC18\src\traditional\proc\p18F4553.asm
                     UEP4   0x000f74       data     extern C:\MCC18\src\traditional\proc\p18F4553.asm
                 UEP4bits   0x000f74       data     extern C:\MCC18\src\traditional\proc\p18F4553.asm
                     UEP5   0x000f75       data     extern C:\MCC18\src\traditional\proc\p18F4553.asm
                 UEP5bits   0x000f75       data     extern C:\MCC18\src\traditional\proc\p18F4553.asm
                     UEP6   0x000f76       data     extern C:\MCC18\src\traditional\proc\p18F4553.asm
                 UEP6bits   0x000f76       data     extern C:\MCC18\src\traditional\proc\p18F4553.asm
                     UEP7   0x000f77       data     extern C:\MCC18\src\traditional\proc\p18F4553.asm
                 UEP7bits   0x000f77       data     extern C:\MCC18\src\traditional\proc\p18F4553.asm
                     UEP8   0x000f78       data     extern C:\MCC18\src\traditional\proc\p18F4553.asm
                 UEP8bits   0x000f78       data     extern C:\MCC18\src\traditional\proc\p18F4553.asm
                     UEP9   0x000f79       data     extern C:\MCC18\src\traditional\proc\p18F4553.asm
                 UEP9bits   0x000f79       data     extern C:\MCC18\src\traditional\proc\p18F4553.asm
                     UFRM   0x000f66       data     extern C:\MCC18\src\traditional\proc\p18F4553.asm
                    UFRMH   0x000f67       data     extern C:\MCC18\src\traditional\proc\p18F4553.asm
                UFRMHbits   0x000f67       data     extern C:\MCC18\src\traditional\proc\p18F4553.asm
                    UFRML   0x000f66       data     extern C:\MCC18\src\traditional\proc\p18F4553.asm
                UFRMLbits   0x000f66       data     extern C:\MCC18\src\traditional\proc\p18F4553.asm
                      UIE   0x000f69       data     extern C:\MCC18\src\traditional\proc\p18F4553.asm
                  UIEbits   0x000f69       data     extern C:\MCC18\src\traditional\proc\p18F4553.asm
                      UIR   0x000f68       data     extern C:\MCC18\src\traditional\proc\p18F4553.asm
                  UIRbits   0x000f68       data     extern C:\MCC18\src\traditional\proc\p18F4553.asm
                    USTAT   0x000f6c       data     extern C:\MCC18\src\traditional\proc\p18F4553.asm
                USTATbits   0x000f6c       data     extern C:\MCC18\src\traditional\proc\p18F4553.asm
                   WDTCON   0x000fd1       data     extern C:\MCC18\src\traditional\proc\p18F4553.asm
               WDTCONbits   0x000fd1       data     extern C:\MCC18\src\traditional\proc\p18F4553.asm
                     WREG   0x000fe8       data     extern C:\MCC18\src\traditional\proc\p18F4553.asm
                 __AARGB0   0x000007       data     extern C:\MCC18\src\traditional\math\aarg.asm
                 __AARGB1   0x000006       data     extern C:\MCC18\src\traditional\math\aarg.asm
                 __AARGB2   0x000005       data     extern C:\MCC18\src\traditional\math\aarg.asm
                 __AARGB3   0x000004       data     extern C:\MCC18\src\traditional\math\aarg.asm
                 __AARGB4   0x000003       data     extern C:\MCC18\src\traditional\math\aarg.asm
                 __AARGB5   0x000002       data     extern C:\MCC18\src\traditional\math\aarg.asm
                 __AARGB6   0x000001       data     extern C:\MCC18\src\traditional\math\aarg.asm
                 __AARGB7   0x000000       data     extern C:\MCC18\src\traditional\math\aarg.asm
                   __AEXP   0x000008       data     extern C:\MCC18\src\traditional\math\aarg.asm
                 __BARGB0   0x00000c       data     extern C:\MCC18\src\traditional\math\barg.asm
                 __BARGB1   0x00000b       data     extern C:\MCC18\src\traditional\math\barg.asm
                 __BARGB2   0x00000a       data     extern C:\MCC18\src\traditional\math\barg.asm
                 __BARGB3   0x000009       data     extern C:\MCC18\src\traditional\math\barg.asm
                   __BEXP   0x00000d       data     extern C:\MCC18\src\traditional\math\barg.asm
                __FPFLAGS   0x00000f       data     extern C:\MCC18\src\traditional\math\cmath18.asm
            __FPFLAGSbits   0x00000f       data     extern C:\MCC18\src\traditional\math\cmath18.asm
                  __REMB0   0x000003       data     extern C:\MCC18\src\traditional\math\aarg.asm
                  __REMB1   0x000002       data     extern C:\MCC18\src\traditional\math\aarg.asm
                  __REMB2   0x000001       data     extern C:\MCC18\src\traditional\math\aarg.asm
                  __REMB3   0x000000       data     extern C:\MCC18\src\traditional\math\aarg.asm
                   __TEMP   0x000013       data     extern C:\MCC18\src\traditional\math\temparg.asm
                 __TEMPB0   0x000013       data     extern C:\MCC18\src\traditional\math\temparg.asm
                 __TEMPB1   0x000012       data     extern C:\MCC18\src\traditional\math\temparg.asm
                 __TEMPB2   0x000011       data     extern C:\MCC18\src\traditional\math\temparg.asm
                 __TEMPB3   0x000010       data     extern C:\MCC18\src\traditional\math\temparg.asm
                  __tmp_0   0x000014       data     static C:\MCC18\src\traditional\stdclib\printf.c
                  __tmp_0   0x000014       data     static C:\MCC18\src\traditional\stdclib\vfprintf.c
                  __tmp_0   0x000014       data     static C:\MCC18\src\traditional\stdclib\putc.c
                  __tmp_0   0x000014       data     static C:\MCC18\src\pmc_common\ADC\adcread.c
                  __tmp_0   0x000014       data     static C:\MCC18\src\pmc_common\USART\uopen.c
                  __tmp_0   0x000014       data     static C:\AltimeterV1\main.c    
                curr_byte   0x000063       data     static C:\MCC18\src\traditional\startup\c018i.c
               curr_entry   0x000065       data     static C:\MCC18\src\traditional\startup\c018i.c
                 data_ptr   0x000067       data     static C:\MCC18\src\traditional\startup\c018i.c
                     prom   0x000060       data     static C:\MCC18\src\traditional\startup\c018i.c
                   stdout   0x00006a       data     extern C:\MCC18\src\traditional\stdclib\stdout.c



                              Symbols - Sorted by Address
                     Name    Address   Location    Storage File                     
                ---------  ---------  ---------  --------- ---------                
                   _entry   0x000000    program     extern C:\MCC18\src\traditional\startup\c018i.c
       ___return_lbl00000   0x000004    program     static                          
            s_put_n_chars   0x000038    program     static C:\MCC18\src\traditional\stdclib\vfprintf.c
                 vfprintf   0x000064    program     extern C:\MCC18\src\traditional\stdclib\vfprintf.c
              __tmplbl_85   0x00008e    program     static                          
              __tmplbl_44   0x00093c    program     static                          
              __tmplbl_43   0x000956    program     static                          
                   __pa_0   0x000978    program     static C:\MCC18\src\traditional\stdclib\vfprintf.c
                   __pa_1   0x000980    program     static C:\MCC18\src\traditional\stdclib\vfprintf.c
                   __pa_2   0x00098a    program     static C:\MCC18\src\traditional\stdclib\vfprintf.c
                   __pa_3   0x000994    program     static C:\MCC18\src\traditional\stdclib\vfprintf.c
                   __pa_4   0x0009ac    program     static C:\MCC18\src\traditional\stdclib\vfprintf.c
                   __pa_5   0x0009c0    program     static C:\MCC18\src\traditional\stdclib\vfprintf.c
                   __pa_6   0x0009dc    program     static C:\MCC18\src\traditional\stdclib\vfprintf.c
                   __pa_7   0x0009e6    program     static C:\MCC18\src\traditional\stdclib\vfprintf.c
                   __pa_8   0x0009f2    program     static C:\MCC18\src\traditional\stdclib\vfprintf.c
                   __pa_9   0x000a14    program     static C:\MCC18\src\traditional\stdclib\vfprintf.c
                  __pa_10   0x000a34    program     static C:\MCC18\src\traditional\stdclib\vfprintf.c
                  __pa_11   0x000a42    program     static C:\MCC18\src\traditional\stdclib\vfprintf.c
                  __pa_12   0x000a58    program     static C:\MCC18\src\traditional\stdclib\vfprintf.c
                  __pa_13   0x000a72    program     static C:\MCC18\src\traditional\stdclib\vfprintf.c
                  __pa_14   0x000a8a    program     static C:\MCC18\src\traditional\stdclib\vfprintf.c
                  __pa_15   0x000a9a    program     static C:\MCC18\src\traditional\stdclib\vfprintf.c
                  __pa_16   0x000ab0    program     static C:\MCC18\src\traditional\stdclib\vfprintf.c
                  __pa_17   0x000ac2    program     static C:\MCC18\src\traditional\stdclib\vfprintf.c
                  __pa_18   0x000ad4    program     static C:\MCC18\src\traditional\stdclib\vfprintf.c
                  __pa_19   0x000ade    program     static C:\MCC18\src\traditional\stdclib\vfprintf.c
                  __pa_20   0x000aee    program     static C:\MCC18\src\traditional\stdclib\vfprintf.c
                  __pa_21   0x000afe    program     static C:\MCC18\src\traditional\stdclib\vfprintf.c
              __tmplbl_42   0x000b0e    program     static                          
                  __pa_22   0x000b0e    program     static C:\MCC18\src\traditional\stdclib\vfprintf.c
                  __pa_23   0x000b1a    program     static C:\MCC18\src\traditional\stdclib\vfprintf.c
                  __pa_24   0x000b28    program     static C:\MCC18\src\traditional\stdclib\vfprintf.c
                  __pa_25   0x000b30    program     static C:\MCC18\src\traditional\stdclib\vfprintf.c
                  __pa_26   0x000b3a    program     static C:\MCC18\src\traditional\stdclib\vfprintf.c
                  __pa_27   0x000b44    program     static C:\MCC18\src\traditional\stdclib\vfprintf.c
                  __pa_28   0x000b4c    program     static C:\MCC18\src\traditional\stdclib\vfprintf.c
                  __pa_29   0x000b5a    program     static C:\MCC18\src\traditional\stdclib\vfprintf.c
                  __pa_30   0x000b76    program     static C:\MCC18\src\traditional\stdclib\vfprintf.c
                  __pa_31   0x000b90    program     static C:\MCC18\src\traditional\stdclib\vfprintf.c
                  __pa_32   0x000baa    program     static C:\MCC18\src\traditional\stdclib\vfprintf.c
                  __pa_33   0x000bc2    program     static C:\MCC18\src\traditional\stdclib\vfprintf.c
                  __pa_34   0x000bcc    program     static C:\MCC18\src\traditional\stdclib\vfprintf.c
                  __pa_35   0x000bda    program     static C:\MCC18\src\traditional\stdclib\vfprintf.c
                  __pa_36   0x000be2    program     static C:\MCC18\src\traditional\stdclib\vfprintf.c
                  __pa_37   0x000bec    program     static C:\MCC18\src\traditional\stdclib\vfprintf.c
                  __pa_38   0x000bfc    program     static C:\MCC18\src\traditional\stdclib\vfprintf.c
                  __pa_39   0x000c0a    program     static C:\MCC18\src\traditional\stdclib\vfprintf.c
                  __pa_40   0x000c16    program     static C:\MCC18\src\traditional\stdclib\vfprintf.c
                  __pa_41   0x000c22    program     static C:\MCC18\src\traditional\stdclib\vfprintf.c
                  __pa_42   0x000c2a    program     static C:\MCC18\src\traditional\stdclib\vfprintf.c
                  __pa_43   0x000c34    program     static C:\MCC18\src\traditional\stdclib\vfprintf.c
                  __pa_44   0x000c3a    program     static C:\MCC18\src\traditional\stdclib\vfprintf.c
                  __pa_45   0x000c44    program     static C:\MCC18\src\traditional\stdclib\vfprintf.c
                  __pa_46   0x000c50    program     static C:\MCC18\src\traditional\stdclib\vfprintf.c
                 FLO1632U   0x000c5a    program     extern C:\MCC18\src\traditional\math\cast16FP.asm
                 FLO1632S   0x000c5e    program     extern C:\MCC18\src\traditional\math\cast16FP.asm
                jI2F16Beg   0x000c6e    program     static C:\MCC18\src\traditional\math\cast16FP.asm
                    FPD32   0x000c84    program     extern C:\MCC18\src\traditional\math\divFP.asm
                 jANotInf   0x000ca2    program     static C:\MCC18\src\traditional\math\divFP.asm
              jSignedZero   0x000cac    program     static C:\MCC18\src\traditional\math\divFP.asm
                jANotZero   0x000cb6    program     static C:\MCC18\src\traditional\math\divFP.asm
                    jLoop   0x000cde    program     static C:\MCC18\src\traditional\math\divFP.asm
                jNoAdjust   0x000d02    program     static C:\MCC18\src\traditional\math\divFP.asm
                    jNext   0x000d04    program     static C:\MCC18\src\traditional\math\divFP.asm
                    FPM32   0x000d2a    program     extern C:\MCC18\src\traditional\math\mulFP.asm
                 jANotInf   0x000d48    program     static C:\MCC18\src\traditional\math\mulFP.asm
              jBothFinite   0x000d56    program     static C:\MCC18\src\traditional\math\mulFP.asm
                jHaveZero   0x000d5e    program     static C:\MCC18\src\traditional\math\mulFP.asm
             jBothNotZero   0x000d62    program     static C:\MCC18\src\traditional\math\mulFP.asm
                    FPS32   0x000e04    program     extern C:\MCC18\src\traditional\math\addFP.asm
                    FPA32   0x000e06    program     extern C:\MCC18\src\traditional\math\addFP.asm
                jBANotInf   0x000e24    program     static C:\MCC18\src\traditional\math\addFP.asm
                 jANotInf   0x000e2e    program     static C:\MCC18\src\traditional\math\addFP.asm
                 jBNotInf   0x000e3c    program     static C:\MCC18\src\traditional\math\addFP.asm
            jDifOrPosSign   0x000e50    program     static C:\MCC18\src\traditional\math\addFP.asm
             jNotBothZero   0x000e54    program     static C:\MCC18\src\traditional\math\addFP.asm
                 jAltBexp   0x000e80    program     static C:\MCC18\src\traditional\math\addFP.asm
              jAandWsetup   0x000e92    program     static C:\MCC18\src\traditional\math\addFP.asm
                 jANotNeg   0x000ec2    program     static C:\MCC18\src\traditional\math\addFP.asm
                 jWNotNeg   0x000ed6    program     static C:\MCC18\src\traditional\math\addFP.asm
               jShiftLoop   0x000edc    program     static C:\MCC18\src\traditional\math\addFP.asm
               jShiftDone   0x000eea    program     static C:\MCC18\src\traditional\math\addFP.asm
                jSignDone   0x000f1a    program     static C:\MCC18\src\traditional\math\addFP.asm
               jFinalSign   0x000f2a    program     static C:\MCC18\src\traditional\math\addFP.asm
                  INT3216   0x000f32    program     extern C:\MCC18\src\traditional\math\castFP16.asm
                     jMax   0x000f42    program     static C:\MCC18\src\traditional\math\castFP16.asm
                  jMaxPos   0x000f46    program     static C:\MCC18\src\traditional\math\castFP16.asm
                  jMaxNeg   0x000f50    program     static C:\MCC18\src\traditional\math\castFP16.asm
                    jZero   0x000f58    program     static C:\MCC18\src\traditional\math\castFP16.asm
                  jNotInf   0x000f5e    program     static C:\MCC18\src\traditional\math\castFP16.asm
                    jLoop   0x000f6e    program     static C:\MCC18\src\traditional\math\castFP16.asm
                jLoopExit   0x000f7e    program     static C:\MCC18\src\traditional\math\castFP16.asm
                    jExit   0x000f8e    program     static C:\MCC18\src\traditional\math\castFP16.asm
            __FpReturnNaN   0x000f90    program     extern C:\MCC18\src\traditional\math\packFP.asm
                 __FpExit   0x000f9c    program     extern C:\MCC18\src\traditional\math\packFP.asm
        __FpReturnSignInf   0x000f9e    program     extern C:\MCC18\src\traditional\math\packFP.asm
         __FpReturnNegInf   0x000fa2    program     extern C:\MCC18\src\traditional\math\packFP.asm
         __FpReturnPosInf   0x000fa8    program     extern C:\MCC18\src\traditional\math\packFP.asm
           jReturnPosInf0   0x000fac    program     static C:\MCC18\src\traditional\math\packFP.asm
               jZero1and2   0x000fb0    program     static C:\MCC18\src\traditional\math\packFP.asm
       __FpReturnSignZero   0x000fb6    program     extern C:\MCC18\src\traditional\math\packFP.asm
        __FpReturnNegZero   0x000fba    program     extern C:\MCC18\src\traditional\math\packFP.asm
        __FpReturnPosZero   0x000fc2    program     extern C:\MCC18\src\traditional\math\packFP.asm
                 __FpPack   0x000fc8    program     extern C:\MCC18\src\traditional\math\packFP.asm
                  jPkLoop   0x000fd6    program     static C:\MCC18\src\traditional\math\packFP.asm
             jPkShiftDone   0x000ff2    program     static C:\MCC18\src\traditional\math\packFP.asm
               jPkRoundIt   0x001008    program     static C:\MCC18\src\traditional\math\packFP.asm
             jPkRoundDone   0x001020    program     static C:\MCC18\src\traditional\math\packFP.asm
              __FpReturnW   0x001020    program     extern C:\MCC18\src\traditional\math\packFP.asm
              __FpUnPackA   0x001040    program     extern C:\MCC18\src\traditional\math\UnpackFP.asm
                  jUnpkA1   0x00104a    program     static C:\MCC18\src\traditional\math\UnpackFP.asm
                 jUnpkANZ   0x001058    program     static C:\MCC18\src\traditional\math\UnpackFP.asm
                  jUnpkA2   0x001062    program     static C:\MCC18\src\traditional\math\UnpackFP.asm
                 jUnpkNaN   0x00106c    program     static C:\MCC18\src\traditional\math\UnpackFP.asm
              __FpUnPackB   0x001070    program     extern C:\MCC18\src\traditional\math\UnpackFP.asm
                  jUnpkB1   0x00107a    program     static C:\MCC18\src\traditional\math\UnpackFP.asm
                 jUnpkBNZ   0x001088    program     static C:\MCC18\src\traditional\math\UnpackFP.asm
                  jUnpkB2   0x001092    program     static C:\MCC18\src\traditional\math\UnpackFP.asm
                 FXM1616S   0x00109c    program     extern C:\MCC18\src\traditional\math\fxm1616s.asm
               TSIGN1616A   0x0010e8    program     static C:\MCC18\src\traditional\math\fxm1616s.asm
                     main   0x0010f6    program     extern C:\AltimeterV1\main.c    
                _do_cinit   0x0013a0    program     extern C:\MCC18\src\traditional\startup\c018i.c
                     test   0x0013ba    program     static                          
                copy_loop   0x001412    program     static                          
            copy_one_byte   0x001418    program     static                          
             done_copying   0x001426    program     static                          
       ___return_lbl00002   0x00143c    program     static                          
                     done   0x00143c    program     static                          
                   printf   0x00143e    program     extern C:\MCC18\src\traditional\stdclib\printf.c
                OpenUSART   0x0014d6    program     extern C:\MCC18\src\pmc_common\USART\uopen.c
                     putc   0x001560    program     extern C:\MCC18\src\traditional\stdclib\putc.c
                  FXM3232   0x0015e4    program     extern C:\MCC18\src\traditional\math\fxm3232.c
       ___return_lbl00000   0x001652    program     static                          
                  OpenADC   0x001654    program     extern C:\MCC18\src\pmc_common\ADC\adcopen.c
                   strlen   0x0016bc    program     extern C:\MCC18\src\traditional\stdclib\strlen.asm
                    jLoop   0x0016cc    program     static C:\MCC18\src\traditional\stdclib\strlen.asm
                     jEnd   0x0016d6    program     static C:\MCC18\src\traditional\stdclib\strlen.asm
                strlenpgm   0x0016d8    program     extern C:\MCC18\src\traditional\stdclib\slenpgm.asm
                    jLoop   0x0016f6    program     static C:\MCC18\src\traditional\stdclib\slenpgm.asm
                   _2jEnd   0x00170c    program     static C:\MCC18\src\traditional\stdclib\slenpgm.asm
                     jEnd   0x00170e    program     static C:\MCC18\src\traditional\stdclib\slenpgm.asm
                 FXD3232U   0x001722    program     extern C:\MCC18\src\traditional\math\fxd3232u.c
                     loop   0x001730    program     static                          
                   _false   0x001764    program     static                          
       ___return_lbl00000   0x001768    program     static                          
             Delay10KTCYx   0x00176a    program     extern C:\MCC18\src\traditional\delays\d10ktcyx.asm
                    D10Kx   0x001774    program     static C:\MCC18\src\traditional\delays\d10ktcyx.asm
                   D10K_1   0x001776    program     static C:\MCC18\src\traditional\delays\d10ktcyx.asm
       _D10KTCYXCODE_0010   0x00177a    program     static C:\MCC18\src\traditional\delays\d10ktcyx.asm
                    D10Kl   0x001782    program     static C:\MCC18\src\traditional\delays\d10ktcyx.asm
       _D10KTCYXCODE_001C   0x001786    program     static C:\MCC18\src\traditional\delays\d10ktcyx.asm
                  isdigit   0x001798    program     extern C:\MCC18\src\traditional\stdclib\isdigit.asm
                   jMatch   0x0017b8    program     static C:\MCC18\src\traditional\stdclib\isdigit.asm
                 jNoMatch   0x0017ba    program     static C:\MCC18\src\traditional\stdclib\isdigit.asm
                 _startup   0x0017bc    program     extern C:\MCC18\src\traditional\startup\c018i.c
                     loop   0x0017cc    program     static                          
       ___return_lbl00001   0x0017d6    program     static                          
              _usart_putc   0x0017d8    program     extern C:\MCC18\src\pmc_common\USART\_usartpc.asm
                     loop   0x0017e8    program     static C:\MCC18\src\pmc_common\USART\_usartpc.asm
                  ReadADC   0x0017f4    program     extern C:\MCC18\src\pmc_common\ADC\adcread.c
               __string_0   0x001806    program     static C:\AltimeterV1\main.c    
                 s_digits   0x001817    program     static C:\MCC18\src\traditional\stdclib\vfprintf.c
            __zero_memory   0x001828    program     extern C:\MCC18\src\traditional\proc\p18F4553.asm
               clear_loop   0x00182e    program     static C:\MCC18\src\traditional\proc\p18F4553.asm
                  BusyADC   0x001836    program     extern C:\MCC18\src\pmc_common\ADC\adcbusy.c
               ConvertADC   0x001840    program     extern C:\MCC18\src\pmc_common\ADC\adcconv.c
               _user_putc   0x001844    program     extern C:\MCC18\src\traditional\stdclib\_user_putc.c
                   __init   0x001846    program     extern C:\MCC18\src\traditional\stdclib\__init.c
               __config_0   0x300000    program     static C:\AltimeterV1\main.c    
               __config_1   0x300001    program     static C:\AltimeterV1\main.c    
               __config_2   0x300002    program     static C:\AltimeterV1\main.c    
               __config_3   0x300003    program     static C:\AltimeterV1\main.c    
               __config_4   0x300005    program     static C:\AltimeterV1\main.c    
               __config_5   0x300006    program     static C:\AltimeterV1\main.c    
               __config_6   0x300008    program     static C:\AltimeterV1\main.c    
               __config_7   0x300009    program     static C:\AltimeterV1\main.c    
               __config_8   0x30000a    program     static C:\AltimeterV1\main.c    
               __config_9   0x30000b    program     static C:\AltimeterV1\main.c    
              __config_10   0x30000c    program     static C:\AltimeterV1\main.c    
              __config_11   0x30000d    program     static C:\AltimeterV1\main.c    
                 __AARGB7   0x000000       data     extern C:\MCC18\src\traditional\math\aarg.asm
                  __REMB3   0x000000       data     extern C:\MCC18\src\traditional\math\aarg.asm
                 __AARGB6   0x000001       data     extern C:\MCC18\src\traditional\math\aarg.asm
                  __REMB2   0x000001       data     extern C:\MCC18\src\traditional\math\aarg.asm
                 __AARGB5   0x000002       data     extern C:\MCC18\src\traditional\math\aarg.asm
                  __REMB1   0x000002       data     extern C:\MCC18\src\traditional\math\aarg.asm
                 __AARGB4   0x000003       data     extern C:\MCC18\src\traditional\math\aarg.asm
                  __REMB0   0x000003       data     extern C:\MCC18\src\traditional\math\aarg.asm
                 __AARGB3   0x000004       data     extern C:\MCC18\src\traditional\math\aarg.asm
                 __AARGB2   0x000005       data     extern C:\MCC18\src\traditional\math\aarg.asm
                 __AARGB1   0x000006       data     extern C:\MCC18\src\traditional\math\aarg.asm
                 __AARGB0   0x000007       data     extern C:\MCC18\src\traditional\math\aarg.asm
                   __AEXP   0x000008       data     extern C:\MCC18\src\traditional\math\aarg.asm
                 __BARGB3   0x000009       data     extern C:\MCC18\src\traditional\math\barg.asm
                 __BARGB2   0x00000a       data     extern C:\MCC18\src\traditional\math\barg.asm
                 __BARGB1   0x00000b       data     extern C:\MCC18\src\traditional\math\barg.asm
                 __BARGB0   0x00000c       data     extern C:\MCC18\src\traditional\math\barg.asm
                   __BEXP   0x00000d       data     extern C:\MCC18\src\traditional\math\barg.asm
                     SIGN   0x00000e       data     extern C:\MCC18\src\traditional\math\cmath18.asm
            __FPFLAGSbits   0x00000f       data     extern C:\MCC18\src\traditional\math\cmath18.asm
                __FPFLAGS   0x00000f       data     extern C:\MCC18\src\traditional\math\cmath18.asm
                 __TEMPB3   0x000010       data     extern C:\MCC18\src\traditional\math\temparg.asm
                 __TEMPB2   0x000011       data     extern C:\MCC18\src\traditional\math\temparg.asm
                 __TEMPB1   0x000012       data     extern C:\MCC18\src\traditional\math\temparg.asm
                   __TEMP   0x000013       data     extern C:\MCC18\src\traditional\math\temparg.asm
                 __TEMPB0   0x000013       data     extern C:\MCC18\src\traditional\math\temparg.asm
                  __tmp_0   0x000014       data     static C:\AltimeterV1\main.c    
                  __tmp_0   0x000014       data     static C:\MCC18\src\pmc_common\USART\uopen.c
                  __tmp_0   0x000014       data     static C:\MCC18\src\pmc_common\ADC\adcread.c
                  __tmp_0   0x000014       data     static C:\MCC18\src\traditional\stdclib\putc.c
                  __tmp_0   0x000014       data     static C:\MCC18\src\traditional\stdclib\vfprintf.c
                  __tmp_0   0x000014       data     static C:\MCC18\src\traditional\stdclib\printf.c
            DelayCounter2   0x000020       data     extern C:\MCC18\src\traditional\delays\delayd2.asm
            DelayCounter1   0x000021       data     extern C:\MCC18\src\traditional\delays\delayd1.asm
                     prom   0x000060       data     static C:\MCC18\src\traditional\startup\c018i.c
                curr_byte   0x000063       data     static C:\MCC18\src\traditional\startup\c018i.c
               curr_entry   0x000065       data     static C:\MCC18\src\traditional\startup\c018i.c
                 data_ptr   0x000067       data     static C:\MCC18\src\traditional\startup\c018i.c
                   stdout   0x00006a       data     extern C:\MCC18\src\traditional\stdclib\stdout.c
                  SPPDATA   0x000f62       data     extern C:\MCC18\src\traditional\proc\p18F4553.asm
               SPPCFGbits   0x000f63       data     extern C:\MCC18\src\traditional\proc\p18F4553.asm
                   SPPCFG   0x000f63       data     extern C:\MCC18\src\traditional\proc\p18F4553.asm
               SPPEPSbits   0x000f64       data     extern C:\MCC18\src\traditional\proc\p18F4553.asm
                   SPPEPS   0x000f64       data     extern C:\MCC18\src\traditional\proc\p18F4553.asm
               SPPCONbits   0x000f65       data     extern C:\MCC18\src\traditional\proc\p18F4553.asm
                   SPPCON   0x000f65       data     extern C:\MCC18\src\traditional\proc\p18F4553.asm
                UFRMLbits   0x000f66       data     extern C:\MCC18\src\traditional\proc\p18F4553.asm
                    UFRML   0x000f66       data     extern C:\MCC18\src\traditional\proc\p18F4553.asm
                     UFRM   0x000f66       data     extern C:\MCC18\src\traditional\proc\p18F4553.asm
                    UFRMH   0x000f67       data     extern C:\MCC18\src\traditional\proc\p18F4553.asm
                UFRMHbits   0x000f67       data     extern C:\MCC18\src\traditional\proc\p18F4553.asm
                  UIRbits   0x000f68       data     extern C:\MCC18\src\traditional\proc\p18F4553.asm
                      UIR   0x000f68       data     extern C:\MCC18\src\traditional\proc\p18F4553.asm
                      UIE   0x000f69       data     extern C:\MCC18\src\traditional\proc\p18F4553.asm
                  UIEbits   0x000f69       data     extern C:\MCC18\src\traditional\proc\p18F4553.asm
                 UEIRbits   0x000f6a       data     extern C:\MCC18\src\traditional\proc\p18F4553.asm
                     UEIR   0x000f6a       data     extern C:\MCC18\src\traditional\proc\p18F4553.asm
[...]
                UEP13bits   0x000f7d       data     extern C:\MCC18\src\traditional\proc\p18F4553.asm
                    UEP13   0x000f7d       data     extern C:\MCC18\src\traditional\proc\p18F4553.asm
                    UEP14   0x000f7e       data     extern C:\MCC18\src\traditional\proc\p18F4553.asm
                UEP14bits   0x000f7e       data     extern C:\MCC18\src\traditional\proc\p18F4553.asm
                UEP15bits   0x000f7f       data     extern C:\MCC18\src\traditional\proc\p18F4553.asm
                    UEP15   0x000f7f       data     extern C:\MCC18\src\traditional\proc\p18F4553.asm
                PORTAbits   0x000f80       data     extern C:\MCC18\src\traditional\proc\p18F4553.asm
                    PORTA   0x000f80       data     extern C:\MCC18\src\traditional\proc\p18F4553.asm
                PORTBbits   0x000f81       data     extern C:\MCC18\src\traditional\proc\p18F4553.asm
                    PORTB   0x000f81       data     extern C:\MCC18\src\traditional\proc\p18F4553.asm
                PORTCbits   0x000f82       data     extern C:\MCC18\src\traditional\proc\p18F4553.asm
                    PORTC   0x000f82       data     extern C:\MCC18\src\traditional\proc\p18F4553.asm
                PORTDbits   0x000f83       data     extern C:\MCC18\src\traditional\proc\p18F4553.asm
                    PORTD   0x000f83       data     extern C:\MCC18\src\traditional\proc\p18F4553.asm
                    PORTE   0x000f84       data     extern C:\MCC18\src\traditional\proc\p18F4553.asm
                PORTEbits   0x000f84       data     extern C:\MCC18\src\traditional\proc\p18F4553.asm
                     LATA   0x000f89       data     extern C:\MCC18\src\traditional\proc\p18F4553.asm
                 LATAbits   0x000f89       data     extern C:\MCC18\src\traditional\proc\p18F4553.asm
                     LATB   0x000f8a       data     extern C:\MCC18\src\traditional\proc\p18F4553.asm
                 LATBbits   0x000f8a       data     extern C:\MCC18\src\traditional\proc\p18F4553.asm
                     LATC   0x000f8b       data     extern C:\MCC18\src\traditional\proc\p18F4553.asm
                 LATCbits   0x000f8b       data     extern C:\MCC18\src\traditional\proc\p18F4553.asm
                     LATD   0x000f8c       data     extern C:\MCC18\src\traditional\proc\p18F4553.asm
                 LATDbits   0x000f8c       data     extern C:\MCC18\src\traditional\proc\p18F4553.asm
                     LATE   0x000f8d       data     extern C:\MCC18\src\traditional\proc\p18F4553.asm
                 LATEbits   0x000f8d       data     extern C:\MCC18\src\traditional\proc\p18F4553.asm
                 DDRAbits   0x000f92       data     extern C:\MCC18\src\traditional\proc\p18F4553.asm
                     DDRA   0x000f92       data     extern C:\MCC18\src\traditional\proc\p18F4553.asm
                    TRISA   0x000f92       data     extern C:\MCC18\src\traditional\proc\p18F4553.asm
                TRISAbits   0x000f92       data     extern C:\MCC18\src\traditional\proc\p18F4553.asm
                 DDRBbits   0x000f93       data     extern C:\MCC18\src\traditional\proc\p18F4553.asm
                     DDRB   0x000f93       data     extern C:\MCC18\src\traditional\proc\p18F4553.asm
                    TRISB   0x000f93       data     extern C:\MCC18\src\traditional\proc\p18F4553.asm
                TRISBbits   0x000f93       data     extern C:\MCC18\src\traditional\proc\p18F4553.asm
                 DDRCbits   0x000f94       data     extern C:\MCC18\src\traditional\proc\p18F4553.asm
                     DDRC   0x000f94       data     extern C:\MCC18\src\traditional\proc\p18F4553.asm
                    TRISC   0x000f94       data     extern C:\MCC18\src\traditional\proc\p18F4553.asm
                TRISCbits   0x000f94       data     extern C:\MCC18\src\traditional\proc\p18F4553.asm
                 DDRDbits   0x000f95       data     extern C:\MCC18\src\traditional\proc\p18F4553.asm
                     DDRD   0x000f95       data     extern C:\MCC18\src\traditional\proc\p18F4553.asm
                    TRISD   0x000f95       data     extern C:\MCC18\src\traditional\proc\p18F4553.asm
                TRISDbits   0x000f95       data     extern C:\MCC18\src\traditional\proc\p18F4553.asm
                     DDRE   0x000f96       data     extern C:\MCC18\src\traditional\proc\p18F4553.asm
                    TRISE   0x000f96       data     extern C:\MCC18\src\traditional\proc\p18F4553.asm
                TRISEbits   0x000f96       data     extern C:\MCC18\src\traditional\proc\p18F4553.asm
                 DDREbits   0x000f96       data     extern C:\MCC18\src\traditional\proc\p18F4553.asm
              OSCTUNEbits   0x000f9b       data     extern C:\MCC18\src\traditional\proc\p18F4553.asm
                  OSCTUNE   0x000f9b       data     extern C:\MCC18\src\traditional\proc\p18F4553.asm
                     PIE1   0x000f9d       data     extern C:\MCC18\src\traditional\proc\p18F4553.asm
                 PIE1bits   0x000f9d       data     extern C:\MCC18\src\traditional\proc\p18F4553.asm
                     PIR1   0x000f9e       data     extern C:\MCC18\src\traditional\proc\p18F4553.asm
                 PIR1bits   0x000f9e       data     extern C:\MCC18\src\traditional\proc\p18F4553.asm
                     IPR1   0x000f9f       data     extern C:\MCC18\src\traditional\proc\p18F4553.asm
                 IPR1bits   0x000f9f       data     extern C:\MCC18\src\traditional\proc\p18F4553.asm
                     PIE2   0x000fa0       data     extern C:\MCC18\src\traditional\proc\p18F4553.asm
                 PIE2bits   0x000fa0       data     extern C:\MCC18\src\traditional\proc\p18F4553.asm
                     PIR2   0x000fa1       data     extern C:\MCC18\src\traditional\proc\p18F4553.asm
                 PIR2bits   0x000fa1       data     extern C:\MCC18\src\traditional\proc\p18F4553.asm
                 IPR2bits   0x000fa2       data     extern C:\MCC18\src\traditional\proc\p18F4553.asm
                     IPR2   0x000fa2       data     extern C:\MCC18\src\traditional\proc\p18F4553.asm
                   EECON1   0x000fa6       data     extern C:\MCC18\src\traditional\proc\p18F4553.asm
               EECON1bits   0x000fa6       data     extern C:\MCC18\src\traditional\proc\p18F4553.asm
                   EECON2   0x000fa7       data     extern C:\MCC18\src\traditional\proc\p18F4553.asm
                   EEDATA   0x000fa8       data     extern C:\MCC18\src\traditional\proc\p18F4553.asm
                    EEADR   0x000fa9       data     extern C:\MCC18\src\traditional\proc\p18F4553.asm
                    RCSTA   0x000fab       data     extern C:\MCC18\src\traditional\proc\p18F4553.asm
                RCSTAbits   0x000fab       data     extern C:\MCC18\src\traditional\proc\p18F4553.asm
                    TXSTA   0x000fac       data     extern C:\MCC18\src\traditional\proc\p18F4553.asm
                TXSTAbits   0x000fac       data     extern C:\MCC18\src\traditional\proc\p18F4553.asm
                    TXREG   0x000fad       data     extern C:\MCC18\src\traditional\proc\p18F4553.asm
                    RCREG   0x000fae       data     extern C:\MCC18\src\traditional\proc\p18F4553.asm
                    SPBRG   0x000faf       data     extern C:\MCC18\src\traditional\proc\p18F4553.asm
                   SPBRGH   0x000fb0       data     extern C:\MCC18\src\traditional\proc\p18F4553.asm
                    T3CON   0x000fb1       data     extern C:\MCC18\src\traditional\proc\p18F4553.asm
                T3CONbits   0x000fb1       data     extern C:\MCC18\src\traditional\proc\p18F4553.asm
                    TMR3L   0x000fb2       data     extern C:\MCC18\src\traditional\proc\p18F4553.asm
                    TMR3H   0x000fb3       data     extern C:\MCC18\src\traditional\proc\p18F4553.asm
                    CMCON   0x000fb4       data     extern C:\MCC18\src\traditional\proc\p18F4553.asm
                CMCONbits   0x000fb4       data     extern C:\MCC18\src\traditional\proc\p18F4553.asm
                   CVRCON   0x000fb5       data     extern C:\MCC18\src\traditional\proc\p18F4553.asm
               CVRCONbits   0x000fb5       data     extern C:\MCC18\src\traditional\proc\p18F4553.asm
                   CCP1AS   0x000fb6       data     extern C:\MCC18\src\traditional\proc\p18F4553.asm
               CCP1ASbits   0x000fb6       data     extern C:\MCC18\src\traditional\proc\p18F4553.asm
              ECCP1ASbits   0x000fb6       data     extern C:\MCC18\src\traditional\proc\p18F4553.asm
                  ECCP1AS   0x000fb6       data     extern C:\MCC18\src\traditional\proc\p18F4553.asm
                  CCP1DEL   0x000fb7       data     extern C:\MCC18\src\traditional\proc\p18F4553.asm
             ECCP1DELbits   0x000fb7       data     extern C:\MCC18\src\traditional\proc\p18F4553.asm
                 ECCP1DEL   0x000fb7       data     extern C:\MCC18\src\traditional\proc\p18F4553.asm
              CCP1DELbits   0x000fb7       data     extern C:\MCC18\src\traditional\proc\p18F4553.asm
                  BAUDCON   0x000fb8       data     extern C:\MCC18\src\traditional\proc\p18F4553.asm
              BAUDCONbits   0x000fb8       data     extern C:\MCC18\src\traditional\proc\p18F4553.asm
              CCP2CONbits   0x000fba       data     extern C:\MCC18\src\traditional\proc\p18F4553.asm
                  CCP2CON   0x000fba       data     extern C:\MCC18\src\traditional\proc\p18F4553.asm
                    CCPR2   0x000fbb       data     extern C:\MCC18\src\traditional\proc\p18F4553.asm
                   CCPR2L   0x000fbb       data     extern C:\MCC18\src\traditional\proc\p18F4553.asm
                   CCPR2H   0x000fbc       data     extern C:\MCC18\src\traditional\proc\p18F4553.asm
                 ECCP1CON   0x000fbd       data     extern C:\MCC18\src\traditional\proc\p18F4553.asm
             ECCP1CONbits   0x000fbd       data     extern C:\MCC18\src\traditional\proc\p18F4553.asm
              CCP1CONbits   0x000fbd       data     extern C:\MCC18\src\traditional\proc\p18F4553.asm
                  CCP1CON   0x000fbd       data     extern C:\MCC18\src\traditional\proc\p18F4553.asm
                   CCPR1L   0x000fbe       data     extern C:\MCC18\src\traditional\proc\p18F4553.asm
                    CCPR1   0x000fbe       data     extern C:\MCC18\src\traditional\proc\p18F4553.asm
                   CCPR1H   0x000fbf       data     extern C:\MCC18\src\traditional\proc\p18F4553.asm
               ADCON2bits   0x000fc0       data     extern C:\MCC18\src\traditional\proc\p18F4553.asm
                   ADCON2   0x000fc0       data     extern C:\MCC18\src\traditional\proc\p18F4553.asm
               ADCON1bits   0x000fc1       data     extern C:\MCC18\src\traditional\proc\p18F4553.asm
                   ADCON1   0x000fc1       data     extern C:\MCC18\src\traditional\proc\p18F4553.asm
               ADCON0bits   0x000fc2       data     extern C:\MCC18\src\traditional\proc\p18F4553.asm
                   ADCON0   0x000fc2       data     extern C:\MCC18\src\traditional\proc\p18F4553.asm
                    ADRES   0x000fc3       data     extern C:\MCC18\src\traditional\proc\p18F4553.asm
                   ADRESL   0x000fc3       data     extern C:\MCC18\src\traditional\proc\p18F4553.asm
                   ADRESH   0x000fc4       data     extern C:\MCC18\src\traditional\proc\p18F4553.asm
                  SSPCON2   0x000fc5       data     extern C:\MCC18\src\traditional\proc\p18F4553.asm
              SSPCON2bits   0x000fc5       data     extern C:\MCC18\src\traditional\proc\p18F4553.asm
              SSPCON1bits   0x000fc6       data     extern C:\MCC18\src\traditional\proc\p18F4553.asm
                  SSPCON1   0x000fc6       data     extern C:\MCC18\src\traditional\proc\p18F4553.asm
                  SSPSTAT   0x000fc7       data     extern C:\MCC18\src\traditional\proc\p18F4553.asm
              SSPSTATbits   0x000fc7       data     extern C:\MCC18\src\traditional\proc\p18F4553.asm
                   SSPADD   0x000fc8       data     extern C:\MCC18\src\traditional\proc\p18F4553.asm
                   SSPBUF   0x000fc9       data     extern C:\MCC18\src\traditional\proc\p18F4553.asm
                    T2CON   0x000fca       data     extern C:\MCC18\src\traditional\proc\p18F4553.asm
                T2CONbits   0x000fca       data     extern C:\MCC18\src\traditional\proc\p18F4553.asm
                      PR2   0x000fcb       data     extern C:\MCC18\src\traditional\proc\p18F4553.asm
                     TMR2   0x000fcc       data     extern C:\MCC18\src\traditional\proc\p18F4553.asm
                T1CONbits   0x000fcd       data     extern C:\MCC18\src\traditional\proc\p18F4553.asm
                    T1CON   0x000fcd       data     extern C:\MCC18\src\traditional\proc\p18F4553.asm
                    TMR1L   0x000fce       data     extern C:\MCC18\src\traditional\proc\p18F4553.asm
                    TMR1H   0x000fcf       data     extern C:\MCC18\src\traditional\proc\p18F4553.asm
                     RCON   0x000fd0       data     extern C:\MCC18\src\traditional\proc\p18F4553.asm
                 RCONbits   0x000fd0       data     extern C:\MCC18\src\traditional\proc\p18F4553.asm
                   WDTCON   0x000fd1       data     extern C:\MCC18\src\traditional\proc\p18F4553.asm
               WDTCONbits   0x000fd1       data     extern C:\MCC18\src\traditional\proc\p18F4553.asm
              HLVDCONbits   0x000fd2       data     extern C:\MCC18\src\traditional\proc\p18F4553.asm
                  HLVDCON   0x000fd2       data     extern C:\MCC18\src\traditional\proc\p18F4553.asm
                   LVDCON   0x000fd2       data     extern C:\MCC18\src\traditional\proc\p18F4553.asm
               LVDCONbits   0x000fd2       data     extern C:\MCC18\src\traditional\proc\p18F4553.asm
                   OSCCON   0x000fd3       data     extern C:\MCC18\src\traditional\proc\p18F4553.asm
               OSCCONbits   0x000fd3       data     extern C:\MCC18\src\traditional\proc\p18F4553.asm
                    T0CON   0x000fd5       data     extern C:\MCC18\src\traditional\proc\p18F4553.asm
                T0CONbits   0x000fd5       data     extern C:\MCC18\src\traditional\proc\p18F4553.asm
                    TMR0L   0x000fd6       data     extern C:\MCC18\src\traditional\proc\p18F4553.asm
                    TMR0H   0x000fd7       data     extern C:\MCC18\src\traditional\proc\p18F4553.asm
                   STATUS   0x000fd8       data     extern C:\MCC18\src\traditional\proc\p18F4553.asm
               STATUSbits   0x000fd8       data     extern C:\MCC18\src\traditional\proc\p18F4553.asm
                    FSR2L   0x000fd9       data     extern C:\MCC18\src\traditional\proc\p18F4553.asm
                     FSR2   0x000fd9       data     extern C:\MCC18\src\traditional\proc\p18F4553.asm
                    FSR2H   0x000fda       data     extern C:\MCC18\src\traditional\proc\p18F4553.asm
                   PLUSW2   0x000fdb       data     extern C:\MCC18\src\traditional\proc\p18F4553.asm
                  PREINC2   0x000fdc       data     extern C:\MCC18\src\traditional\proc\p18F4553.asm
                 POSTDEC2   0x000fdd       data     extern C:\MCC18\src\traditional\proc\p18F4553.asm
                 POSTINC2   0x000fde       data     extern C:\MCC18\src\traditional\proc\p18F4553.asm
                    INDF2   0x000fdf       data     extern C:\MCC18\src\traditional\proc\p18F4553.asm
                      BSR   0x000fe0       data     extern C:\MCC18\src\traditional\proc\p18F4553.asm
                    FSR1L   0x000fe1       data     extern C:\MCC18\src\traditional\proc\p18F4553.asm
                     FSR1   0x000fe1       data     extern C:\MCC18\src\traditional\proc\p18F4553.asm
                    FSR1H   0x000fe2       data     extern C:\MCC18\src\traditional\proc\p18F4553.asm
                   PLUSW1   0x000fe3       data     extern C:\MCC18\src\traditional\proc\p18F4553.asm
                  PREINC1   0x000fe4       data     extern C:\MCC18\src\traditional\proc\p18F4553.asm
                 POSTDEC1   0x000fe5       data     extern C:\MCC18\src\traditional\proc\p18F4553.asm
                 POSTINC1   0x000fe6       data     extern C:\MCC18\src\traditional\proc\p18F4553.asm
                    INDF1   0x000fe7       data     extern C:\MCC18\src\traditional\proc\p18F4553.asm
                     WREG   0x000fe8       data     extern C:\MCC18\src\traditional\proc\p18F4553.asm
                    FSR0L   0x000fe9       data     extern C:\MCC18\src\traditional\proc\p18F4553.asm
                     FSR0   0x000fe9       data     extern C:\MCC18\src\traditional\proc\p18F4553.asm
                    FSR0H   0x000fea       data     extern C:\MCC18\src\traditional\proc\p18F4553.asm
                   PLUSW0   0x000feb       data     extern C:\MCC18\src\traditional\proc\p18F4553.asm
                  PREINC0   0x000fec       data     extern C:\MCC18\src\traditional\proc\p18F4553.asm
                 POSTDEC0   0x000fed       data     extern C:\MCC18\src\traditional\proc\p18F4553.asm
                 POSTINC0   0x000fee       data     extern C:\MCC18\src\traditional\proc\p18F4553.asm
                    INDF0   0x000fef       data     extern C:\MCC18\src\traditional\proc\p18F4553.asm
              INTCON3bits   0x000ff0       data     extern C:\MCC18\src\traditional\proc\p18F4553.asm
                  INTCON3   0x000ff0       data     extern C:\MCC18\src\traditional\proc\p18F4553.asm
                  INTCON2   0x000ff1       data     extern C:\MCC18\src\traditional\proc\p18F4553.asm
              INTCON2bits   0x000ff1       data     extern C:\MCC18\src\traditional\proc\p18F4553.asm
               INTCONbits   0x000ff2       data     extern C:\MCC18\src\traditional\proc\p18F4553.asm
                   INTCON   0x000ff2       data     extern C:\MCC18\src\traditional\proc\p18F4553.asm
                     PROD   0x000ff3       data     extern C:\MCC18\src\traditional\proc\p18F4553.asm
                    PRODL   0x000ff3       data     extern C:\MCC18\src\traditional\proc\p18F4553.asm
                    PRODH   0x000ff4       data     extern C:\MCC18\src\traditional\proc\p18F4553.asm
                   TABLAT   0x000ff5       data     extern C:\MCC18\src\traditional\proc\p18F4553.asm
                  TBLPTRL   0x000ff6       data     extern C:\MCC18\src\traditional\proc\p18F4553.asm
                   TBLPTR   0x000ff6       data     extern C:\MCC18\src\traditional\proc\p18F4553.asm
                  TBLPTRH   0x000ff7       data     extern C:\MCC18\src\traditional\proc\p18F4553.asm
                  TBLPTRU   0x000ff8       data     extern C:\MCC18\src\traditional\proc\p18F4553.asm
                       PC   0x000ff9       data     extern C:\MCC18\src\traditional\proc\p18F4553.asm
                      PCL   0x000ff9       data     extern C:\MCC18\src\traditional\proc\p18F4553.asm
                   PCLATH   0x000ffa       data     extern C:\MCC18\src\traditional\proc\p18F4553.asm
                   PCLATU   0x000ffb       data     extern C:\MCC18\src\traditional\proc\p18F4553.asm
               STKPTRbits   0x000ffc       data     extern C:\MCC18\src\traditional\proc\p18F4553.asm
                   STKPTR   0x000ffc       data     extern C:\MCC18\src\traditional\proc\p18F4553.asm
                      TOS   0x000ffd       data     extern C:\MCC18\src\traditional\proc\p18F4553.asm
                     TOSL   0x000ffd       data     extern C:\MCC18\src\traditional\proc\p18F4553.asm
                     TOSH   0x000ffe       data     extern C:\MCC18\src\traditional\proc\p18F4553.asm
                     TOSU   0x000fff       data     extern C:\MCC18\src\traditional\proc\p18F4553.asm


